#
# There is insufficient memory for the Java Runtime Environment to continue.
# Native memory allocation (mmap) failed to map 130023424 bytes. Error detail: G1 virtual space
# Possible reasons:
#   The system is out of physical RAM or swap space
#   This process is running with CompressedOops enabled, and the Java Heap may be blocking the growth of the native heap
# Possible solutions:
#   Reduce memory load on the system
#   Increase physical memory or swap space
#   Check if swap backing store is full
#   Decrease Java heap size (-Xmx/-Xms)
#   Decrease number of Java threads
#   Decrease Java thread stack sizes (-Xss)
#   Set larger code cache with -XX:ReservedCodeCacheSize=
#   JVM is running with Unscaled Compressed Oops mode in which the Java heap is
#     placed in the first 4GB address space. The Java Heap base address is the
#     maximum limit for the native heap growth. Please use -XX:HeapBaseMinAddress
#     to set the Java Heap base and to place the Java Heap above 4GB virtual address.
# This output file may be truncated or incomplete.
#
#  Out of Memory Error (os_windows.cpp:3618), pid=5648, tid=22312
#
# JRE version:  (17.0.14+7) (build )
# Java VM: OpenJDK 64-Bit Server VM (17.0.14+7, mixed mode, sharing, tiered, compressed oops, compressed class ptrs, g1 gc, windows-amd64)
# No core dump will be written. Minidumps are not enabled by default on client versions of Windows
#

---------------  S U M M A R Y ------------

Command Line: -Dgroovy.home=C:\Users\dell/.groovy -Djava.system.class.loader=groovy.lang.GroovyClassLoader -Xmx2048m -Dfile.encoding=UTF-8 -Dstdout.encoding=UTF-8 -Dstderr.encoding=UTF-8 -XX:+ShowCodeDetailsInExceptionMessages org.codehaus.groovy.tools.GroovyStarter --classpath C:\Users\dell\Katalon Studio\Project\bin\keyword;C:\Users\dell\Katalon Studio\Project\Keywords;C:\Users\dell\Katalon Studio\Project\bin\listener;C:\Users\dell\Katalon Studio\Project\Test Listeners;C:\Users\dell\Katalon Studio\Project\bin\lib;C:\Users\dell\Katalon Studio\Project\Libs;C:\Users\dell\Katalon Studio\Project\bin\groovy;C:\Users\dell\Katalon Studio\Project\Include\scripts\groovy;C:\Users\dell\.katalon\packages\KSE-10.4.3\plugins\com.kms.katalon.core_1.0.0.202512220625.jar;C:\Users\dell\.katalon\packages\KSE-10.4.3\configuration\resources\lib\aalto-xml-1.0.0.jar;C:\Users\dell\.katalon\packages\KSE-10.4.3\configuration\resources\lib\aws-2.20.3-fat.jar;C:\Users\dell\.katalon\packages\KSE-10.4.3\configuration\resources\lib\browsermob-core-2.1.5.jar;C:\Users\dell\.katalon\packages\KSE-10.4.3\configuration\resources\lib\byte-buddy-1.14.3.jar;C:\Users\dell\.katalon\packages\KSE-10.4.3\configuration\resources\lib\byte-buddy-agent-1.14.3.jar;C:\Users\dell\.katalon\packages\KSE-10.4.3\configuration\resources\lib\commons-codec-1.10.jar;C:\Users\dell\.katalon\packages\KSE-10.4.3\configuration\resources\lib\commons-collections4-4.1.jar;C:\Users\dell\.katalon\packages\KSE-10.4.3\configuration\resources\lib\commons-javaflow-20060411.jar;C:\Users\dell\.katalon\packages\KSE-10.4.3\configuration\resources\lib\commons-logging-1.3.4.jar;C:\Users\dell\.katalon\packages\KSE-10.4.3\configuration\resources\lib\curvesapi-1.04.jar;C:\Users\dell\.katalon\packages\KSE-10.4.3\configuration\resources\lib\dnsjava-3.6.2.jar;C:\Users\dell\.katalon\packages\KSE-10.4.3\configuration\resources\lib\ecj-3.21.0.jar;C:\Users\dell\.katalon\packages\KSE-10.4.3\configuration\resources\lib\fontbox-3.0.4.jar;C:\Users\dell\.katalon\packages\KSE-10.4.3\configuration\resources\lib\groovy-3.0.17.jar;C:\Users\dell\.katalon\packages\KSE-10.4.3\configuration\resources\lib\jackson-coreutils-2.0.jar;C:\Users\dell\.katalon\packages\KSE-10.4.3\configuration\resources\lib\jackson-coreutils-equivalence-1.0.jar;C:\Users\dell\.katalon\packages\KSE-10.4.3\configuration\resources\lib\jasperreports-6.20.5.jar;C:\Users\dell\.katalon\packages\KSE-10.4.3\configuration\resources\lib\jasperreports-fonts-6.20.5.jar;C:\Users\dell\.katalon\packages\KSE-10.4.3\configuration\resources\lib\javax.servlet-api_3.1.0.jar;C:\Users\dell\.katalon\packages\KSE-10.4.3\configuration\resources\lib\jna-5.12.1.jar;C:\Users\dell\.katalon\packages\KSE-10.4.3\configuration\resources\lib\jna-platform-5.12.1.jar;C:\Users\dell\.katalon\packages\KSE-10.4.3\configuration\resources\lib\json-schema-core-1.2.14.jar;C:\Users\dell\.katalon\packages\KSE-10.4.3\configuration\resources\lib\json-schema-validator-2.2.14.jar;C:\Users\dell\.katalon\packages\KSE-10.4.3\configuration\resources\lib\jzlib-1.1.3.jar;C:\Users\dell\.katalon\packages\KSE-10.4.3\configuration\resources\lib\kat-server.jar;C:\Users\dell\.katalon\packages\KSE-10.4.3\configuration\resources\lib\littleproxy-1.1.0-beta-bmp-17.jar;C:\Users\dell\.katalon\packages\KSE-10.4.3\configuration\resources\lib\log4j-1.2-api-2.17.1.jar;C:\Users\dell\.katalon\packages\KSE-10.4.3\configuration\resources\lib\log4j-api-2.17.1.jar;C:\Users\dell\.katalon\packages\KSE-10.4.3\configuration\resources\lib\log4j-core-2.17.1.jar;C:\Users\dell\.katalon\packages\KSE-10.4.3\configuration\resources\lib\mitm-2.1.5.jar;C:\Users\dell\.katalon\packages\KSE-10.4.3\configuration\resources\lib\mockito-core-5.2.0.jar;C:\Users\dell\.katalon\packages\KSE-10.4.3\configuration\resources\lib\mockito-inline-5.2.0.jar;C:\Users\dell\.katalon\packages\KSE-10.4.3\configuration\resources\lib\objenesis-3.3.jar;C:\Users\dell\.katalon\packages\KSE-10.4.3\configuration\resources\lib\openpdf-1.3.30.jaspersoft.2.jar;C:\Users\dell\.katalon\packages\KSE-10.4.3\configuration\resources\lib\pdfbox-3.0.4.jar;C:\Users\dell\.katalon\packages\KSE-10.4.3\configuration\resources\lib\pdfbox-io-3.0.4.jar;C:\Users\dell\.katalon\packages\KSE-10.4.3\configuration\resources\lib\poi-3.17.jar;C:\Users\dell\.katalon\packages\KSE-10.4.3\configuration\resources\lib\poi-ooxml-3.17.jar;C:\Users\dell\.katalon\packages\KSE-10.4.3\configuration\resources\lib\poi-ooxml-schemas-3.17.jar;C:\Users\dell\.katalon\packages\KSE-10.4.3\configuration\resources\lib\repackaged-sikuli-api-1.0.2-standalone.jar;C:\Users\dell\.katalon\packages\KSE-10.4.3\configuration\resources\lib\selenium-shutterbug-1.1.jar;C:\Users\dell\.katalon\packages\KSE-10.4.3\configuration\resources\lib\soap-builder-1.0.0.jar;C:\Users\dell\.katalon\packages\KSE-10.4.3\configuration\resources\lib\soap-common-1.0.0.jar;C:\Users\dell\.katalon\packages\KSE-10.4.3\configuration\resources\lib\soap-legacy-1.0.0.jar;C:\Users\dell\.katalon\packages\KSE-10.4.3\configuration\resources\lib\stax2-api-4.0.0.jar;C:\Users\dell\.katalon\packages\KSE-10.4.3\configuration\resources\lib\su.jar;C:\Users\dell\.katalon\packages\KSE-10.4.3\configuration\resources\lib\swagger-parser-1.0.67-fat.jar;C:\Users\dell\.katalon\packages\KSE-10.4.3\configuration\resources\lib\uri-template-0.1.jar;C:\Users\dell\.katalon\packages\KSE-10.4.3\configuration\resources\lib\wadl.jar;C:\Users\dell\.katalon\packages\KSE-10.4.3\configuration\resources\lib\xmlbeans-3.1.0.jar;C:\Users\dell\.katalon\packages\KSE-10.4.3\plugins\net.sf.supercsv.super-csv_2.4.0.jar;C:\Users\dell\.katalon\packages\KSE-10.4.3\plugins\org.apache.commons.commons-io_2.17.0.jar;C:\Users\dell\.katalon\packages\KSE-10.4.3\plugins\org.apache.commons.lang_2.6.0.jar;C:\Users\dell\.katalon\packages\KSE-10.4.3\plugins\com.google.gson_2.11.0.jar;C:\Users\dell\.katalon\packages\KSE-10.4.3\plugins\org.jsoup_1.21.1.jar;C:\Users\dell\.katalon\packages\KSE-10.4.3\plugins\org.apache.commons.dbutils_1.6.0.jar;C:\Users\dell\.katalon\packages\KSE-10.4.3\plugins\com.oracle.database.jdbc.ojdbc11_21.18.0.0.jar;C:\Users\dell\.katalon\packages\KSE-10.4.3\plugins\org.postgresql.jdbc_42.7.7.jar;c:\Users\dell\.katalon\packages\KSE-10.4.3\plugins\org.eclipse.osgi_3.22.0.v20241030-2121.jar;C:\Users\dell\.katalon\packages\KSE-10.4.3\plugins\com.kms.katalon.constant_1.0.0.202512220625.jar;C:\Users\dell\.katalon\packages\KSE-10.4.3\plugins\org.eclipse.persistence.eclipselink_2.7.11.jar;C:\Users\dell\.katalon\packages\KSE-10.4.3\plugins\com.kms.katalon.selenium-standalone_1.0.0.202512220625.jar;C:\Users\dell\.katalon\packages\KSE-10.4.3\plugins\atu.testrecorder.screen-recorder_2.1.0.jar;C:\Users\dell\.katalon\packages\KSE-10.4.3\plugins\com.google.guava_33.4.8.jre.jar;C:\Users\dell\.katalon\packages\KSE-10.4.3\plugins\com.kms.katalon.util_1.0.0.202512220625.jar;C:\Users\dell\.katalon\packages\KSE-10.4.3\plugins\org.apache.httpcomponents.httpclient_4.5.14.jar;C:\Users\dell\.katalon\packages\KSE-10.4.3\plugins\org.apache.httpcomponents.httpcore_4.4.16.jar;C:\Users\dell\.katalon\packages\KSE-10.4.3\plugins\org.apache.httpcomponents.httpmime_4.5.13.jar;C:\Users\dell\.katalon\packages\KSE-10.4.3\plugins\org.apache.commons.lang3_3.18.0.jar;C:\Users\dell\.katalon\packages\KSE-10.4.3\plugins\org.greenrobot.eventbus_3.1.1.jar;C:\Users\dell\.katalon\packages\KSE-10.4.3\plugins\net.bytebuddy.byte-buddy_1.17.6.jar;C:\Users\dell\.katalon\packages\KSE-10.4.3\plugins\org.junit_4.13.2.v20230809-1000.jar;C:\Users\dell\.katalon\packages\KSE-10.4.3\plugins\com.fasterxml.jackson.core.jackson-databind_2.18.4.jar;C:\Users\dell\.katalon\packages\KSE-10.4.3\plugins\com.fasterxml.jackson.core.jackson-core_2.18.4.jar;C:\Users\dell\.katalon\packages\KSE-10.4.3\plugins\com.fasterxml.jackson.core.jackson-annotations_2.18.4.jar;C:\Users\dell\.katalon\packages\KSE-10.4.3\plugins\slf4j.api_2.0.17.jar;C:\Users\dell\.katalon\packages\KSE-10.4.3\plugins\org.fusesource.jansi_1.17.1.jar;C:\Users\dell\.katalon\packages\KSE-10.4.3\plugins\com.kms.katalon.netlightbody_1.0.0.202512220625.jar;C:\Users\dell\.katalon\packages\KSE-10.4.3\plugins\com.kms.katalon.poi_1.0.0.202512220625.jar;C:\Users\dell\.katalon\packages\KSE-10.4.3\plugins\org.apache.commons.commons-text_1.10.0.jar;C:\Users\dell\.katalon\packages\KSE-10.4.3\plugins\com.microsoft.sqlserver.mssql-jdbc_12.6.5.jar;C:\Users\dell\.katalon\packages\KSE-10.4.3\plugins\com.github.kklisura.cdt.java-client_2.1.0.jar;C:\Users\dell\.katalon\packages\KSE-10.4.3\plugins\javax.websocket-api_1.1.0.jar;C:\Users\dell\.katalon\packages\KSE-10.4.3\plugins\org.glassfish.tyrus.container-grizzly-client_1.13.1.jar;C:\Users\dell\.katalon\packages\KSE-10.4.3\plugins\org.glassfish.grizzly.http-server_2.3.25.jar;C:\Users\dell\.katalon\packages\KSE-10.4.3\plugins\org.glassfish.grizzly.framework_2.3.25.jar;C:\Users\dell\.katalon\packages\KSE-10.4.3\plugins\org.glassfish.grizzly.http_2.3.25.jar;C:\Users\dell\.katalon\packages\KSE-10.4.3\plugins\org.glassfish.tyrus.client_1.13.1.jar;C:\Users\dell\.katalon\packages\KSE-10.4.3\plugins\org.glassfish.tyrus.core_1.13.1.jar;C:\Users\dell\.katalon\packages\KSE-10.4.3\plugins\org.glassfish.tyrus.spi_1.13.1.jar;C:\Users\dell\.katalon\packages\KSE-10.4.3\plugins\javassist_3.28.0.GA.jar;C:\Users\dell\.katalon\packages\KSE-10.4.3\plugins\graphql-java_22.3.0.jar;C:\Users\dell\.katalon\packages\KSE-10.4.3\plugins\org.glassfish.jaxb.runtime_2.3.6.jar;C:\Users\dell\.katalon\packages\KSE-10.4.3\plugins\org.glassfish.jaxb.txw2_2.3.6.jar;C:\Users\dell\.katalon\packages\KSE-10.4.3\plugins\org.dom4j_2.1.4.jar;C:\Users\dell\.katalon\packages\KSE-10.4.3\plugins\com.kms.katalon.groovy-extended_1.0.0.202512220625.jar;C:\Users\dell\.katalon\packages\KSE-10.4.3\plugins\com.sun.activation.javax.activation_1.2.0.jar;C:\Users\dell\.katalon\packages\KSE-10.4.3\plugins\jakarta.xml.bind-api_4.0.2.jar;C:\Users\dell\.katalon\packages\KSE-10.4.3\plugins\org.eclipse.jface_3.35.100.v20241003-1431.jar;C:\Users\dell\.katalon\packages\KSE-10.4.3\plugins\com.kms.katalon.logging_1.0.0.202512220625.jar;C:\Users\dell\.katalon\packages\KSE-10.4.3\plugins\json_20240303.0.0.jar;C:\Users\dell\.katalon\packages\KSE-10.4.3\plugins\assertj-core_3.25.3.jar;C:\Users\dell\.katalon\packages\KSE-10.4.3\plugins\com.networknt.json-schema-validator_1.5.7.jar;C:\Users\dell\.katalon\packages\KSE-10.4.3\plugins\com.kms.katalon.network.apache_1.0.0.202512220625.jar;C:\Users\dell\.katalon\packages\KSE-10.4.3\plugins\com.kms.katalon.network.core_1.0.0.202512220625.jar;C:\Users\dell\.katalon\packages\KSE-10.4.3\plugins\java-dataloader_3.3.0.jar;C:\Users\dell\.katalon\packages\KSE-10.4.3\plugins\org.apache.commons.collections_3.2.2.v201511171945.jar;C:\Users\dell\.katalon\packages\KSE-10.4.3\plugins\org.apache.commons.commons-collections4_4.4.0.jar;C:\Users\dell\.katalon\packages\KSE-10.4.3\plugins\org.apache.commons.digester_2.1.0.jar;C:\Users\dell\.katalon\packages\KSE-10.4.3\plugins\stax2-api_4.2.2.jar;C:\Users\dell\.katalon\packages\KSE-10.4.3\plugins\com.fasterxml.woodstox.woodstox-core_6.6.2.jar;C:\Users\dell\.katalon\packages\KSE-10.4.3\plugins\org.apache.commons.logging_1.2.0.v20180409-1502.jar;C:\Users\dell\.katalon\packages\KSE-10.4.3\plugins\org.apache.commons.commons-beanutils_1.11.0.jar;C:\Users\dell\.katalon\packages\KSE-10.4.3\plugins\com.kms.katalon.report.core_1.0.0.202512220625.jar;C:\Users\dell\.katalon\packages\KSE-10.4.3\plugins\org.seleniumhq.selenium.selenium-api_4.34.0.jar;C:\Users\dell\.katalon\packages\KSE-10.4.3\plugins\org.seleniumhq.selenium.selenium-remote-driver_4.34.0.jar;C:\Users\dell\.katalon\packages\KSE-10.4.3\plugins\org.seleniumhq.selenium.selenium-http_4.34.0.jar;C:\Users\dell\.katalon\packages\KSE-10.4.3\plugins\ch.qos.logback.classic_1.5.19.jar;C:\Users\dell\.katalon\packages\KSE-10.4.3\plugins\ch.qos.logback.core_1.5.19.jar;C:\Users\dell\.katalon\packages\KSE-10.4.3\plugins\log4j.over.slf4j_1.7.36.jar;C:\Users\dell\.katalon\packages\KSE-10.4.3\plugins\org.eclipse.e4.core.contexts_1.13.0.v20241014-2013.jar;C:\Users\dell\.katalon\packages\KSE-10.4.3\plugins\com.github.oshi.oshi-core_6.9.1.jar;C:\Users\dell\.katalon\packages\KSE-10.4.3\plugins\com.sun.jna_5.18.1.jar;C:\Users\dell\.katalon\packages\KSE-10.4.3\plugins\com.sun.jna.platform_5.18.1.jar;C:\Users\dell\.katalon\packages\KSE-10.4.3\plugins\org.bidib.com.github.markusbernhardt.proxy-vole_1.1.7.jar;C:\Users\dell\.katalon\packages\KSE-10.4.3\plugins\org.hamcrest.core_1.3.0.jar;C:\Users\dell\.katalon\packages\KSE-10.4.3\plugins\org.beanshell.bsh_2.0.0.0b4.jar;C:\Users\dell\.katalon\packages\KSE-10.4.3\plugins\org.apache.ant.launcher_1.9.6.jar;C:\Users\dell\.katalon\packages\KSE-10.4.3\plugins\org.seleniumhq.selenium.selenium-chrome-driver_4.34.0.jar;C:\Users\dell\.katalon\packages\KSE-10.4.3\plugins\org.seleniumhq.selenium.selenium-chromium-driver_4.34.0.jar;C:\Users\dell\.katalon\packages\KSE-10.4.3\plugins\org.seleniumhq.selenium.selenium-edge-driver_4.34.0.jar;C:\Users\dell\.katalon\packages\KSE-10.4.3\plugins\org.seleniumhq.selenium.selenium-firefox-driver_4.34.0.jar;C:\Users\dell\.katalon\packages\KSE-10.4.3\plugins\org.seleniumhq.selenium.selenium-safari-driver_4.34.0.jar;C:\Users\dell\.katalon\packages\KSE-10.4.3\plugins\org.seleniumhq.selenium.selenium-ie-driver_4.34.0.jar;C:\Users\dell\.katalon\packages\KSE-10.4.3\plugins\org.seleniumhq.selenium.selenium-manager_4.34.0.jar;C:\Users\dell\.katalon\packages\KSE-10.4.3\plugins\org.seleniumhq.selenium.selenium-json_4.34.0.jar;C:\Users\dell\.katalon\packages\KSE-10.4.3\plugins\com.kms.katalon.core.appium_1.0.0.202512220625.jar;C:\Users\dell\.katalon\packages\KSE-10.4.3\plugins\org.seleniumhq.selenium.selenium-os_4.34.0.jar;C:\Users\dell\.katalon\packages\KSE-10.4.3\plugins\io.appium.java-client_9.5.0.jar;C:\Users\dell\.katalon\packages\KSE-10.4.3\plugins\org.eclipse.e4.core.services_2.5.0.v20241015-2219.jar;C:\Users\dell\.katalon\packages\KSE-10.4.3\plugins\org.eclipse.osgi.services_3.12.100.v20240327-0645.jar;C:\Users\dell\.katalon\packages\KSE-10.4.3\plugins\org.eclipse.equinox.common_3.19.200.v20241004-0654.jar;C:\Users\dell\.katalon\packages\KSE-10.4.3\plugins\com.kms.katalon.platform.core_1.0.0.202512220625.jar;C:\Users\dell\.katalon\packages\KSE-10.4.3\plugins\com.kms.katalon.common_1.0.0.202512220625.jar;C:\Users\dell\.katalon\packages\KSE-10.4.3\plugins\com.kms.katalon.session.core_1.0.0.202512220625.jar;C:\Users\dell\.katalon\packages\KSE-10.4.3\plugins\org.eclipse.e4.core.di_1.9.500.v20240606-1236.jar;C:\Users\dell\.katalon\packages\KSE-10.4.3\plugins\com.kms.katalon.execution.core_1.0.0.202512220625.jar;C:\Users\dell\.katalon\packages\KSE-10.4.3\plugins\org.eclipse.equinox.registry_3.12.200.v20241004-0654.jar;C:\Users\dell\.katalon\packages\KSE-10.4.3\plugins\oauth2-oidc-sdk_11.29.1.jar;C:\Users\dell\.katalon\packages\KSE-10.4.3\plugins\dev.failsafe_3.3.2.jar;C:\Users\dell\.katalon\packages\KSE-10.4.3\plugins\com.fasterxml.jackson.datatype.jackson-datatype-jsr310_2.17.2.jar;C:\Users\dell\.katalon\packages\KSE-10.4.3\plugins\org.eclipse.e4.core.di.annotations_1.8.400.v20240413-1529.jar;C:\Users\dell\.katalon\packages\KSE-10.4.3\plugins\net.minidev.json-smart_2.5.2.jar;C:\Users\dell\.katalon\packages\KSE-10.4.3\plugins\com.kms.katalon.core.webui_1.0.0.202512220625.jar;C:\Users\dell\.katalon\packages\KSE-10.4.3\plugins\org.seleniumhq.selenium.selenium-support_4.34.0.jar;C:\Users\dell\.katalon\packages\KSE-10.4.3\plugins\org.seleniumhq.selenium.selenium-devtools-v142_4.38.0.jar;C:\Users\dell\.katalon\packages\KSE-10.4.3\plugins\com.kms.katalon.core.mobile_1.0.0.202512220625.jar;C:\Users\dell\.katalon\packages\KSE-10.4.3\plugins\org.apache.commons.commons-validator_1.7.0.jar;C:\Users\dell\.katalon\packages\KSE-10.4.3\plugins\org.xmlunit.xmlunit-core_2.10.3.jar;C:\Users\dell\.katalon\packages\KSE-10.4.3\plugins\com.kms.katalon.core.cucumber_1.0.0.202512220625.jar;C:\Users\dell\.katalon\packages\KSE-10.4.3\plugins\io.cucumber.core_3.0.3.jar;C:\Users\dell\.katalon\packages\KSE-10.4.3\plugins\io.cucumber.datatable_1.1.16.jar;C:\Users\dell\.katalon\packages\KSE-10.4.3\plugins\io.cucumber.datatable-dependencies_1.1.16.jar;C:\Users\dell\.katalon\packages\KSE-10.4.3\plugins\io.cucumber.expressions_5.0.19.jar;C:\Users\dell\.katalon\packages\KSE-10.4.3\plugins\io.cucumber.gherkin_5.0.0.jar;C:\Users\dell\.katalon\packages\KSE-10.4.3\plugins\io.cucumber.html_0.2.7.jar;C:\Users\dell\.katalon\packages\KSE-10.4.3\plugins\io.cucumber.java_3.0.3.jar;C:\Users\dell\.katalon\packages\KSE-10.4.3\plugins\io.cucumber.tag-expressions_1.1.1.jar;C:\Users\dell\.katalon\packages\KSE-10.4.3\plugins\io.cucumber.junit_3.0.3.jar;C:\Users\dell\.katalon\packages\KSE-10.4.3\plugins\com.kms.katalon.core.webservice_1.0.0.202512220625.jar;C:\Users\dell\.katalon\packages\KSE-10.4.3\plugins\wsdl4j_1.6.2.jar;C:\Users\dell\.katalon\packages\KSE-10.4.3\plugins\com.google.oauth-client.google-oauth-client_1.22.0.jar;C:\Users\dell\.katalon\packages\KSE-10.4.3\plugins\com.google.http-client.google-http-client_1.22.0.jar;C:\Users\dell\.katalon\packages\KSE-10.4.3\plugins\com.kms.katalon.preferences_1.0.0.202512220625.jar;C:\Users\dell\.katalon\packages\KSE-10.4.3\plugins\org.apache.xmlbeans_3.1.0.jar;C:\Users\dell\.katalon\packages\KSE-10.4.3\plugins\com.kms.katalon.entity_1.0.0.202512220625.jar;C:\Users\dell\.katalon\packages\KSE-10.4.3\plugins\jakarta.xml.ws-api_2.3.3.jar;C:\Users\dell\.katalon\packages\KSE-10.4.3\plugins\javax.xml.soap-api_1.4.0.jar;C:\Users\dell\.katalon\packages\KSE-10.4.3\plugins\com.atlassian.oai.swagger-request-validator-core_2.38.0.jar;C:\Users\dell\.katalon\packages\KSE-10.4.3\plugins\io.swagger.compat-spec-parser_1.0.67.jar;C:\Users\dell\.katalon\packages\KSE-10.4.3\plugins\io.swagger.core.v3.swagger-annotations_2.2.14.jar;C:\Users\dell\.katalon\packages\KSE-10.4.3\plugins\io.swagger.core.v3.swagger-core_2.2.14.jar;C:\Users\dell\.katalon\packages\KSE-10.4.3\plugins\io.swagger.core.v3.swagger-models_2.2.14.jar;C:\Users\dell\.katalon\packages\KSE-10.4.3\plugins\io.swagger.parser.v3.swagger-parser-core_2.1.16.jar;C:\Users\dell\.katalon\packages\KSE-10.4.3\plugins\io.swagger.parser.v3.swagger-parser-v2-converter_2.1.16.jar;C:\Users\dell\.katalon\packages\KSE-10.4.3\plugins\com.github.java-json-tools.btf_1.3.0.jar;C:\Users\dell\.katalon\packages\KSE-10.4.3\plugins\com.fasterxml.jackson.dataformat.jackson-dataformat-yaml_2.18.3.jar;C:\Users\dell\.katalon\packages\KSE-10.4.3\plugins\org.yaml.snakeyaml_2.3.0.jar;C:\Users\dell\.katalon\packages\KSE-10.4.3\plugins\com.github.java-json-tools.msg-simple_1.2.0.jar;C:\Users\dell\.katalon\packages\KSE-10.4.3\plugins\jackson-core-asl_1.9.13.jar;C:\Users\dell\.katalon\packages\KSE-10.4.3\plugins\joda-time_2.10.5.jar;C:\Users\dell\.katalon\packages\KSE-10.4.3\plugins\javax.mail-api_1.6.2.jar;C:\Users\dell\.katalon\packages\KSE-10.4.3\plugins\com.googlecode.libphonenumber_8.11.1.jar;C:\Users\dell\.katalon\packages\KSE-10.4.3\plugins\com.google.guava.failureaccess_1.0.3.jar;C:\Users\dell\.katalon\packages\KSE-10.4.3\plugins\io.swagger.parser.v3.swagger-parser_2.1.16.jar;C:\Users\dell\.katalon\packages\KSE-10.4.3\plugins\io.swagger.parser.v3.swagger-parser-v3_2.1.16.jar;C:\Users\dell\.katalon\packages\KSE-10.4.3\plugins\io.swagger.parser_1.0.67.jar;C:\Users\dell\.katalon\packages\KSE-10.4.3\plugins\com.narupley.not-going-to-be-commons-ssl_0.3.20.jar;C:\Users\dell\.katalon\packages\KSE-10.4.3\plugins\com.kms.katalon.core.windows_1.0.0.202512220625.jar;C:\Users\dell\.katalon\packages\KSE-10.4.3\plugins\net.lingala.zip4j_2.11.5.jar;C:\Users\dell\.katalon\packages\KSE-10.4.3\plugins\com.kms.katalon.core.testng_1.0.0.202512220625.jar;C:\Users\dell\.katalon\packages\KSE-10.4.3\plugins\org.testng_7.8.0.jar;C:\Users\dell\.katalon\packages\KSE-10.4.3\plugins\com.beust.jcommander_1.82.0.jar;C:\Users\dell\.katalon\packages\KSE-10.4.3\plugins\org.codehaus.groovy_3.0.23.v202501010125-e2412\lib\groovy-3.0.23-indy.jar;C:\Users\dell\.katalon\packages\KSE-10.4.3\plugins\org.codehaus.groovy_3.0.23.v202501010125-e2412\lib\ivy-2.5.2.jar --main groovy.ui.GroovyMain --encoding UTF-8 --indy C:\Users\dell\Katalon Studio\Project\Libs\TempTestCase1767773418305.groovy

Host: 11th Gen Intel(R) Core(TM) i5-1135G7 @ 2.40GHz, 8 cores, 7G,  Windows 11 , 64 bit Build 26100 (10.0.26100.7309)
Time: Wed Jan  7 13:40:25 2026 India Standard Time elapsed time: 1.255656 seconds (0d 0h 0m 1s)

---------------  T H R E A D  ---------------

Current thread (0x0000020b8a66e070):  JavaThread "Unknown thread" [_thread_in_vm, id=22312, stack(0x000000b239f00000,0x000000b23a000000)]

Stack: [0x000000b239f00000,0x000000b23a000000]
Native frames: (J=compiled Java code, j=interpreted, Vv=VM code, C=native code)
V  [jvm.dll+0x682eb9]
V  [jvm.dll+0x8399c8]
V  [jvm.dll+0x83b473]
V  [jvm.dll+0x83bae3]
V  [jvm.dll+0x24715f]
V  [jvm.dll+0x67fc99]
V  [jvm.dll+0x674b8a]
V  [jvm.dll+0x304c06]
V  [jvm.dll+0x30c0c6]
V  [jvm.dll+0x35dc3e]
V  [jvm.dll+0x35de7d]
V  [jvm.dll+0x2dbfcc]
V  [jvm.dll+0x2dcee4]
V  [jvm.dll+0x80b8db]
V  [jvm.dll+0x36b671]
V  [jvm.dll+0x7ea2cf]
V  [jvm.dll+0x3f226f]
V  [jvm.dll+0x3f3da1]
C  [jli.dll+0x5278]
C  [ucrtbase.dll+0x37b0]
C  [KERNEL32.DLL+0x2e8d7]
C  [ntdll.dll+0x8c53c]


---------------  P R O C E S S  ---------------

Threads class SMR info:
_java_thread_list=0x00007ff89d387f58, length=0, elements={
}

Java Threads: ( => current thread )

Other Threads:
  0x0000020b8a6ccf90 GCTaskThread "GC Thread#0" [stack: 0x000000b23a000000,0x000000b23a100000] [id=18408]
  0x0000020b8a6dee00 ConcurrentGCThread "G1 Main Marker" [stack: 0x000000b23a100000,0x000000b23a200000] [id=27276]
  0x0000020b8a6df730 ConcurrentGCThread "G1 Conc#0" [stack: 0x000000b23a200000,0x000000b23a300000] [id=21776]

[error occurred during error reporting (printing all threads), id 0xc0000005, EXCEPTION_ACCESS_VIOLATION (0xc0000005) at pc=0x00007ff89cb3caf7]

VM state: not at safepoint (not fully initialized)

VM Mutex/Monitor currently owned by a thread:  ([mutex/lock_event])
[0x0000020b8a668170] Heap_lock - owner thread: 0x0000020b8a66e070

Heap address: 0x0000000080000000, size: 2048 MB, Compressed Oops mode: 32-bit

CDS archive(s) mapped at: [0x0000000000000000-0x0000000000000000-0x0000000000000000), size 0, SharedBaseAddress: 0x0000000800000000, ArchiveRelocationMode: 1.
Narrow klass base: 0x0000000000000000, Narrow klass shift: 0, Narrow klass range: 0x0

GC Precious Log:
<Empty>

Heap:
 garbage-first heap   total 0K, used 0K [0x0000000080000000, 0x0000000100000000)
  region size 1024K, 0 young (0K), 0 survivors (0K)

[error occurred during error reporting (printing heap information), id 0xc0000005, EXCEPTION_ACCESS_VIOLATION (0xc0000005) at pc=0x00007ff89cf2c619]

GC Heap History (0 events):
No events

Dll operation events (1 events):
Event: 0.077 Loaded shared library C:\Users\dell\.katalon\packages\KSE-10.4.3\jre\bin\java.dll

Deoptimization events (0 events):
No events

Classes loaded (0 events):
No events

Classes unloaded (0 events):
No events

Classes redefined (0 events):
No events

Internal exceptions (0 events):
No events

VM Operations (0 events):
No events

Memory protections (0 events):
No events

Nmethod flushes (0 events):
No events

Events (0 events):
No events


Dynamic libraries:
0x00007ff7ef650000 - 0x00007ff7ef65e000 	C:\Users\dell\.katalon\packages\KSE-10.4.3\jre\bin\javaw.exe
0x00007ff95e5c0000 - 0x00007ff95e827000 	C:\WINDOWS\SYSTEM32\ntdll.dll
0x00007ff95cdd0000 - 0x00007ff95ce99000 	C:\WINDOWS\System32\KERNEL32.DLL
0x00007ff95bbf0000 - 0x00007ff95bfdf000 	C:\WINDOWS\System32\KERNELBASE.dll
0x00007ff95c160000 - 0x00007ff95c2ab000 	C:\WINDOWS\System32\ucrtbase.dll
0x00007ff947160000 - 0x00007ff947177000 	C:\Users\dell\.katalon\packages\KSE-10.4.3\jre\bin\jli.dll
0x00007ff95c960000 - 0x00007ff95cb25000 	C:\WINDOWS\System32\USER32.dll
0x00007ff95bb00000 - 0x00007ff95bb27000 	C:\WINDOWS\System32\win32u.dll
0x00007ff95d8c0000 - 0x00007ff95d8eb000 	C:\WINDOWS\System32\GDI32.dll
0x00007ff95b7a0000 - 0x00007ff95b8cc000 	C:\WINDOWS\System32\gdi32full.dll
0x00007ff95c2b0000 - 0x00007ff95c353000 	C:\WINDOWS\System32\msvcp_win.dll
0x00007ff945b80000 - 0x00007ff945b9e000 	C:\Users\dell\.katalon\packages\KSE-10.4.3\jre\bin\VCRUNTIME140.dll
0x00007ff93b6a0000 - 0x00007ff93b933000 	C:\WINDOWS\WinSxS\amd64_microsoft.windows.common-controls_6595b64144ccf1df_6.0.26100.7309_none_3e05feeae336a044\COMCTL32.dll
0x00007ff95c550000 - 0x00007ff95c5f9000 	C:\WINDOWS\System32\msvcrt.dll
0x00007ff95cea0000 - 0x00007ff95ced1000 	C:\WINDOWS\System32\IMM32.DLL
0x00007ff948b30000 - 0x00007ff948b3c000 	C:\Users\dell\.katalon\packages\KSE-10.4.3\jre\bin\vcruntime140_1.dll
0x00007ff8fc560000 - 0x00007ff8fc5ed000 	C:\Users\dell\.katalon\packages\KSE-10.4.3\jre\bin\msvcp140.dll
0x00007ff89c850000 - 0x00007ff89d4bb000 	C:\Users\dell\.katalon\packages\KSE-10.4.3\jre\bin\server\jvm.dll
0x00007ff95d3f0000 - 0x00007ff95d4a4000 	C:\WINDOWS\System32\ADVAPI32.dll
0x00007ff95d5f0000 - 0x00007ff95d696000 	C:\WINDOWS\System32\sechost.dll
0x00007ff95d4b0000 - 0x00007ff95d5c8000 	C:\WINDOWS\System32\RPCRT4.dll
0x00007ff95cee0000 - 0x00007ff95cf54000 	C:\WINDOWS\System32\WS2_32.dll
0x00007ff95b570000 - 0x00007ff95b5ce000 	C:\WINDOWS\SYSTEM32\POWRPROF.dll
0x00007ff952d30000 - 0x00007ff952d65000 	C:\WINDOWS\SYSTEM32\WINMM.dll
0x00007ff94ae60000 - 0x00007ff94ae6b000 	C:\WINDOWS\SYSTEM32\VERSION.dll
0x00007ff95b550000 - 0x00007ff95b564000 	C:\WINDOWS\SYSTEM32\UMPDC.dll
0x00007ff95a460000 - 0x00007ff95a47b000 	C:\WINDOWS\SYSTEM32\kernel.appcore.dll
0x00007ff955fc0000 - 0x00007ff955fca000 	C:\Users\dell\.katalon\packages\KSE-10.4.3\jre\bin\jimage.dll
0x00007ff958260000 - 0x00007ff9584a2000 	C:\WINDOWS\SYSTEM32\DBGHELP.DLL
0x00007ff95cf60000 - 0x00007ff95d2e5000 	C:\WINDOWS\System32\combase.dll
0x00007ff95c600000 - 0x00007ff95c6d6000 	C:\WINDOWS\System32\OLEAUT32.dll
0x00007ff9395f0000 - 0x00007ff93962c000 	C:\WINDOWS\SYSTEM32\dbgcore.DLL
0x00007ff95b8d0000 - 0x00007ff95b975000 	C:\WINDOWS\System32\bcryptPrimitives.dll
0x00007ff948980000 - 0x00007ff9489a5000 	C:\Users\dell\.katalon\packages\KSE-10.4.3\jre\bin\java.dll

dbghelp: loaded successfully - version: 4.0.5 - missing functions: none
symbol engine: initialized successfully - sym options: 0x614 - pdb path: .;C:\Users\dell\.katalon\packages\KSE-10.4.3\jre\bin;C:\WINDOWS\SYSTEM32;C:\WINDOWS\WinSxS\amd64_microsoft.windows.common-controls_6595b64144ccf1df_6.0.26100.7309_none_3e05feeae336a044;C:\Users\dell\.katalon\packages\KSE-10.4.3\jre\bin\server

VM Arguments:
jvm_args: -Dgroovy.home=C:\Users\dell/.groovy -Djava.system.class.loader=groovy.lang.GroovyClassLoader -Xmx2048m -Dfile.encoding=UTF-8 -Dstdout.encoding=UTF-8 -Dstderr.encoding=UTF-8 -XX:+ShowCodeDetailsInExceptionMessages 
java_command: org.codehaus.groovy.tools.GroovyStarter --classpath C:\Users\dell\Katalon Studio\Project\bin\keyword;C:\Users\dell\Katalon Studio\Project\Keywords;C:\Users\dell\Katalon Studio\Project\bin\listener;C:\Users\dell\Katalon Studio\Project\Test Listeners;C:\Users\dell\Katalon Studio\Project\bin\lib;C:\Users\dell\Katalon Studio\Project\Libs;C:\Users\dell\Katalon Studio\Project\bin\groovy;C:\Users\dell\Katalon Studio\Project\Include\scripts\groovy;C:\Users\dell\.katalon\packages\KSE-10.4.3\plugins\com.kms.katalon.core_1.0.0.202512220625.jar;C:\Users\dell\.katalon\packages\KSE-10.4.3\configuration\resources\lib\aalto-xml-1.0.0.jar;C:\Users\dell\.katalon\packages\KSE-10.4.3\configuration\resources\lib\aws-2.20.3-fat.jar;C:\Users\dell\.katalon\packages\KSE-10.4.3\configuration\resources\lib\browsermob-core-2.1.5.jar;C:\Users\dell\.katalon\packages\KSE-10.4.3\configuration\resources\lib\byte-buddy-1.14.3.jar;C:\Users\dell\.katalon\packages\KSE-10.4.3\configuration\resources\lib\byte-buddy-agent-1.14.3.jar;C:\Users\dell\.katalon\packages\KSE-10.4.3\configuration\resources\lib\commons-codec-1.10.jar;C:\Users\dell\.katalon\packages\KSE-10.4.3\configuration\resources\lib\commons-collections4-4.1.jar;C:\Users\dell\.katalon\packages\KSE-10.4.3\configuration\resources\lib\commons-javaflow-20060411.jar;C:\Users\dell\.katalon\packages\KSE-10.4.3\configuration\resources\lib\commons-logging-1.3.4.jar;C:\Users\dell\.katalon\packages\KSE-10.4.3\configuration\resources\lib\curvesapi-1.04.jar;C:\Users\dell\.katalon\packages\KSE-10.4.3\configuration\resources\lib\dnsjava-3.6.2.jar;C:\Users\dell\.katalon\packages\KSE-10.4.3\configuration\resources\lib\ecj-3.21.0.jar;C:\Users\dell\.katalon\packages\KSE-10.4.3\configuration\resources\lib\fontbox-3.0.4.jar;C:\Users\dell\.katalon\packages\KSE-10.4.3\configuration\resources\lib\groovy-3.0.17.jar;C:\Users\dell\.katalon\packages\KSE-10.4.3\configuration\resources\lib\jackson-coreutils-2.0.jar;C:\Users\dell\.katalon\packages\KSE-10.4.3\
java_class_path (initial): C:\Users\dell\Katalon Studio\Project\bin\keyword;C:\Users\dell\Katalon Studio\Project\bin\listener;C:\Users\dell\Katalon Studio\Project\bin\lib;C:\Users\dell\Katalon Studio\Project\bin\groovy;C:\Users\dell\Katalon Studio\Project\bin;C:\Users\dell\.katalon\packages\KSE-10.4.3\plugins\com.kms.katalon.core_1.0.0.202512220625.jar;C:\Users\dell\.katalon\packages\KSE-10.4.3\configuration\resources\lib\aalto-xml-1.0.0.jar;C:\Users\dell\.katalon\packages\KSE-10.4.3\configuration\resources\lib\aws-2.20.3-fat.jar;C:\Users\dell\.katalon\packages\KSE-10.4.3\configuration\resources\lib\browsermob-core-2.1.5.jar;C:\Users\dell\.katalon\packages\KSE-10.4.3\configuration\resources\lib\byte-buddy-1.14.3.jar;C:\Users\dell\.katalon\packages\KSE-10.4.3\configuration\resources\lib\byte-buddy-agent-1.14.3.jar;C:\Users\dell\.katalon\packages\KSE-10.4.3\configuration\resources\lib\commons-codec-1.10.jar;C:\Users\dell\.katalon\packages\KSE-10.4.3\configuration\resources\lib\commons-collections4-4.1.jar;C:\Users\dell\.katalon\packages\KSE-10.4.3\configuration\resources\lib\commons-javaflow-20060411.jar;C:\Users\dell\.katalon\packages\KSE-10.4.3\configuration\resources\lib\commons-logging-1.3.4.jar;C:\Users\dell\.katalon\packages\KSE-10.4.3\configuration\resources\lib\curvesapi-1.04.jar;C:\Users\dell\.katalon\packages\KSE-10.4.3\configuration\resources\lib\dnsjava-3.6.2.jar;C:\Users\dell\.katalon\packages\KSE-10.4.3\configuration\resources\lib\ecj-3.21.0.jar;C:\Users\dell\.katalon\packages\KSE-10.4.3\configuration\resources\lib\fontbox-3.0.4.jar;C:\Users\dell\.katalon\packages\KSE-10.4.3\configuration\resources\lib\groovy-3.0.17.jar;C:\Users\dell\.katalon\packages\KSE-10.4.3\configuration\resources\lib\jackson-coreutils-2.0.jar;C:\Users\dell\.katalon\packages\KSE-10.4.3\configuration\resources\lib\jackson-coreutils-equivalence-1.0.jar;C:\Users\dell\.katalon\packages\KSE-10.4.3\configuration\resources\lib\jasperreports-6.20.5.jar;C:\Users\dell\.katalon\packages\KSE-
Launcher Type: SUN_STANDARD

[Global flags]
     intx CICompilerCount                          = 4                                         {product} {ergonomic}
     uint ConcGCThreads                            = 2                                         {product} {ergonomic}
     uint G1ConcRefinementThreads                  = 8                                         {product} {ergonomic}
   size_t G1HeapRegionSize                         = 1048576                                   {product} {ergonomic}
    uintx GCDrainStackTargetSize                   = 64                                        {product} {ergonomic}
   size_t InitialHeapSize                          = 130023424                                 {product} {ergonomic}
   size_t MarkStackSize                            = 4194304                                   {product} {ergonomic}
   size_t MaxHeapSize                              = 2147483648                                {product} {command line}
   size_t MinHeapDeltaBytes                        = 1048576                                   {product} {ergonomic}
   size_t MinHeapSize                              = 8388608                                   {product} {ergonomic}
    uintx NonNMethodCodeHeapSize                   = 5839372                                {pd product} {ergonomic}
    uintx NonProfiledCodeHeapSize                  = 122909434                              {pd product} {ergonomic}
    uintx ProfiledCodeHeapSize                     = 122909434                              {pd product} {ergonomic}
    uintx ReservedCodeCacheSize                    = 251658240                              {pd product} {ergonomic}
     bool SegmentedCodeCache                       = true                                      {product} {ergonomic}
     bool ShowCodeDetailsInExceptionMessages       = true                                   {manageable} {command line}
   size_t SoftMaxHeapSize                          = 2147483648                             {manageable} {ergonomic}
     bool UseCompressedClassPointers               = true                           {product lp64_product} {ergonomic}
     bool UseCompressedOops                        = true                           {product lp64_product} {ergonomic}
     bool UseG1GC                                  = true                                      {product} {ergonomic}
     bool UseLargePagesIndividualAllocation        = false                                  {pd product} {ergonomic}

Logging:
Log output configuration:
 #0: stdout all=warning uptime,level,tags
 #1: stderr all=off uptime,level,tags

Environment Variables:
PATH=C:/Users/dell/.katalon/packages/KSE-10.4.3/jre/bin/server;C:/Users/dell/.katalon/packages/KSE-10.4.3/jre/bin;C:\Python314\Scripts\;C:\Python314\;C:\Program Files\Common Files\Oracle\Java\javapath;C:\Windows\system32;C:\Windows;C:\Windows\System32\Wbem;C:\Windows\System32\WindowsPowerShell\v1.0\;C:\Windows\System32\OpenSSH\;C:\Program Files\NVIDIA Corporation\NVIDIA NvDLISR;C:\WINDOWS\system32;C:\WINDOWS;C:\WINDOWS\System32\Wbem;C:\WINDOWS\System32\WindowsPowerShell\v1.0\;C:\WINDOWS\System32\OpenSSH\;C:\Program Files\Microsoft SQL Server\Client SDK\ODBC\170\Tools\Binn\;C:\Program Files (x86)\Microsoft SQL Server\150\Tools\Binn\;C:\Program Files\Microsoft SQL Server\150\Tools\Binn\;C:\Program Files\Microsoft SQL Server\150\DTS\Binn\;C:\Program Files\dotnet\;C:\oraclexe\sqldeveloper\jdk\jre\bin;C:\Program Files\Java\jdk-11\bin;C:\allure-2.9.0\bin;C:\allure-2.23.1\bin;C:\Users\dell\AppData\Local\Programs\Python\Python311\Scripts;C:\Program Files (x86)\Microsoft SQL Server\110\Tools\Binn\ManagementStudio\;C:\Program Files (x86)\Microsoft SQL Server\110\Tools\Binn\;C:\Program Files (x86)\Microsoft Visual Studio 11.0\Common7\IDE\PrivateAssemblies\;C:\Program Files (x86)\Microsoft SQL Server\110\DTS\Binn\;C:\Program Files\nodejs\;C:\ProgramData\chocolatey\bin;C:\Users\dell\AppData\Local\Microsoft\WindowsApps;;G:\Python\PyCharm Community Edition 2023.1.3\bin;;C:\Users\dell\AppData\Roaming\npm;C:\Users\dell\AppData\Local\Programs\Microsoft VS Code\bin;C:\Users\dell\.katalon\packages\KSE-10.4.3;
USERNAME=dell
OS=Windows_NT
PROCESSOR_IDENTIFIER=Intel64 Family 6 Model 140 Stepping 1, GenuineIntel
TMP=C:\Users\dell\AppData\Local\Temp
TEMP=C:\Users\dell\AppData\Local\Temp



Periodic native trim disabled


---------------  S Y S T E M  ---------------

OS:
 Windows 11 , 64 bit Build 26100 (10.0.26100.7309)
OS uptime: 23 days 0:46 hours

CPU: total 8 (initial active 8) (4 cores per cpu, 2 threads per core) family 6 model 140 stepping 1 microcode 0xbc, cx8, cmov, fxsr, ht, mmx, 3dnowpref, sse, sse2, sse3, ssse3, sse4.1, sse4.2, popcnt, lzcnt, tsc, tscinvbit, avx, avx2, aes, erms, clmul, bmi1, bmi2, adx, avx512f, avx512dq, avx512cd, avx512bw, avx512vl, sha, fma, vzeroupper, avx512_vpopcntdq, avx512_vpclmulqdq, avx512_vaes, avx512_vnni, clflush, clflushopt, clwb, avx512_vbmi2, avx512_vbmi
Processor Information for all 8 processors :
  Max Mhz: 2419, Current Mhz: 2419, Mhz Limit: 2419

Memory: 4k page, system-wide physical 7926M (433M free)
TotalPageFile size 28406M (AvailPageFile size 186M)
current process WorkingSet (physical memory assigned to process): 12M, peak: 12M
current process commit charge ("private bytes"): 60M, peak: 184M

vm_info: OpenJDK 64-Bit Server VM (17.0.14+7) for windows-amd64 JRE (17.0.14+7), built on Jan 21 2025 23:40:15 by "admin" with MS VC++ 17.7 (VS2022)

END.
