#
# There is insufficient memory for the Java Runtime Environment to continue.
# Native memory allocation (malloc) failed to allocate 1452496 bytes. Error detail: Chunk::new
# Possible reasons:
#   The system is out of physical RAM or swap space
#   This process is running with CompressedOops enabled, and the Java Heap may be blocking the growth of the native heap
# Possible solutions:
#   Reduce memory load on the system
#   Increase physical memory or swap space
#   Check if swap backing store is full
#   Decrease Java heap size (-Xmx/-Xms)
#   Decrease number of Java threads
#   Decrease Java thread stack sizes (-Xss)
#   Set larger code cache with -XX:ReservedCodeCacheSize=
#   JVM is running with Unscaled Compressed Oops mode in which the Java heap is
#     placed in the first 4GB address space. The Java Heap base address is the
#     maximum limit for the native heap growth. Please use -XX:HeapBaseMinAddress
#     to set the Java Heap base and to place the Java Heap above 4GB virtual address.
# This output file may be truncated or incomplete.
#
#  Out of Memory Error (arena.cpp:191), pid=29380, tid=14648
#
# JRE version: OpenJDK Runtime Environment Temurin-17.0.14+7 (17.0.14+7) (build 17.0.14+7)
# Java VM: OpenJDK 64-Bit Server VM Temurin-17.0.14+7 (17.0.14+7, mixed mode, tiered, compressed oops, compressed class ptrs, g1 gc, windows-amd64)
# No core dump will be written. Minidumps are not enabled by default on client versions of Windows
#

---------------  S U M M A R Y ------------

Command Line: -Dgroovy.home=C:\Users\dell/.groovy -Djava.system.class.loader=groovy.lang.GroovyClassLoader -Xmx2048m -Dfile.encoding=UTF-8 -Dstdout.encoding=UTF-8 -Dstderr.encoding=UTF-8 -XX:+ShowCodeDetailsInExceptionMessages org.codehaus.groovy.tools.GroovyStarter --classpath C:\Users\dell\Katalon Studio\Project\bin\keyword;C:\Users\dell\Katalon Studio\Project\Keywords;C:\Users\dell\Katalon Studio\Project\bin\listener;C:\Users\dell\Katalon Studio\Project\Test Listeners;C:\Users\dell\Katalon Studio\Project\bin\lib;C:\Users\dell\Katalon Studio\Project\Libs;C:\Users\dell\Katalon Studio\Project\bin\groovy;C:\Users\dell\Katalon Studio\Project\Include\scripts\groovy;C:\Users\dell\.katalon\packages\KSE-10.4.3\plugins\com.kms.katalon.core_1.0.0.202512220625.jar;C:\Users\dell\.katalon\packages\KSE-10.4.3\configuration\resources\lib\aalto-xml-1.0.0.jar;C:\Users\dell\.katalon\packages\KSE-10.4.3\configuration\resources\lib\aws-2.20.3-fat.jar;C:\Users\dell\.katalon\packages\KSE-10.4.3\configuration\resources\lib\browsermob-core-2.1.5.jar;C:\Users\dell\.katalon\packages\KSE-10.4.3\configuration\resources\lib\byte-buddy-1.14.3.jar;C:\Users\dell\.katalon\packages\KSE-10.4.3\configuration\resources\lib\byte-buddy-agent-1.14.3.jar;C:\Users\dell\.katalon\packages\KSE-10.4.3\configuration\resources\lib\commons-codec-1.10.jar;C:\Users\dell\.katalon\packages\KSE-10.4.3\configuration\resources\lib\commons-collections4-4.1.jar;C:\Users\dell\.katalon\packages\KSE-10.4.3\configuration\resources\lib\commons-javaflow-20060411.jar;C:\Users\dell\.katalon\packages\KSE-10.4.3\configuration\resources\lib\commons-logging-1.3.4.jar;C:\Users\dell\.katalon\packages\KSE-10.4.3\configuration\resources\lib\curvesapi-1.04.jar;C:\Users\dell\.katalon\packages\KSE-10.4.3\configuration\resources\lib\dnsjava-3.6.2.jar;C:\Users\dell\.katalon\packages\KSE-10.4.3\configuration\resources\lib\ecj-3.21.0.jar;C:\Users\dell\.katalon\packages\KSE-10.4.3\configuration\resources\lib\fontbox-3.0.4.jar;C:\Users\dell\.katalon\packages\KSE-10.4.3\configuration\resources\lib\groovy-3.0.17.jar;C:\Users\dell\.katalon\packages\KSE-10.4.3\configuration\resources\lib\jackson-coreutils-2.0.jar;C:\Users\dell\.katalon\packages\KSE-10.4.3\configuration\resources\lib\jackson-coreutils-equivalence-1.0.jar;C:\Users\dell\.katalon\packages\KSE-10.4.3\configuration\resources\lib\jasperreports-6.20.5.jar;C:\Users\dell\.katalon\packages\KSE-10.4.3\configuration\resources\lib\jasperreports-fonts-6.20.5.jar;C:\Users\dell\.katalon\packages\KSE-10.4.3\configuration\resources\lib\javax.servlet-api_3.1.0.jar;C:\Users\dell\.katalon\packages\KSE-10.4.3\configuration\resources\lib\jna-5.12.1.jar;C:\Users\dell\.katalon\packages\KSE-10.4.3\configuration\resources\lib\jna-platform-5.12.1.jar;C:\Users\dell\.katalon\packages\KSE-10.4.3\configuration\resources\lib\json-schema-core-1.2.14.jar;C:\Users\dell\.katalon\packages\KSE-10.4.3\configuration\resources\lib\json-schema-validator-2.2.14.jar;C:\Users\dell\.katalon\packages\KSE-10.4.3\configuration\resources\lib\jzlib-1.1.3.jar;C:\Users\dell\.katalon\packages\KSE-10.4.3\configuration\resources\lib\kat-server.jar;C:\Users\dell\.katalon\packages\KSE-10.4.3\configuration\resources\lib\littleproxy-1.1.0-beta-bmp-17.jar;C:\Users\dell\.katalon\packages\KSE-10.4.3\configuration\resources\lib\log4j-1.2-api-2.17.1.jar;C:\Users\dell\.katalon\packages\KSE-10.4.3\configuration\resources\lib\log4j-api-2.17.1.jar;C:\Users\dell\.katalon\packages\KSE-10.4.3\configuration\resources\lib\log4j-core-2.17.1.jar;C:\Users\dell\.katalon\packages\KSE-10.4.3\configuration\resources\lib\mitm-2.1.5.jar;C:\Users\dell\.katalon\packages\KSE-10.4.3\configuration\resources\lib\mockito-core-5.2.0.jar;C:\Users\dell\.katalon\packages\KSE-10.4.3\configuration\resources\lib\mockito-inline-5.2.0.jar;C:\Users\dell\.katalon\packages\KSE-10.4.3\configuration\resources\lib\objenesis-3.3.jar;C:\Users\dell\.katalon\packages\KSE-10.4.3\configuration\resources\lib\openpdf-1.3.30.jaspersoft.2.jar;C:\Users\dell\.katalon\packages\KSE-10.4.3\configuration\resources\lib\pdfbox-3.0.4.jar;C:\Users\dell\.katalon\packages\KSE-10.4.3\configuration\resources\lib\pdfbox-io-3.0.4.jar;C:\Users\dell\.katalon\packages\KSE-10.4.3\configuration\resources\lib\poi-3.17.jar;C:\Users\dell\.katalon\packages\KSE-10.4.3\configuration\resources\lib\poi-ooxml-3.17.jar;C:\Users\dell\.katalon\packages\KSE-10.4.3\configuration\resources\lib\poi-ooxml-schemas-3.17.jar;C:\Users\dell\.katalon\packages\KSE-10.4.3\configuration\resources\lib\repackaged-sikuli-api-1.0.2-standalone.jar;C:\Users\dell\.katalon\packages\KSE-10.4.3\configuration\resources\lib\selenium-shutterbug-1.1.jar;C:\Users\dell\.katalon\packages\KSE-10.4.3\configuration\resources\lib\soap-builder-1.0.0.jar;C:\Users\dell\.katalon\packages\KSE-10.4.3\configuration\resources\lib\soap-common-1.0.0.jar;C:\Users\dell\.katalon\packages\KSE-10.4.3\configuration\resources\lib\soap-legacy-1.0.0.jar;C:\Users\dell\.katalon\packages\KSE-10.4.3\configuration\resources\lib\stax2-api-4.0.0.jar;C:\Users\dell\.katalon\packages\KSE-10.4.3\configuration\resources\lib\su.jar;C:\Users\dell\.katalon\packages\KSE-10.4.3\configuration\resources\lib\swagger-parser-1.0.67-fat.jar;C:\Users\dell\.katalon\packages\KSE-10.4.3\configuration\resources\lib\uri-template-0.1.jar;C:\Users\dell\.katalon\packages\KSE-10.4.3\configuration\resources\lib\wadl.jar;C:\Users\dell\.katalon\packages\KSE-10.4.3\configuration\resources\lib\xmlbeans-3.1.0.jar;C:\Users\dell\.katalon\packages\KSE-10.4.3\plugins\net.sf.supercsv.super-csv_2.4.0.jar;C:\Users\dell\.katalon\packages\KSE-10.4.3\plugins\org.apache.commons.commons-io_2.17.0.jar;C:\Users\dell\.katalon\packages\KSE-10.4.3\plugins\org.apache.commons.lang_2.6.0.jar;C:\Users\dell\.katalon\packages\KSE-10.4.3\plugins\com.google.gson_2.11.0.jar;C:\Users\dell\.katalon\packages\KSE-10.4.3\plugins\org.jsoup_1.21.1.jar;C:\Users\dell\.katalon\packages\KSE-10.4.3\plugins\org.apache.commons.dbutils_1.6.0.jar;C:\Users\dell\.katalon\packages\KSE-10.4.3\plugins\com.oracle.database.jdbc.ojdbc11_21.18.0.0.jar;C:\Users\dell\.katalon\packages\KSE-10.4.3\plugins\org.postgresql.jdbc_42.7.7.jar;c:\Users\dell\.katalon\packages\KSE-10.4.3\plugins\org.eclipse.osgi_3.22.0.v20241030-2121.jar;C:\Users\dell\.katalon\packages\KSE-10.4.3\plugins\com.kms.katalon.constant_1.0.0.202512220625.jar;C:\Users\dell\.katalon\packages\KSE-10.4.3\plugins\org.eclipse.persistence.eclipselink_2.7.11.jar;C:\Users\dell\.katalon\packages\KSE-10.4.3\plugins\com.kms.katalon.selenium-standalone_1.0.0.202512220625.jar;C:\Users\dell\.katalon\packages\KSE-10.4.3\plugins\atu.testrecorder.screen-recorder_2.1.0.jar;C:\Users\dell\.katalon\packages\KSE-10.4.3\plugins\com.google.guava_33.4.8.jre.jar;C:\Users\dell\.katalon\packages\KSE-10.4.3\plugins\com.kms.katalon.util_1.0.0.202512220625.jar;C:\Users\dell\.katalon\packages\KSE-10.4.3\plugins\org.apache.httpcomponents.httpclient_4.5.14.jar;C:\Users\dell\.katalon\packages\KSE-10.4.3\plugins\org.apache.httpcomponents.httpcore_4.4.16.jar;C:\Users\dell\.katalon\packages\KSE-10.4.3\plugins\org.apache.httpcomponents.httpmime_4.5.13.jar;C:\Users\dell\.katalon\packages\KSE-10.4.3\plugins\org.apache.commons.lang3_3.18.0.jar;C:\Users\dell\.katalon\packages\KSE-10.4.3\plugins\org.greenrobot.eventbus_3.1.1.jar;C:\Users\dell\.katalon\packages\KSE-10.4.3\plugins\net.bytebuddy.byte-buddy_1.17.6.jar;C:\Users\dell\.katalon\packages\KSE-10.4.3\plugins\org.junit_4.13.2.v20230809-1000.jar;C:\Users\dell\.katalon\packages\KSE-10.4.3\plugins\com.fasterxml.jackson.core.jackson-databind_2.18.4.jar;C:\Users\dell\.katalon\packages\KSE-10.4.3\plugins\com.fasterxml.jackson.core.jackson-core_2.18.4.jar;C:\Users\dell\.katalon\packages\KSE-10.4.3\plugins\com.fasterxml.jackson.core.jackson-annotations_2.18.4.jar;C:\Users\dell\.katalon\packages\KSE-10.4.3\plugins\slf4j.api_2.0.17.jar;C:\Users\dell\.katalon\packages\KSE-10.4.3\plugins\org.fusesource.jansi_1.17.1.jar;C:\Users\dell\.katalon\packages\KSE-10.4.3\plugins\com.kms.katalon.netlightbody_1.0.0.202512220625.jar;C:\Users\dell\.katalon\packages\KSE-10.4.3\plugins\com.kms.katalon.poi_1.0.0.202512220625.jar;C:\Users\dell\.katalon\packages\KSE-10.4.3\plugins\org.apache.commons.commons-text_1.10.0.jar;C:\Users\dell\.katalon\packages\KSE-10.4.3\plugins\com.microsoft.sqlserver.mssql-jdbc_12.6.5.jar;C:\Users\dell\.katalon\packages\KSE-10.4.3\plugins\com.github.kklisura.cdt.java-client_2.1.0.jar;C:\Users\dell\.katalon\packages\KSE-10.4.3\plugins\javax.websocket-api_1.1.0.jar;C:\Users\dell\.katalon\packages\KSE-10.4.3\plugins\org.glassfish.tyrus.container-grizzly-client_1.13.1.jar;C:\Users\dell\.katalon\packages\KSE-10.4.3\plugins\org.glassfish.grizzly.http-server_2.3.25.jar;C:\Users\dell\.katalon\packages\KSE-10.4.3\plugins\org.glassfish.grizzly.framework_2.3.25.jar;C:\Users\dell\.katalon\packages\KSE-10.4.3\plugins\org.glassfish.grizzly.http_2.3.25.jar;C:\Users\dell\.katalon\packages\KSE-10.4.3\plugins\org.glassfish.tyrus.client_1.13.1.jar;C:\Users\dell\.katalon\packages\KSE-10.4.3\plugins\org.glassfish.tyrus.core_1.13.1.jar;C:\Users\dell\.katalon\packages\KSE-10.4.3\plugins\org.glassfish.tyrus.spi_1.13.1.jar;C:\Users\dell\.katalon\packages\KSE-10.4.3\plugins\javassist_3.28.0.GA.jar;C:\Users\dell\.katalon\packages\KSE-10.4.3\plugins\graphql-java_22.3.0.jar;C:\Users\dell\.katalon\packages\KSE-10.4.3\plugins\org.glassfish.jaxb.runtime_2.3.6.jar;C:\Users\dell\.katalon\packages\KSE-10.4.3\plugins\org.glassfish.jaxb.txw2_2.3.6.jar;C:\Users\dell\.katalon\packages\KSE-10.4.3\plugins\org.dom4j_2.1.4.jar;C:\Users\dell\.katalon\packages\KSE-10.4.3\plugins\com.kms.katalon.groovy-extended_1.0.0.202512220625.jar;C:\Users\dell\.katalon\packages\KSE-10.4.3\plugins\com.sun.activation.javax.activation_1.2.0.jar;C:\Users\dell\.katalon\packages\KSE-10.4.3\plugins\jakarta.xml.bind-api_4.0.2.jar;C:\Users\dell\.katalon\packages\KSE-10.4.3\plugins\org.eclipse.jface_3.35.100.v20241003-1431.jar;C:\Users\dell\.katalon\packages\KSE-10.4.3\plugins\com.kms.katalon.logging_1.0.0.202512220625.jar;C:\Users\dell\.katalon\packages\KSE-10.4.3\plugins\json_20240303.0.0.jar;C:\Users\dell\.katalon\packages\KSE-10.4.3\plugins\assertj-core_3.25.3.jar;C:\Users\dell\.katalon\packages\KSE-10.4.3\plugins\com.networknt.json-schema-validator_1.5.7.jar;C:\Users\dell\.katalon\packages\KSE-10.4.3\plugins\com.kms.katalon.network.apache_1.0.0.202512220625.jar;C:\Users\dell\.katalon\packages\KSE-10.4.3\plugins\com.kms.katalon.network.core_1.0.0.202512220625.jar;C:\Users\dell\.katalon\packages\KSE-10.4.3\plugins\java-dataloader_3.3.0.jar;C:\Users\dell\.katalon\packages\KSE-10.4.3\plugins\org.apache.commons.collections_3.2.2.v201511171945.jar;C:\Users\dell\.katalon\packages\KSE-10.4.3\plugins\org.apache.commons.commons-collections4_4.4.0.jar;C:\Users\dell\.katalon\packages\KSE-10.4.3\plugins\org.apache.commons.digester_2.1.0.jar;C:\Users\dell\.katalon\packages\KSE-10.4.3\plugins\stax2-api_4.2.2.jar;C:\Users\dell\.katalon\packages\KSE-10.4.3\plugins\com.fasterxml.woodstox.woodstox-core_6.6.2.jar;C:\Users\dell\.katalon\packages\KSE-10.4.3\plugins\org.apache.commons.logging_1.2.0.v20180409-1502.jar;C:\Users\dell\.katalon\packages\KSE-10.4.3\plugins\org.apache.commons.commons-beanutils_1.11.0.jar;C:\Users\dell\.katalon\packages\KSE-10.4.3\plugins\com.kms.katalon.report.core_1.0.0.202512220625.jar;C:\Users\dell\.katalon\packages\KSE-10.4.3\plugins\org.seleniumhq.selenium.selenium-api_4.34.0.jar;C:\Users\dell\.katalon\packages\KSE-10.4.3\plugins\org.seleniumhq.selenium.selenium-remote-driver_4.34.0.jar;C:\Users\dell\.katalon\packages\KSE-10.4.3\plugins\org.seleniumhq.selenium.selenium-http_4.34.0.jar;C:\Users\dell\.katalon\packages\KSE-10.4.3\plugins\ch.qos.logback.classic_1.5.19.jar;C:\Users\dell\.katalon\packages\KSE-10.4.3\plugins\ch.qos.logback.core_1.5.19.jar;C:\Users\dell\.katalon\packages\KSE-10.4.3\plugins\log4j.over.slf4j_1.7.36.jar;C:\Users\dell\.katalon\packages\KSE-10.4.3\plugins\org.eclipse.e4.core.contexts_1.13.0.v20241014-2013.jar;C:\Users\dell\.katalon\packages\KSE-10.4.3\plugins\com.github.oshi.oshi-core_6.9.1.jar;C:\Users\dell\.katalon\packages\KSE-10.4.3\plugins\com.sun.jna_5.18.1.jar;C:\Users\dell\.katalon\packages\KSE-10.4.3\plugins\com.sun.jna.platform_5.18.1.jar;C:\Users\dell\.katalon\packages\KSE-10.4.3\plugins\org.bidib.com.github.markusbernhardt.proxy-vole_1.1.7.jar;C:\Users\dell\.katalon\packages\KSE-10.4.3\plugins\org.hamcrest.core_1.3.0.jar;C:\Users\dell\.katalon\packages\KSE-10.4.3\plugins\org.beanshell.bsh_2.0.0.0b4.jar;C:\Users\dell\.katalon\packages\KSE-10.4.3\plugins\org.apache.ant.launcher_1.9.6.jar;C:\Users\dell\.katalon\packages\KSE-10.4.3\plugins\org.seleniumhq.selenium.selenium-chrome-driver_4.34.0.jar;C:\Users\dell\.katalon\packages\KSE-10.4.3\plugins\org.seleniumhq.selenium.selenium-chromium-driver_4.34.0.jar;C:\Users\dell\.katalon\packages\KSE-10.4.3\plugins\org.seleniumhq.selenium.selenium-edge-driver_4.34.0.jar;C:\Users\dell\.katalon\packages\KSE-10.4.3\plugins\org.seleniumhq.selenium.selenium-firefox-driver_4.34.0.jar;C:\Users\dell\.katalon\packages\KSE-10.4.3\plugins\org.seleniumhq.selenium.selenium-safari-driver_4.34.0.jar;C:\Users\dell\.katalon\packages\KSE-10.4.3\plugins\org.seleniumhq.selenium.selenium-ie-driver_4.34.0.jar;C:\Users\dell\.katalon\packages\KSE-10.4.3\plugins\org.seleniumhq.selenium.selenium-manager_4.34.0.jar;C:\Users\dell\.katalon\packages\KSE-10.4.3\plugins\org.seleniumhq.selenium.selenium-json_4.34.0.jar;C:\Users\dell\.katalon\packages\KSE-10.4.3\plugins\com.kms.katalon.core.appium_1.0.0.202512220625.jar;C:\Users\dell\.katalon\packages\KSE-10.4.3\plugins\org.seleniumhq.selenium.selenium-os_4.34.0.jar;C:\Users\dell\.katalon\packages\KSE-10.4.3\plugins\io.appium.java-client_9.5.0.jar;C:\Users\dell\.katalon\packages\KSE-10.4.3\plugins\org.eclipse.e4.core.services_2.5.0.v20241015-2219.jar;C:\Users\dell\.katalon\packages\KSE-10.4.3\plugins\org.eclipse.osgi.services_3.12.100.v20240327-0645.jar;C:\Users\dell\.katalon\packages\KSE-10.4.3\plugins\org.eclipse.equinox.common_3.19.200.v20241004-0654.jar;C:\Users\dell\.katalon\packages\KSE-10.4.3\plugins\com.kms.katalon.platform.core_1.0.0.202512220625.jar;C:\Users\dell\.katalon\packages\KSE-10.4.3\plugins\com.kms.katalon.common_1.0.0.202512220625.jar;C:\Users\dell\.katalon\packages\KSE-10.4.3\plugins\com.kms.katalon.session.core_1.0.0.202512220625.jar;C:\Users\dell\.katalon\packages\KSE-10.4.3\plugins\org.eclipse.e4.core.di_1.9.500.v20240606-1236.jar;C:\Users\dell\.katalon\packages\KSE-10.4.3\plugins\com.kms.katalon.execution.core_1.0.0.202512220625.jar;C:\Users\dell\.katalon\packages\KSE-10.4.3\plugins\org.eclipse.equinox.registry_3.12.200.v20241004-0654.jar;C:\Users\dell\.katalon\packages\KSE-10.4.3\plugins\oauth2-oidc-sdk_11.29.1.jar;C:\Users\dell\.katalon\packages\KSE-10.4.3\plugins\dev.failsafe_3.3.2.jar;C:\Users\dell\.katalon\packages\KSE-10.4.3\plugins\com.fasterxml.jackson.datatype.jackson-datatype-jsr310_2.17.2.jar;C:\Users\dell\.katalon\packages\KSE-10.4.3\plugins\org.eclipse.e4.core.di.annotations_1.8.400.v20240413-1529.jar;C:\Users\dell\.katalon\packages\KSE-10.4.3\plugins\net.minidev.json-smart_2.5.2.jar;C:\Users\dell\.katalon\packages\KSE-10.4.3\plugins\com.kms.katalon.core.webui_1.0.0.202512220625.jar;C:\Users\dell\.katalon\packages\KSE-10.4.3\plugins\org.seleniumhq.selenium.selenium-support_4.34.0.jar;C:\Users\dell\.katalon\packages\KSE-10.4.3\plugins\org.seleniumhq.selenium.selenium-devtools-v142_4.38.0.jar;C:\Users\dell\.katalon\packages\KSE-10.4.3\plugins\com.kms.katalon.core.mobile_1.0.0.202512220625.jar;C:\Users\dell\.katalon\packages\KSE-10.4.3\plugins\org.apache.commons.commons-validator_1.7.0.jar;C:\Users\dell\.katalon\packages\KSE-10.4.3\plugins\org.xmlunit.xmlunit-core_2.10.3.jar;C:\Users\dell\.katalon\packages\KSE-10.4.3\plugins\com.kms.katalon.core.cucumber_1.0.0.202512220625.jar;C:\Users\dell\.katalon\packages\KSE-10.4.3\plugins\io.cucumber.core_3.0.3.jar;C:\Users\dell\.katalon\packages\KSE-10.4.3\plugins\io.cucumber.datatable_1.1.16.jar;C:\Users\dell\.katalon\packages\KSE-10.4.3\plugins\io.cucumber.datatable-dependencies_1.1.16.jar;C:\Users\dell\.katalon\packages\KSE-10.4.3\plugins\io.cucumber.expressions_5.0.19.jar;C:\Users\dell\.katalon\packages\KSE-10.4.3\plugins\io.cucumber.gherkin_5.0.0.jar;C:\Users\dell\.katalon\packages\KSE-10.4.3\plugins\io.cucumber.html_0.2.7.jar;C:\Users\dell\.katalon\packages\KSE-10.4.3\plugins\io.cucumber.java_3.0.3.jar;C:\Users\dell\.katalon\packages\KSE-10.4.3\plugins\io.cucumber.tag-expressions_1.1.1.jar;C:\Users\dell\.katalon\packages\KSE-10.4.3\plugins\io.cucumber.junit_3.0.3.jar;C:\Users\dell\.katalon\packages\KSE-10.4.3\plugins\com.kms.katalon.core.webservice_1.0.0.202512220625.jar;C:\Users\dell\.katalon\packages\KSE-10.4.3\plugins\wsdl4j_1.6.2.jar;C:\Users\dell\.katalon\packages\KSE-10.4.3\plugins\com.google.oauth-client.google-oauth-client_1.22.0.jar;C:\Users\dell\.katalon\packages\KSE-10.4.3\plugins\com.google.http-client.google-http-client_1.22.0.jar;C:\Users\dell\.katalon\packages\KSE-10.4.3\plugins\com.kms.katalon.preferences_1.0.0.202512220625.jar;C:\Users\dell\.katalon\packages\KSE-10.4.3\plugins\org.apache.xmlbeans_3.1.0.jar;C:\Users\dell\.katalon\packages\KSE-10.4.3\plugins\com.kms.katalon.entity_1.0.0.202512220625.jar;C:\Users\dell\.katalon\packages\KSE-10.4.3\plugins\jakarta.xml.ws-api_2.3.3.jar;C:\Users\dell\.katalon\packages\KSE-10.4.3\plugins\javax.xml.soap-api_1.4.0.jar;C:\Users\dell\.katalon\packages\KSE-10.4.3\plugins\com.atlassian.oai.swagger-request-validator-core_2.38.0.jar;C:\Users\dell\.katalon\packages\KSE-10.4.3\plugins\io.swagger.compat-spec-parser_1.0.67.jar;C:\Users\dell\.katalon\packages\KSE-10.4.3\plugins\io.swagger.core.v3.swagger-annotations_2.2.14.jar;C:\Users\dell\.katalon\packages\KSE-10.4.3\plugins\io.swagger.core.v3.swagger-core_2.2.14.jar;C:\Users\dell\.katalon\packages\KSE-10.4.3\plugins\io.swagger.core.v3.swagger-models_2.2.14.jar;C:\Users\dell\.katalon\packages\KSE-10.4.3\plugins\io.swagger.parser.v3.swagger-parser-core_2.1.16.jar;C:\Users\dell\.katalon\packages\KSE-10.4.3\plugins\io.swagger.parser.v3.swagger-parser-v2-converter_2.1.16.jar;C:\Users\dell\.katalon\packages\KSE-10.4.3\plugins\com.github.java-json-tools.btf_1.3.0.jar;C:\Users\dell\.katalon\packages\KSE-10.4.3\plugins\com.fasterxml.jackson.dataformat.jackson-dataformat-yaml_2.18.3.jar;C:\Users\dell\.katalon\packages\KSE-10.4.3\plugins\org.yaml.snakeyaml_2.3.0.jar;C:\Users\dell\.katalon\packages\KSE-10.4.3\plugins\com.github.java-json-tools.msg-simple_1.2.0.jar;C:\Users\dell\.katalon\packages\KSE-10.4.3\plugins\jackson-core-asl_1.9.13.jar;C:\Users\dell\.katalon\packages\KSE-10.4.3\plugins\joda-time_2.10.5.jar;C:\Users\dell\.katalon\packages\KSE-10.4.3\plugins\javax.mail-api_1.6.2.jar;C:\Users\dell\.katalon\packages\KSE-10.4.3\plugins\com.googlecode.libphonenumber_8.11.1.jar;C:\Users\dell\.katalon\packages\KSE-10.4.3\plugins\com.google.guava.failureaccess_1.0.3.jar;C:\Users\dell\.katalon\packages\KSE-10.4.3\plugins\io.swagger.parser.v3.swagger-parser_2.1.16.jar;C:\Users\dell\.katalon\packages\KSE-10.4.3\plugins\io.swagger.parser.v3.swagger-parser-v3_2.1.16.jar;C:\Users\dell\.katalon\packages\KSE-10.4.3\plugins\io.swagger.parser_1.0.67.jar;C:\Users\dell\.katalon\packages\KSE-10.4.3\plugins\com.narupley.not-going-to-be-commons-ssl_0.3.20.jar;C:\Users\dell\.katalon\packages\KSE-10.4.3\plugins\com.kms.katalon.core.windows_1.0.0.202512220625.jar;C:\Users\dell\.katalon\packages\KSE-10.4.3\plugins\net.lingala.zip4j_2.11.5.jar;C:\Users\dell\.katalon\packages\KSE-10.4.3\plugins\com.kms.katalon.core.testng_1.0.0.202512220625.jar;C:\Users\dell\.katalon\packages\KSE-10.4.3\plugins\org.testng_7.8.0.jar;C:\Users\dell\.katalon\packages\KSE-10.4.3\plugins\com.beust.jcommander_1.82.0.jar;C:\Users\dell\.katalon\packages\KSE-10.4.3\plugins\org.codehaus.groovy_3.0.23.v202501010125-e2412\lib\groovy-3.0.23-indy.jar;C:\Users\dell\.katalon\packages\KSE-10.4.3\plugins\org.codehaus.groovy_3.0.23.v202501010125-e2412\lib\ivy-2.5.2.jar --main groovy.ui.GroovyMain --encoding UTF-8 --indy C:\Users\dell\Katalon Studio\Project\Libs\TempTestCase1767773290767.groovy

Host: 11th Gen Intel(R) Core(TM) i5-1135G7 @ 2.40GHz, 8 cores, 7G,  Windows 11 , 64 bit Build 26100 (10.0.26100.7309)
Time: Wed Jan  7 13:38:49 2026 India Standard Time elapsed time: 34.293213 seconds (0d 0h 0m 34s)

---------------  T H R E A D  ---------------

Current thread (0x000001eac3502540):  JavaThread "C2 CompilerThread2" daemon [_thread_in_native, id=14648, stack(0x000000684f000000,0x000000684f100000)]


Current CompileTask:
C2:  34293 5700       4       groovyjarjarantlr4.v4.runtime.atn.PredictionContext::getCachedContext (297 bytes)

Stack: [0x000000684f000000,0x000000684f100000]
Native frames: (J=compiled Java code, j=interpreted, Vv=VM code, C=native code)
V  [jvm.dll+0x682eb9]
V  [jvm.dll+0x8399c8]
V  [jvm.dll+0x83b473]
V  [jvm.dll+0x83bae3]
V  [jvm.dll+0x24715f]
V  [jvm.dll+0xace44]
V  [jvm.dll+0xad4dc]
V  [jvm.dll+0x2ac98f]
V  [jvm.dll+0x588f69]
V  [jvm.dll+0x220fb2]
V  [jvm.dll+0x219c8b]
V  [jvm.dll+0x21748b]
V  [jvm.dll+0x1a3150]
V  [jvm.dll+0x22799c]
V  [jvm.dll+0x225afb]
V  [jvm.dll+0x7ef128]
V  [jvm.dll+0x7e948c]
V  [jvm.dll+0x681d97]
C  [ucrtbase.dll+0x37b0]
C  [KERNEL32.DLL+0x2e8d7]
C  [ntdll.dll+0x8c53c]


---------------  P R O C E S S  ---------------

Threads class SMR info:
_java_thread_list=0x000001eac2620560, length=35, elements={
0x000001ea9f75f090, 0x000001eabb44b2a0, 0x000001eabb44bd70, 0x000001eabb4a93c0,
0x000001eabb4a9c90, 0x000001eabb4aa560, 0x000001eabb4aae30, 0x000001eabb4b6f40,
0x000001eabb4b9d10, 0x000001eabb4bce10, 0x000001eabb76bf00, 0x000001eac041d200,
0x000001eac58623a0, 0x000001eac1e9b830, 0x000001eac2f25010, 0x000001eac1692000,
0x000001eac22a5540, 0x000001eac0995390, 0x000001eac4091f90, 0x000001eac4091570,
0x000001eac40933d0, 0x000001eac4094810, 0x000001eac40924a0, 0x000001eac40938e0,
0x000001eac40929b0, 0x000001eac4093df0, 0x000001eac4094300, 0x000001eac4092ec0,
0x000001eac4091060, 0x000001eac4988fd0, 0x000001eac49880a0, 0x000001eac4987680,
0x000001eac4987b90, 0x000001eac3501550, 0x000001eac3502540
}

Java Threads: ( => current thread )
  0x000001ea9f75f090 JavaThread "Forwarding executeAsyncScript on session 2bec275fe8946587851cd9ef77da33d4 to remote" [_thread_blocked, id=16176, stack(0x000000684cc00000,0x000000684cd00000)]
  0x000001eabb44b2a0 JavaThread "Reference Handler" daemon [_thread_blocked, id=15740, stack(0x000000684d300000,0x000000684d400000)]
  0x000001eabb44bd70 JavaThread "Finalizer" daemon [_thread_blocked, id=28332, stack(0x000000684d400000,0x000000684d500000)]
  0x000001eabb4a93c0 JavaThread "Signal Dispatcher" daemon [_thread_blocked, id=11708, stack(0x000000684d500000,0x000000684d600000)]
  0x000001eabb4a9c90 JavaThread "Attach Listener" daemon [_thread_blocked, id=15112, stack(0x000000684d600000,0x000000684d700000)]
  0x000001eabb4aa560 JavaThread "Service Thread" daemon [_thread_blocked, id=6588, stack(0x000000684d700000,0x000000684d800000)]
  0x000001eabb4aae30 JavaThread "Monitor Deflation Thread" daemon [_thread_blocked, id=30144, stack(0x000000684d800000,0x000000684d900000)]
  0x000001eabb4b6f40 JavaThread "C2 CompilerThread0" daemon [_thread_blocked, id=18628, stack(0x000000684d900000,0x000000684da00000)]
  0x000001eabb4b9d10 JavaThread "C1 CompilerThread0" daemon [_thread_blocked, id=4936, stack(0x000000684da00000,0x000000684db00000)]
  0x000001eabb4bce10 JavaThread "Sweeper thread" daemon [_thread_blocked, id=10932, stack(0x000000684db00000,0x000000684dc00000)]
  0x000001eabb76bf00 JavaThread "Common-Cleaner" daemon [_thread_blocked, id=12632, stack(0x000000684dc00000,0x000000684dd00000)]
  0x000001eac041d200 JavaThread "Notification Thread" daemon [_thread_blocked, id=5636, stack(0x000000684de00000,0x000000684df00000)]
  0x000001eac58623a0 JavaThread "ForkJoinPool.commonPool-worker-1" daemon [_thread_blocked, id=14016, stack(0x000000684e900000,0x000000684ea00000)]
  0x000001eac1e9b830 JavaThread "HttpClient-1-SelectorManager" daemon [_thread_in_native, id=19580, stack(0x000000684ea00000,0x000000684eb00000)]
  0x000001eac2f25010 JavaThread "External Process Output Forwarder - C:\Users\dell\.katalon\packages\KSE-10.4.3\configuration\resources\drivers\chromedriver_win32\chromedriver.exe" daemon [_thread_in_native, id=19296, stack(0x000000684eb00000,0x000000684ec00000)]
  0x000001eac1692000 JavaThread "Driver Service Executor" daemon [_thread_blocked, id=5732, stack(0x000000684ec00000,0x000000684ed00000)]
  0x000001eac22a5540 JavaThread "Driver Service Executor" daemon [_thread_blocked, id=24756, stack(0x000000684ed00000,0x000000684ee00000)]
  0x000001eac0995390 JavaThread "UrlChecker-2" daemon [_thread_blocked, id=10432, stack(0x000000684ee00000,0x000000684ef00000)]
  0x000001eac4091f90 JavaThread "JdkHttpClient-0-0" daemon [_thread_blocked, id=19940, stack(0x000000684f100000,0x000000684f200000)]
  0x000001eac4091570 JavaThread "CompletableFutureDelayScheduler" daemon [_thread_blocked, id=664, stack(0x000000684f200000,0x000000684f300000)]
  0x000001eac40933d0 JavaThread "JdkHttpClient-0-1" daemon [_thread_blocked, id=18824, stack(0x000000684f300000,0x000000684f400000)]
  0x000001eac4094810 JavaThread "JdkHttpClient-0-2" daemon [_thread_blocked, id=12140, stack(0x000000684f400000,0x000000684f500000)]
  0x000001eac40924a0 JavaThread "JdkHttpClient-0-3" daemon [_thread_blocked, id=15988, stack(0x000000684f500000,0x000000684f600000)]
  0x000001eac40938e0 JavaThread "HttpClient-2-SelectorManager" daemon [_thread_in_native, id=13748, stack(0x000000684dd00000,0x000000684de00000)]
  0x000001eac40929b0 JavaThread "JdkHttpClient-1-0" daemon [_thread_blocked, id=27760, stack(0x000000684f600000,0x000000684f700000)]
  0x000001eac4093df0 JavaThread "JdkHttpClient-1-1" daemon [_thread_blocked, id=22724, stack(0x000000684f700000,0x000000684f800000)]
  0x000001eac4094300 JavaThread "JdkHttpClient-1-2" daemon [_thread_blocked, id=25076, stack(0x000000684f800000,0x000000684f900000)]
  0x000001eac4092ec0 JavaThread "HttpClient-3-SelectorManager" daemon [_thread_in_native, id=26184, stack(0x000000684f900000,0x000000684fa00000)]
  0x000001eac4091060 JavaThread "JdkHttpClient-2-0" daemon [_thread_blocked, id=10676, stack(0x000000684fa00000,0x000000684fb00000)]
  0x000001eac4988fd0 JavaThread "JdkHttpClient-2-1" daemon [_thread_blocked, id=19708, stack(0x000000684fb00000,0x000000684fc00000)]
  0x000001eac49880a0 JavaThread "JdkHttpClient-2-2" daemon [_thread_blocked, id=27096, stack(0x000000684fc00000,0x000000684fd00000)]
  0x000001eac4987680 JavaThread "JdkHttpClient-2-3" daemon [_thread_blocked, id=15696, stack(0x000000684fd00000,0x000000684fe00000)]
  0x000001eac4987b90 JavaThread "BiDi Connection" daemon [_thread_blocked, id=9876, stack(0x000000684fe00000,0x000000684ff00000)]
  0x000001eac3501550 JavaThread "C2 CompilerThread1" daemon [_thread_blocked, id=1916, stack(0x000000684e800000,0x000000684e900000)]
=>0x000001eac3502540 JavaThread "C2 CompilerThread2" daemon [_thread_in_native, id=14648, stack(0x000000684f000000,0x000000684f100000)]

Other Threads:
  0x000001eabb443e30 VMThread "VM Thread" [stack: 0x000000684d200000,0x000000684d300000] [id=30600]
  0x000001eac041d6e0 WatcherThread [stack: 0x000000684df00000,0x000000684e000000] [id=15136]
  0x000001ea9f7baec0 GCTaskThread "GC Thread#0" [stack: 0x000000684cd00000,0x000000684ce00000] [id=16244]
  0x000001eabb4a00b0 GCTaskThread "GC Thread#1" [stack: 0x000000684e000000,0x000000684e100000] [id=26472]
  0x000001eabb4a0e70 GCTaskThread "GC Thread#2" [stack: 0x000000684e100000,0x000000684e200000] [id=22224]
  0x000001eabb49f2f0 GCTaskThread "GC Thread#3" [stack: 0x000000684e300000,0x000000684e400000] [id=20096]
  0x000001eabb4a08f0 GCTaskThread "GC Thread#4" [stack: 0x000000684e400000,0x000000684e500000] [id=10568]
  0x000001eabb49f5b0 GCTaskThread "GC Thread#5" [stack: 0x000000684e500000,0x000000684e600000] [id=5068]
  0x000001eabb4a0370 GCTaskThread "GC Thread#6" [stack: 0x000000684e600000,0x000000684e700000] [id=21676]
  0x000001eabb49f870 GCTaskThread "GC Thread#7" [stack: 0x000000684e700000,0x000000684e800000] [id=11552]
  0x000001ea9f7ce1a0 ConcurrentGCThread "G1 Main Marker" [stack: 0x000000684ce00000,0x000000684cf00000] [id=20768]
  0x000001ea9f7cec30 ConcurrentGCThread "G1 Conc#0" [stack: 0x000000684cf00000,0x000000684d000000] [id=16104]
  0x000001eabb4a0630 ConcurrentGCThread "G1 Conc#1" [stack: 0x000000684e200000,0x000000684e300000] [id=23396]
  0x000001eab8a1fa00 ConcurrentGCThread "G1 Refine#0" [stack: 0x000000684d000000,0x000000684d100000] [id=25020]
  0x000001eab8a201e0 ConcurrentGCThread "G1 Service" [stack: 0x000000684d100000,0x000000684d200000] [id=20544]

Threads with active compile tasks:
C2 CompilerThread2    34318 5700       4       groovyjarjarantlr4.v4.runtime.atn.PredictionContext::getCachedContext (297 bytes)

VM state: not at safepoint (normal execution)

VM Mutex/Monitor currently owned by a thread: None

Heap address: 0x0000000080000000, size: 2048 MB, Compressed Oops mode: 32-bit

CDS archive(s) not mapped
Compressed class space mapped at: 0x0000000100000000-0x0000000140000000, reserved size: 1073741824
Narrow klass base: 0x0000000000000000, Narrow klass shift: 3, Narrow klass range: 0x140000000

GC Precious Log:
 CPUs: 8 total, 8 available
 Memory: 7926M
 Large Page Support: Disabled
 NUMA Support: Disabled
 Compressed Oops: Enabled (32-bit)
 Heap Region Size: 1M
 Heap Min Capacity: 8M
 Heap Initial Capacity: 124M
 Heap Max Capacity: 2G
 Pre-touch: Disabled
 Parallel Workers: 8
 Concurrent Workers: 2
 Concurrent Refinement Workers: 8
 Periodic GC: Disabled

Heap:
 garbage-first heap   total 114688K, used 56327K [0x0000000080000000, 0x0000000100000000)
  region size 1024K, 26 young (26624K), 7 survivors (7168K)
 Metaspace       used 54510K, committed 55104K, reserved 1114112K
  class space    used 6431K, committed 6720K, reserved 1048576K

Heap Regions: E=young(eden), S=young(survivor), O=old, HS=humongous(starts), HC=humongous(continues), CS=collection set, F=free, OA=open archive, CA=closed archive, TAMS=top-at-mark-start (previous, next)
|   0|0x0000000080000000, 0x0000000080100000, 0x0000000080100000|100%|HS|  |TAMS 0x0000000080100000, 0x0000000080000000| Complete 
|   1|0x0000000080100000, 0x0000000080200000, 0x0000000080200000|100%|HS|  |TAMS 0x0000000080200000, 0x0000000080100000| Complete 
|   2|0x0000000080200000, 0x0000000080300000, 0x0000000080300000|100%| O|  |TAMS 0x0000000080300000, 0x0000000080200000| Untracked 
|   3|0x0000000080300000, 0x0000000080400000, 0x0000000080400000|100%| O|  |TAMS 0x0000000080400000, 0x0000000080300000| Untracked 
|   4|0x0000000080400000, 0x0000000080500000, 0x0000000080500000|100%| O|  |TAMS 0x0000000080500000, 0x0000000080400000| Untracked 
|   5|0x0000000080500000, 0x0000000080600000, 0x0000000080600000|100%| O|  |TAMS 0x0000000080600000, 0x0000000080500000| Untracked 
|   6|0x0000000080600000, 0x0000000080700000, 0x0000000080700000|100%| O|  |TAMS 0x0000000080700000, 0x0000000080600000| Untracked 
|   7|0x0000000080700000, 0x0000000080800000, 0x0000000080800000|100%| O|  |TAMS 0x0000000080800000, 0x0000000080700000| Untracked 
|   8|0x0000000080800000, 0x0000000080900000, 0x0000000080900000|100%| O|  |TAMS 0x0000000080900000, 0x0000000080800000| Untracked 
|   9|0x0000000080900000, 0x0000000080a00000, 0x0000000080a00000|100%| O|  |TAMS 0x0000000080a00000, 0x0000000080900000| Untracked 
|  10|0x0000000080a00000, 0x0000000080b00000, 0x0000000080b00000|100%| O|  |TAMS 0x0000000080b00000, 0x0000000080a00000| Untracked 
|  11|0x0000000080b00000, 0x0000000080c00000, 0x0000000080c00000|100%| O|  |TAMS 0x0000000080c00000, 0x0000000080b00000| Untracked 
|  12|0x0000000080c00000, 0x0000000080d00000, 0x0000000080d00000|100%| O|  |TAMS 0x0000000080d00000, 0x0000000080c00000| Untracked 
|  13|0x0000000080d00000, 0x0000000080e00000, 0x0000000080e00000|100%| O|  |TAMS 0x0000000080e00000, 0x0000000080d00000| Untracked 
|  14|0x0000000080e00000, 0x0000000080f00000, 0x0000000080f00000|100%| O|  |TAMS 0x0000000080f00000, 0x0000000080e00000| Untracked 
|  15|0x0000000080f00000, 0x0000000081000000, 0x0000000081000000|100%| O|  |TAMS 0x0000000081000000, 0x0000000080f00000| Untracked 
|  16|0x0000000081000000, 0x0000000081020200, 0x0000000081100000| 12%| O|  |TAMS 0x0000000081020200, 0x0000000081000000| Untracked 
|  17|0x0000000081100000, 0x0000000081200000, 0x0000000081200000|100%| O|  |TAMS 0x0000000081200000, 0x0000000081100000| Untracked 
|  18|0x0000000081200000, 0x0000000081300000, 0x0000000081300000|100%| O|  |TAMS 0x0000000081300000, 0x0000000081200000| Untracked 
|  19|0x0000000081300000, 0x0000000081400000, 0x0000000081400000|100%| O|  |TAMS 0x0000000081400000, 0x0000000081300000| Untracked 
|  20|0x0000000081400000, 0x0000000081500000, 0x0000000081500000|100%| O|  |TAMS 0x0000000081500000, 0x0000000081400000| Untracked 
|  21|0x0000000081500000, 0x0000000081600000, 0x0000000081600000|100%| O|  |TAMS 0x000000008154ce00, 0x0000000081500000| Untracked 
|  22|0x0000000081600000, 0x0000000081700000, 0x0000000081700000|100%| O|  |TAMS 0x0000000081600000, 0x0000000081600000| Untracked 
|  23|0x0000000081700000, 0x0000000081800000, 0x0000000081800000|100%| O|  |TAMS 0x0000000081700000, 0x0000000081700000| Untracked 
|  24|0x0000000081800000, 0x0000000081900000, 0x0000000081900000|100%| O|  |TAMS 0x0000000081800000, 0x0000000081800000| Untracked 
|  25|0x0000000081900000, 0x0000000081a00000, 0x0000000081a00000|100%| O|  |TAMS 0x0000000081900000, 0x0000000081900000| Untracked 
|  26|0x0000000081a00000, 0x0000000081b00000, 0x0000000081b00000|100%| O|  |TAMS 0x0000000081a00000, 0x0000000081a00000| Untracked 
|  27|0x0000000081b00000, 0x0000000081c00000, 0x0000000081c00000|100%| O|  |TAMS 0x0000000081b00000, 0x0000000081b00000| Untracked 
|  28|0x0000000081c00000, 0x0000000081d00000, 0x0000000081d00000|100%| O|  |TAMS 0x0000000081c00000, 0x0000000081c00000| Untracked 
|  29|0x0000000081d00000, 0x0000000081e00000, 0x0000000081e00000|100%| O|  |TAMS 0x0000000081d00000, 0x0000000081d00000| Untracked 
|  30|0x0000000081e00000, 0x0000000081ee1c00, 0x0000000081f00000| 88%| O|  |TAMS 0x0000000081e00000, 0x0000000081e00000| Untracked 
|  31|0x0000000081f00000, 0x0000000081f00000, 0x0000000082000000|  0%| F|  |TAMS 0x0000000081f00000, 0x0000000081f00000| Untracked 
|  32|0x0000000082000000, 0x0000000082000000, 0x0000000082100000|  0%| F|  |TAMS 0x0000000082000000, 0x0000000082000000| Untracked 
|  33|0x0000000082100000, 0x0000000082100000, 0x0000000082200000|  0%| F|  |TAMS 0x0000000082100000, 0x0000000082100000| Untracked 
|  34|0x0000000082200000, 0x0000000082200000, 0x0000000082300000|  0%| F|  |TAMS 0x0000000082200000, 0x0000000082200000| Untracked 
|  35|0x0000000082300000, 0x0000000082300000, 0x0000000082400000|  0%| F|  |TAMS 0x0000000082300000, 0x0000000082300000| Untracked 
|  36|0x0000000082400000, 0x0000000082400000, 0x0000000082500000|  0%| F|  |TAMS 0x0000000082400000, 0x0000000082400000| Untracked 
|  37|0x0000000082500000, 0x0000000082500000, 0x0000000082600000|  0%| F|  |TAMS 0x0000000082500000, 0x0000000082500000| Untracked 
|  38|0x0000000082600000, 0x0000000082600000, 0x0000000082700000|  0%| F|  |TAMS 0x0000000082600000, 0x0000000082600000| Untracked 
|  39|0x0000000082700000, 0x0000000082700000, 0x0000000082800000|  0%| F|  |TAMS 0x0000000082700000, 0x0000000082700000| Untracked 
|  40|0x0000000082800000, 0x0000000082800000, 0x0000000082900000|  0%| F|  |TAMS 0x0000000082800000, 0x0000000082800000| Untracked 
|  41|0x0000000082900000, 0x0000000082900000, 0x0000000082a00000|  0%| F|  |TAMS 0x0000000082900000, 0x0000000082900000| Untracked 
|  42|0x0000000082a00000, 0x0000000082a00000, 0x0000000082b00000|  0%| F|  |TAMS 0x0000000082a00000, 0x0000000082a00000| Untracked 
|  43|0x0000000082b00000, 0x0000000082b00000, 0x0000000082c00000|  0%| F|  |TAMS 0x0000000082b00000, 0x0000000082b00000| Untracked 
|  44|0x0000000082c00000, 0x0000000082c00000, 0x0000000082d00000|  0%| F|  |TAMS 0x0000000082c00000, 0x0000000082c00000| Untracked 
|  45|0x0000000082d00000, 0x0000000082d00000, 0x0000000082e00000|  0%| F|  |TAMS 0x0000000082d00000, 0x0000000082d00000| Untracked 
|  46|0x0000000082e00000, 0x0000000082e00000, 0x0000000082f00000|  0%| F|  |TAMS 0x0000000082e00000, 0x0000000082e00000| Untracked 
|  47|0x0000000082f00000, 0x0000000082f00000, 0x0000000083000000|  0%| F|  |TAMS 0x0000000082f00000, 0x0000000082f00000| Untracked 
|  48|0x0000000083000000, 0x0000000083000000, 0x0000000083100000|  0%| F|  |TAMS 0x0000000083000000, 0x0000000083000000| Untracked 
|  49|0x0000000083100000, 0x0000000083200000, 0x0000000083200000|100%| S|CS|TAMS 0x0000000083100000, 0x0000000083100000| Complete 
|  50|0x0000000083200000, 0x0000000083300000, 0x0000000083300000|100%| S|CS|TAMS 0x0000000083200000, 0x0000000083200000| Complete 
|  51|0x0000000083300000, 0x0000000083400000, 0x0000000083400000|100%| S|CS|TAMS 0x0000000083300000, 0x0000000083300000| Complete 
|  52|0x0000000083400000, 0x0000000083500000, 0x0000000083500000|100%| S|CS|TAMS 0x0000000083400000, 0x0000000083400000| Complete 
|  53|0x0000000083500000, 0x0000000083600000, 0x0000000083600000|100%| S|CS|TAMS 0x0000000083500000, 0x0000000083500000| Complete 
|  54|0x0000000083600000, 0x0000000083700000, 0x0000000083700000|100%| S|CS|TAMS 0x0000000083600000, 0x0000000083600000| Complete 
|  55|0x0000000083700000, 0x0000000083800000, 0x0000000083800000|100%| S|CS|TAMS 0x0000000083700000, 0x0000000083700000| Complete 
|  56|0x0000000083800000, 0x0000000083800000, 0x0000000083900000|  0%| F|  |TAMS 0x0000000083800000, 0x0000000083800000| Untracked 
|  57|0x0000000083900000, 0x0000000083900000, 0x0000000083a00000|  0%| F|  |TAMS 0x0000000083900000, 0x0000000083900000| Untracked 
|  58|0x0000000083a00000, 0x0000000083a00000, 0x0000000083b00000|  0%| F|  |TAMS 0x0000000083a00000, 0x0000000083a00000| Untracked 
|  59|0x0000000083b00000, 0x0000000083b00000, 0x0000000083c00000|  0%| F|  |TAMS 0x0000000083b00000, 0x0000000083b00000| Untracked 
|  60|0x0000000083c00000, 0x0000000083c00000, 0x0000000083d00000|  0%| F|  |TAMS 0x0000000083c00000, 0x0000000083c00000| Untracked 
|  61|0x0000000083d00000, 0x0000000083d00000, 0x0000000083e00000|  0%| F|  |TAMS 0x0000000083d00000, 0x0000000083d00000| Untracked 
|  62|0x0000000083e00000, 0x0000000083e00000, 0x0000000083f00000|  0%| F|  |TAMS 0x0000000083e00000, 0x0000000083e00000| Untracked 
|  63|0x0000000083f00000, 0x0000000083f00000, 0x0000000084000000|  0%| F|  |TAMS 0x0000000083f00000, 0x0000000083f00000| Untracked 
|  64|0x0000000084000000, 0x0000000084000000, 0x0000000084100000|  0%| F|  |TAMS 0x0000000084000000, 0x0000000084000000| Untracked 
|  65|0x0000000084100000, 0x0000000084100000, 0x0000000084200000|  0%| F|  |TAMS 0x0000000084100000, 0x0000000084100000| Untracked 
|  66|0x0000000084200000, 0x0000000084200000, 0x0000000084300000|  0%| F|  |TAMS 0x0000000084200000, 0x0000000084200000| Untracked 
|  67|0x0000000084300000, 0x0000000084300000, 0x0000000084400000|  0%| F|  |TAMS 0x0000000084300000, 0x0000000084300000| Untracked 
|  68|0x0000000084400000, 0x0000000084400000, 0x0000000084500000|  0%| F|  |TAMS 0x0000000084400000, 0x0000000084400000| Untracked 
|  69|0x0000000084500000, 0x0000000084500000, 0x0000000084600000|  0%| F|  |TAMS 0x0000000084500000, 0x0000000084500000| Untracked 
|  70|0x0000000084600000, 0x0000000084600000, 0x0000000084700000|  0%| F|  |TAMS 0x0000000084600000, 0x0000000084600000| Untracked 
|  71|0x0000000084700000, 0x0000000084700000, 0x0000000084800000|  0%| F|  |TAMS 0x0000000084700000, 0x0000000084700000| Untracked 
|  72|0x0000000084800000, 0x0000000084800000, 0x0000000084900000|  0%| F|  |TAMS 0x0000000084800000, 0x0000000084800000| Untracked 
|  73|0x0000000084900000, 0x0000000084900000, 0x0000000084a00000|  0%| F|  |TAMS 0x0000000084900000, 0x0000000084900000| Untracked 
|  74|0x0000000084a00000, 0x0000000084a00000, 0x0000000084b00000|  0%| F|  |TAMS 0x0000000084a00000, 0x0000000084a00000| Untracked 
|  75|0x0000000084b00000, 0x0000000084b00000, 0x0000000084c00000|  0%| F|  |TAMS 0x0000000084b00000, 0x0000000084b00000| Untracked 
|  76|0x0000000084c00000, 0x0000000084c00000, 0x0000000084d00000|  0%| F|  |TAMS 0x0000000084c00000, 0x0000000084c00000| Untracked 
|  77|0x0000000084d00000, 0x0000000084d00000, 0x0000000084e00000|  0%| F|  |TAMS 0x0000000084d00000, 0x0000000084d00000| Untracked 
|  78|0x0000000084e00000, 0x0000000084e00000, 0x0000000084f00000|  0%| F|  |TAMS 0x0000000084e00000, 0x0000000084e00000| Untracked 
|  79|0x0000000084f00000, 0x0000000084f00000, 0x0000000085000000|  0%| F|  |TAMS 0x0000000084f00000, 0x0000000084f00000| Untracked 
|  80|0x0000000085000000, 0x0000000085000000, 0x0000000085100000|  0%| F|  |TAMS 0x0000000085000000, 0x0000000085000000| Untracked 
|  81|0x0000000085100000, 0x0000000085100000, 0x0000000085200000|  0%| F|  |TAMS 0x0000000085100000, 0x0000000085100000| Untracked 
|  82|0x0000000085200000, 0x0000000085200000, 0x0000000085300000|  0%| F|  |TAMS 0x0000000085200000, 0x0000000085200000| Untracked 
|  83|0x0000000085300000, 0x0000000085300000, 0x0000000085400000|  0%| F|  |TAMS 0x0000000085300000, 0x0000000085300000| Untracked 
|  84|0x0000000085400000, 0x0000000085400000, 0x0000000085500000|  0%| F|  |TAMS 0x0000000085400000, 0x0000000085400000| Untracked 
|  85|0x0000000085500000, 0x0000000085500000, 0x0000000085600000|  0%| F|  |TAMS 0x0000000085500000, 0x0000000085500000| Untracked 
|  86|0x0000000085600000, 0x0000000085600000, 0x0000000085700000|  0%| F|  |TAMS 0x0000000085600000, 0x0000000085600000| Untracked 
|  87|0x0000000085700000, 0x0000000085700000, 0x0000000085800000|  0%| F|  |TAMS 0x0000000085700000, 0x0000000085700000| Untracked 
|  88|0x0000000085800000, 0x0000000085800000, 0x0000000085900000|  0%| F|  |TAMS 0x0000000085800000, 0x0000000085800000| Untracked 
|  89|0x0000000085900000, 0x0000000085900000, 0x0000000085a00000|  0%| F|  |TAMS 0x0000000085900000, 0x0000000085900000| Untracked 
|  90|0x0000000085a00000, 0x0000000085a00000, 0x0000000085b00000|  0%| F|  |TAMS 0x0000000085a00000, 0x0000000085a00000| Untracked 
|  91|0x0000000085b00000, 0x0000000085b00000, 0x0000000085c00000|  0%| F|  |TAMS 0x0000000085b00000, 0x0000000085b00000| Untracked 
|  92|0x0000000085c00000, 0x0000000085c00000, 0x0000000085d00000|  0%| F|  |TAMS 0x0000000085c00000, 0x0000000085c00000| Untracked 
|  93|0x0000000085d00000, 0x0000000085e00000, 0x0000000085e00000|100%| E|  |TAMS 0x0000000085d00000, 0x0000000085d00000| Complete 
|  94|0x0000000085e00000, 0x0000000085f00000, 0x0000000085f00000|100%| E|CS|TAMS 0x0000000085e00000, 0x0000000085e00000| Complete 
|  95|0x0000000085f00000, 0x0000000086000000, 0x0000000086000000|100%| E|CS|TAMS 0x0000000085f00000, 0x0000000085f00000| Complete 
|  96|0x0000000086000000, 0x0000000086100000, 0x0000000086100000|100%| E|CS|TAMS 0x0000000086000000, 0x0000000086000000| Complete 
|  97|0x0000000086100000, 0x0000000086200000, 0x0000000086200000|100%| E|CS|TAMS 0x0000000086100000, 0x0000000086100000| Complete 
|  98|0x0000000086200000, 0x0000000086300000, 0x0000000086300000|100%| E|CS|TAMS 0x0000000086200000, 0x0000000086200000| Complete 
|  99|0x0000000086300000, 0x0000000086400000, 0x0000000086400000|100%| E|CS|TAMS 0x0000000086300000, 0x0000000086300000| Complete 
| 100|0x0000000086400000, 0x0000000086500000, 0x0000000086500000|100%| E|CS|TAMS 0x0000000086400000, 0x0000000086400000| Complete 
| 101|0x0000000086500000, 0x0000000086600000, 0x0000000086600000|100%| E|CS|TAMS 0x0000000086500000, 0x0000000086500000| Complete 
| 102|0x0000000086600000, 0x0000000086700000, 0x0000000086700000|100%| E|CS|TAMS 0x0000000086600000, 0x0000000086600000| Complete 
| 103|0x0000000086700000, 0x0000000086800000, 0x0000000086800000|100%| E|CS|TAMS 0x0000000086700000, 0x0000000086700000| Complete 
| 104|0x0000000086800000, 0x0000000086900000, 0x0000000086900000|100%| E|CS|TAMS 0x0000000086800000, 0x0000000086800000| Complete 
| 105|0x0000000086900000, 0x0000000086a00000, 0x0000000086a00000|100%| E|CS|TAMS 0x0000000086900000, 0x0000000086900000| Complete 
| 106|0x0000000086a00000, 0x0000000086b00000, 0x0000000086b00000|100%| E|CS|TAMS 0x0000000086a00000, 0x0000000086a00000| Complete 
| 107|0x0000000086b00000, 0x0000000086c00000, 0x0000000086c00000|100%| E|CS|TAMS 0x0000000086b00000, 0x0000000086b00000| Complete 
| 108|0x0000000086c00000, 0x0000000086d00000, 0x0000000086d00000|100%| E|CS|TAMS 0x0000000086c00000, 0x0000000086c00000| Complete 
| 109|0x0000000086d00000, 0x0000000086e00000, 0x0000000086e00000|100%| E|CS|TAMS 0x0000000086d00000, 0x0000000086d00000| Complete 
| 110|0x0000000086e00000, 0x0000000086f00000, 0x0000000086f00000|100%| E|CS|TAMS 0x0000000086e00000, 0x0000000086e00000| Complete 
| 123|0x0000000087b00000, 0x0000000087c00000, 0x0000000087c00000|100%| E|CS|TAMS 0x0000000087b00000, 0x0000000087b00000| Complete 

Card table byte_map: [0x000001eab4100000,0x000001eab4500000] _byte_map_base: 0x000001eab3d00000

Marking Bits (Prev, Next): (CMBitMap*) 0x000001ea9f7bb3f0, (CMBitMap*) 0x000001ea9f7bb430
 Prev Bits: [0x000001eab4900000, 0x000001eab6900000)
 Next Bits: [0x000001eab6900000, 0x000001eab8900000)

Polling page: 0x000001ea9f7d0000

Metaspace:

Usage:
  Non-class:     46.95 MB used.
      Class:      6.28 MB used.
       Both:     53.23 MB used.

Virtual space:
  Non-class space:       64.00 MB reserved,      47.25 MB ( 74%) committed,  1 nodes.
      Class space:        1.00 GB reserved,       6.56 MB ( <1%) committed,  1 nodes.
             Both:        1.06 GB reserved,      53.81 MB (  5%) committed. 

Chunk freelists:
   Non-Class:  268.00 KB
       Class:  9.25 MB
        Both:  9.52 MB

MaxMetaspaceSize: unlimited
CompressedClassSpaceSize: 1.00 GB
Initial GC threshold: 21.00 MB
Current GC threshold: 59.00 MB
CDS: off
MetaspaceReclaimPolicy: balanced
 - commit_granule_bytes: 65536.
 - commit_granule_words: 8192.
 - virtual_space_node_default_size: 8388608.
 - enlarge_chunks_in_place: 1.
 - new_chunks_are_fully_committed: 0.
 - uncommit_free_chunks: 1.
 - use_allocation_guard: 0.
 - handle_deallocations: 1.


Internal statistics:

num_allocs_failed_limit: 6.
num_arena_births: 808.
num_arena_deaths: 0.
num_vsnodes_births: 2.
num_vsnodes_deaths: 0.
num_space_committed: 861.
num_space_uncommitted: 0.
num_chunks_returned_to_freelist: 6.
num_chunks_taken_from_freelist: 2246.
num_chunk_merges: 6.
num_chunk_splits: 1549.
num_chunks_enlarged: 1115.
num_inconsistent_stats: 0.

CodeHeap 'non-profiled nmethods': size=120000Kb used=3249Kb max_used=3249Kb free=116750Kb
 bounds [0x000001eaabd70000, 0x000001eaac0a0000, 0x000001eab32a0000]
CodeHeap 'profiled nmethods': size=120000Kb used=9286Kb max_used=9286Kb free=110713Kb
 bounds [0x000001eaa42a0000, 0x000001eaa4bc0000, 0x000001eaab7d0000]
CodeHeap 'non-nmethods': size=5760Kb used=2355Kb max_used=2405Kb free=3404Kb
 bounds [0x000001eaab7d0000, 0x000001eaaba40000, 0x000001eaabd70000]
 total_blobs=5915 nmethods=5052 adapters=775
 compilation: enabled
              stopped_count=0, restarted_count=0
 full_count=0

Compilation events (20 events):
Event: 33.242 Thread 0x000001eabb4b9d10 nmethod 5775 0x000001eaa4bafd10 code [0x000001eaa4bafea0, 0x000001eaa4baffb8]
Event: 33.243 Thread 0x000001eabb4b6f40 5777       4       java.lang.ClassLoader::loadClass (7 bytes)
Event: 33.243 Thread 0x000001eabb4b6f40 nmethod 5777 0x000001eaac09a610 code [0x000001eaac09a780, 0x000001eaac09a818]
Event: 33.244 Thread 0x000001eabb4b9d10 5778       3       groovyjarjarasm.asm.SymbolTable::addConstantClass (8 bytes)
Event: 33.244 Thread 0x000001eabb4b9d10 nmethod 5778 0x000001eaa4bb0090 code [0x000001eaa4bb0220, 0x000001eaa4bb0368]
Event: 33.244 Thread 0x000001eabb4b9d10 5779       3       groovyjarjarasm.asm.Handler::getExceptionTableLength (21 bytes)
Event: 33.244 Thread 0x000001eabb4b9d10 nmethod 5779 0x000001eaa4bb0410 code [0x000001eaa4bb05a0, 0x000001eaa4bb0738]
Event: 33.250 Thread 0x000001eabb4b9d10 5781       3       java.util.ImmutableCollections$MapN$MapNIterator::nextIndex (56 bytes)
Event: 33.250 Thread 0x000001eabb4b9d10 nmethod 5781 0x000001eaa4bb0810 code [0x000001eaa4bb09a0, 0x000001eaa4bb0b18]
Event: 33.251 Thread 0x000001eabb4b6f40 5782       4       java.lang.StringConcatHelper::mix (27 bytes)
Event: 33.251 Thread 0x000001eabb4b9d10 5783       3       java.util.Formatter$FixedString::<init> (26 bytes)
Event: 33.252 Thread 0x000001eabb4b9d10 nmethod 5783 0x000001eaa4bb0c10 code [0x000001eaa4bb0dc0, 0x000001eaa4bb0ff8]
Event: 33.252 Thread 0x000001eabb4b9d10 5784       3       java.util.Formatter$FixedString::print (26 bytes)
Event: 33.252 Thread 0x000001eabb4b9d10 nmethod 5784 0x000001eaa4bb1110 code [0x000001eaa4bb12c0, 0x000001eaa4bb14a8]
Event: 33.252 Thread 0x000001eabb4b9d10 5785       3       java.lang.StringBuilder::append (8 bytes)
Event: 33.252 Thread 0x000001eabb4b9d10 nmethod 5785 0x000001eaa4bb1590 code [0x000001eaa4bb1740, 0x000001eaa4bb18e8]
Event: 33.253 Thread 0x000001eabb4b6f40 nmethod 5782 0x000001eaac09ad10 code [0x000001eaac09ae80, 0x000001eaac09af38]
Event: 33.254 Thread 0x000001eabb4b9d10 5786       3       java.util.Collections$UnmodifiableMap$UnmodifiableEntrySet$1::hasNext (10 bytes)
Event: 33.254 Thread 0x000001eabb4b9d10 nmethod 5786 0x000001eaa4bb1a10 code [0x000001eaa4bb1bc0, 0x000001eaa4bb1d88]
Event: 33.257 Thread 0x000001eac3501550 nmethod 5771 0x000001eaac09b090 code [0x000001eaac09b2a0, 0x000001eaac09bc10]

GC Heap History (20 events):
Event: 3.139 GC heap before
{Heap before GC invocations=3 (full 0):
 garbage-first heap   total 126976K, used 36312K [0x0000000080000000, 0x0000000100000000)
  region size 1024K, 22 young (22528K), 5 survivors (5120K)
 Metaspace       used 21372K, committed 21504K, reserved 1114112K
  class space    used 2245K, committed 2304K, reserved 1048576K
}
Event: 3.149 GC heap after
{Heap after GC invocations=4 (full 0):
 garbage-first heap   total 126976K, used 21428K [0x0000000080000000, 0x0000000100000000)
  region size 1024K, 5 young (5120K), 5 survivors (5120K)
 Metaspace       used 21372K, committed 21504K, reserved 1114112K
  class space    used 2245K, committed 2304K, reserved 1048576K
}
Event: 3.590 GC heap before
{Heap before GC invocations=5 (full 0):
 garbage-first heap   total 78848K, used 59316K [0x0000000080000000, 0x0000000100000000)
  region size 1024K, 43 young (44032K), 5 survivors (5120K)
 Metaspace       used 22131K, committed 22336K, reserved 1114112K
  class space    used 2316K, committed 2432K, reserved 1048576K
}
Event: 3.602 GC heap after
{Heap after GC invocations=6 (full 0):
 garbage-first heap   total 78848K, used 22020K [0x0000000080000000, 0x0000000100000000)
  region size 1024K, 2 young (2048K), 2 survivors (2048K)
 Metaspace       used 22131K, committed 22336K, reserved 1114112K
  class space    used 2316K, committed 2432K, reserved 1048576K
}
Event: 4.229 GC heap before
{Heap before GC invocations=6 (full 0):
 garbage-first heap   total 78848K, used 52740K [0x0000000080000000, 0x0000000100000000)
  region size 1024K, 32 young (32768K), 2 survivors (2048K)
 Metaspace       used 24717K, committed 25024K, reserved 1114112K
  class space    used 2597K, committed 2752K, reserved 1048576K
}
Event: 4.236 GC heap after
{Heap after GC invocations=7 (full 0):
 garbage-first heap   total 95232K, used 23525K [0x0000000080000000, 0x0000000100000000)
  region size 1024K, 4 young (4096K), 4 survivors (4096K)
 Metaspace       used 24717K, committed 25024K, reserved 1114112K
  class space    used 2597K, committed 2752K, reserved 1048576K
}
Event: 5.724 GC heap before
{Heap before GC invocations=7 (full 0):
 garbage-first heap   total 95232K, used 64485K [0x0000000080000000, 0x0000000100000000)
  region size 1024K, 44 young (45056K), 4 survivors (4096K)
 Metaspace       used 33515K, committed 33920K, reserved 1114112K
  class space    used 3703K, committed 3904K, reserved 1048576K
}
Event: 5.740 GC heap after
{Heap after GC invocations=8 (full 0):
 garbage-first heap   total 95232K, used 26997K [0x0000000080000000, 0x0000000100000000)
  region size 1024K, 6 young (6144K), 6 survivors (6144K)
 Metaspace       used 33515K, committed 33920K, reserved 1114112K
  class space    used 3703K, committed 3904K, reserved 1048576K
}
Event: 6.019 GC heap before
{Heap before GC invocations=8 (full 0):
 garbage-first heap   total 95232K, used 35189K [0x0000000080000000, 0x0000000100000000)
  region size 1024K, 15 young (15360K), 6 survivors (6144K)
 Metaspace       used 35596K, committed 35968K, reserved 1114112K
  class space    used 3890K, committed 4096K, reserved 1048576K
}
Event: 6.033 GC heap after
{Heap after GC invocations=9 (full 0):
 garbage-first heap   total 95232K, used 27721K [0x0000000080000000, 0x0000000100000000)
  region size 1024K, 1 young (1024K), 1 survivors (1024K)
 Metaspace       used 35596K, committed 35968K, reserved 1114112K
  class space    used 3890K, committed 4096K, reserved 1048576K
}
Event: 6.796 GC heap before
{Heap before GC invocations=10 (full 0):
 garbage-first heap   total 95232K, used 70729K [0x0000000080000000, 0x0000000100000000)
  region size 1024K, 43 young (44032K), 1 survivors (1024K)
 Metaspace       used 38675K, committed 39104K, reserved 1114112K
  class space    used 4241K, committed 4480K, reserved 1048576K
}
Event: 6.801 GC heap after
{Heap after GC invocations=11 (full 0):
 garbage-first heap   total 95232K, used 28938K [0x0000000080000000, 0x0000000100000000)
  region size 1024K, 3 young (3072K), 3 survivors (3072K)
 Metaspace       used 38675K, committed 39104K, reserved 1114112K
  class space    used 4241K, committed 4480K, reserved 1048576K
}
Event: 7.094 GC heap before
{Heap before GC invocations=11 (full 0):
 garbage-first heap   total 95232K, used 75018K [0x0000000080000000, 0x0000000100000000)
  region size 1024K, 45 young (46080K), 3 survivors (3072K)
 Metaspace       used 39880K, committed 40320K, reserved 1114112K
  class space    used 4321K, committed 4544K, reserved 1048576K
}
Event: 7.100 GC heap after
{Heap after GC invocations=12 (full 0):
 garbage-first heap   total 95232K, used 29338K [0x0000000080000000, 0x0000000100000000)
  region size 1024K, 3 young (3072K), 3 survivors (3072K)
 Metaspace       used 39880K, committed 40320K, reserved 1114112K
  class space    used 4321K, committed 4544K, reserved 1048576K
}
Event: 7.366 GC heap before
{Heap before GC invocations=12 (full 0):
 garbage-first heap   total 95232K, used 74394K [0x0000000080000000, 0x0000000100000000)
  region size 1024K, 47 young (48128K), 3 survivors (3072K)
 Metaspace       used 40084K, committed 40576K, reserved 1114112K
  class space    used 4334K, committed 4544K, reserved 1048576K
}
Event: 7.376 GC heap after
{Heap after GC invocations=13 (full 0):
 garbage-first heap   total 95232K, used 30724K [0x0000000080000000, 0x0000000100000000)
  region size 1024K, 4 young (4096K), 4 survivors (4096K)
 Metaspace       used 40084K, committed 40576K, reserved 1114112K
  class space    used 4334K, committed 4544K, reserved 1048576K
}
Event: 8.343 GC heap before
{Heap before GC invocations=13 (full 0):
 garbage-first heap   total 95232K, used 75780K [0x0000000080000000, 0x0000000100000000)
  region size 1024K, 48 young (49152K), 4 survivors (4096K)
 Metaspace       used 44100K, committed 44608K, reserved 1114112K
  class space    used 4875K, committed 5120K, reserved 1048576K
}
Event: 8.358 GC heap after
{Heap after GC invocations=14 (full 0):
 garbage-first heap   total 114688K, used 34139K [0x0000000080000000, 0x0000000100000000)
  region size 1024K, 6 young (6144K), 6 survivors (6144K)
 Metaspace       used 44100K, committed 44608K, reserved 1114112K
  class space    used 4875K, committed 5120K, reserved 1048576K
}
Event: 12.241 GC heap before
{Heap before GC invocations=14 (full 0):
 garbage-first heap   total 114688K, used 90459K [0x0000000080000000, 0x0000000100000000)
  region size 1024K, 62 young (63488K), 6 survivors (6144K)
 Metaspace       used 53270K, committed 53824K, reserved 1114112K
  class space    used 6258K, committed 6528K, reserved 1048576K
}
Event: 12.269 GC heap after
{Heap after GC invocations=15 (full 0):
 garbage-first heap   total 114688K, used 37895K [0x0000000080000000, 0x0000000100000000)
  region size 1024K, 7 young (7168K), 7 survivors (7168K)
 Metaspace       used 53270K, committed 53824K, reserved 1114112K
  class space    used 6258K, committed 6528K, reserved 1048576K
}

Dll operation events (10 events):
Event: 0.033 Loaded shared library C:\Users\dell\.katalon\packages\KSE-10.4.3\jre\bin\java.dll
Event: 0.372 Loaded shared library C:\Users\dell\.katalon\packages\KSE-10.4.3\jre\bin\net.dll
Event: 0.374 Loaded shared library C:\Users\dell\.katalon\packages\KSE-10.4.3\jre\bin\nio.dll
Event: 0.386 Loaded shared library C:\Users\dell\.katalon\packages\KSE-10.4.3\jre\bin\zip.dll
Event: 0.980 Loaded shared library C:\Users\dell\.katalon\packages\KSE-10.4.3\jre\bin\verify.dll
Event: 1.325 Loaded shared library C:\Users\dell\.katalon\packages\KSE-10.4.3\jre\bin\jimage.dll
Event: 6.487 Loaded shared library C:\Users\dell\.katalon\packages\KSE-10.4.3\jre\bin\extnet.dll
Event: 8.265 Loaded shared library C:\Users\dell\.katalon\packages\KSE-10.4.3\jre\bin\management.dll
Event: 8.274 Loaded shared library C:\Users\dell\.katalon\packages\KSE-10.4.3\jre\bin\management_ext.dll
Event: 8.720 Loaded shared library C:\Users\dell\.katalon\packages\KSE-10.4.3\jre\bin\sunmscapi.dll

Deoptimization events (20 events):
Event: 33.061 Thread 0x000001ea9f75f090 DEOPT PACKING pc=0x000001eaabe02b34 sp=0x000000684ccfaa80
Event: 33.061 Thread 0x000001ea9f75f090 DEOPT UNPACKING pc=0x000001eaab82a1a3 sp=0x000000684ccfaa70 mode 2
Event: 33.061 Thread 0x000001ea9f75f090 Uncommon trap: trap_request=0xffffffbe fr.pc=0x000001eaabe02b34 relative=0x0000000000001874
Event: 33.061 Thread 0x000001ea9f75f090 Uncommon trap: reason=profile_predicate action=maybe_recompile pc=0x000001eaabe02b34 method=java.lang.StringLatin1$CharsSpliterator.forEachRemaining(Ljava/util/function/IntConsumer;)V @ 68 c2
Event: 33.061 Thread 0x000001ea9f75f090 DEOPT PACKING pc=0x000001eaabe02b34 sp=0x000000684ccfa690
Event: 33.061 Thread 0x000001ea9f75f090 DEOPT UNPACKING pc=0x000001eaab82a1a3 sp=0x000000684ccfa680 mode 2
Event: 33.061 Thread 0x000001ea9f75f090 Uncommon trap: trap_request=0xffffffbe fr.pc=0x000001eaabe02b34 relative=0x0000000000001874
Event: 33.061 Thread 0x000001ea9f75f090 Uncommon trap: reason=profile_predicate action=maybe_recompile pc=0x000001eaabe02b34 method=java.lang.StringLatin1$CharsSpliterator.forEachRemaining(Ljava/util/function/IntConsumer;)V @ 68 c2
Event: 33.061 Thread 0x000001ea9f75f090 DEOPT PACKING pc=0x000001eaabe02b34 sp=0x000000684ccfa670
Event: 33.061 Thread 0x000001ea9f75f090 DEOPT UNPACKING pc=0x000001eaab82a1a3 sp=0x000000684ccfa660 mode 2
Event: 33.061 Thread 0x000001ea9f75f090 Uncommon trap: trap_request=0xffffffbe fr.pc=0x000001eaabe02b34 relative=0x0000000000001874
Event: 33.061 Thread 0x000001ea9f75f090 Uncommon trap: reason=profile_predicate action=maybe_recompile pc=0x000001eaabe02b34 method=java.lang.StringLatin1$CharsSpliterator.forEachRemaining(Ljava/util/function/IntConsumer;)V @ 68 c2
Event: 33.061 Thread 0x000001ea9f75f090 DEOPT PACKING pc=0x000001eaabe02b34 sp=0x000000684ccfad00
Event: 33.061 Thread 0x000001ea9f75f090 DEOPT UNPACKING pc=0x000001eaab82a1a3 sp=0x000000684ccfacf0 mode 2
Event: 33.123 Thread 0x000001ea9f75f090 DEOPT PACKING pc=0x000001eaa47a8057 sp=0x000000684ccfa510
Event: 33.123 Thread 0x000001ea9f75f090 DEOPT UNPACKING pc=0x000001eaab82ace3 sp=0x000000684ccf9998 mode 0
Event: 33.161 Thread 0x000001ea9f75f090 Uncommon trap: trap_request=0xfffffff4 fr.pc=0x000001eaac084a5c relative=0x00000000000002fc
Event: 33.161 Thread 0x000001ea9f75f090 Uncommon trap: reason=null_check action=make_not_entrant pc=0x000001eaac084a5c method=sun.invoke.util.VerifyType.isNullConversion(Ljava/lang/Class;Ljava/lang/Class;Z)Z @ 22 c2
Event: 33.161 Thread 0x000001ea9f75f090 DEOPT PACKING pc=0x000001eaac084a5c sp=0x000000684ccfc450
Event: 33.161 Thread 0x000001ea9f75f090 DEOPT UNPACKING pc=0x000001eaab82a1a3 sp=0x000000684ccfc3f8 mode 2

Classes loaded (20 events):
Event: 12.093 Loading class sun/reflect/annotation/TypeAnnotation$LocationInfo$Location
Event: 12.093 Loading class sun/reflect/annotation/TypeAnnotation$LocationInfo$Location done
Event: 12.324 Loading class java/lang/reflect/AnnotatedParameterizedType
Event: 12.324 Loading class java/lang/reflect/AnnotatedParameterizedType done
Event: 12.335 Loading class java/lang/reflect/AnnotatedWildcardType
Event: 12.335 Loading class java/lang/reflect/AnnotatedWildcardType done
Event: 12.405 Loading class java/lang/reflect/AnnotatedArrayType
Event: 12.405 Loading class java/lang/reflect/AnnotatedArrayType done
Event: 12.560 Loading class java/lang/invoke/BoundMethodHandle$Species_LLLLLLLLLL
Event: 12.561 Loading class java/lang/invoke/BoundMethodHandle$Species_LLLLLLLLLL done
Event: 12.562 Loading class java/lang/invoke/BoundMethodHandle$Species_LLLLLLLLLLL
Event: 12.563 Loading class java/lang/invoke/BoundMethodHandle$Species_LLLLLLLLLLL done
Event: 12.564 Loading class java/lang/invoke/BoundMethodHandle$Species_LLLLLLLLLLLL
Event: 12.564 Loading class java/lang/invoke/BoundMethodHandle$Species_LLLLLLLLLLLL done
Event: 12.566 Loading class java/lang/invoke/BoundMethodHandle$Species_LLLLLLLLLLLLL
Event: 12.566 Loading class java/lang/invoke/BoundMethodHandle$Species_LLLLLLLLLLLLL done
Event: 12.750 Loading class java/lang/StackTraceElement$HashedModules
Event: 12.750 Loading class java/lang/StackTraceElement$HashedModules done
Event: 12.816 Loading class sun/net/www/protocol/https/Handler
Event: 12.817 Loading class sun/net/www/protocol/https/Handler done

Classes unloaded (0 events):
No events

Classes redefined (0 events):
No events

Internal exceptions (20 events):
Event: 10.819 Thread 0x000001eac40933d0 Exception <a 'java/lang/NoSuchMethodError'{0x00000000859a3c78}: 'java.lang.Object java.lang.invoke.DirectMethodHandle$Holder.newInvokeSpecial(java.lang.Object, java.lang.Object, long, java.lang.Object, java.lang.Object, java.lang.Object)'> (0x00000000859a3c78) 
thrown [s\src\hotspot\share\interpreter\linkResolver.cpp, line 759]
Event: 10.825 Thread 0x000001eac40933d0 Exception <a 'java/lang/NoSuchMethodError'{0x00000000859c8c78}: 'void java.lang.invoke.DirectMethodHandle$Holder.invokeSpecial(java.lang.Object, java.lang.Object, java.lang.Object, java.lang.Object, java.lang.Object, java.lang.Object, java.lang.Object)'> (0x00000000859c8c78) 
thrown [s\src\hotspot\share\interpreter\linkResolver.cpp, line 759]
Event: 10.830 Thread 0x000001eac40933d0 Implicit null exception at 0x000001eaabf095ec to 0x000001eaabf09694
Event: 10.850 Thread 0x000001ea9f75f090 Exception <a 'java/lang/NoSuchMethodError'{0x0000000085f47d40}: 'java.lang.Object java.lang.invoke.DirectMethodHandle$Holder.invokeSpecialIFC(java.lang.Object, java.lang.Object, java.lang.Object)'> (0x0000000085f47d40) 
thrown [s\src\hotspot\share\interpreter\linkResolver.cpp, line 759]
Event: 11.076 Thread 0x000001ea9f75f090 Exception <a 'java/lang/ClassNotFoundException'{0x0000000084f767d8}: sun/util/logging/resources/spi/loggingProvider> (0x0000000084f767d8) 
thrown [s\src\hotspot\share\classfile\systemDictionary.cpp, line 256]
Event: 12.540 Thread 0x000001ea9f75f090 Exception <a 'java/lang/NoSuchMethodError'{0x0000000086a9d8e8}: 'java.lang.Object java.lang.invoke.DirectMethodHandle$Holder.newInvokeSpecial(java.lang.Object, java.lang.Object, java.lang.Object, java.lang.Object, java.lang.Object, java.lang.Object)'> (0x0000000086a9d8e8) 
thrown [s\src\hotspot\share\interpreter\linkResolver.cpp, line 759]
Event: 12.567 Thread 0x000001ea9f75f090 Exception <a 'java/lang/NoSuchMethodError'{0x000000008691d910}: 'java.lang.Object java.lang.invoke.DirectMethodHandle$Holder.invokeSpecial(java.lang.Object, java.lang.Object, long, java.lang.Object, java.lang.Object, java.lang.Object, java.lang.Object, int, java.lang.Object, int)'> (0x000000008691d910) 
thrown [s\src\hotspot\share\interpreter\linkResolver.cpp, line 759]
Event: 12.568 Thread 0x000001ea9f75f090 Exception <a 'java/lang/NoSuchMethodError'{0x0000000086922418}: 'java.lang.Object java.lang.invoke.DelegatingMethodHandle$Holder.reinvoke_L(java.lang.Object, long, java.lang.Object, java.lang.Object, java.lang.Object, java.lang.Object, int, java.lang.Object, int)'> (0x0000000086922418) 
thrown [s\src\hotspot\share\interpreter\linkResolver.cpp, line 759]
Event: 12.570 Thread 0x000001ea9f75f090 Exception <a 'java/lang/NoSuchMethodError'{0x0000000086938938}: 'java.lang.Object java.lang.invoke.DirectMethodHandle$Holder.invokeSpecial(java.lang.Object, java.lang.Object, java.lang.Object, java.lang.Object, java.lang.Object, java.lang.Object, int, java.lang.Object, int)'> (0x0000000086938938) 
thrown [s\src\hotspot\share\interpreter\linkResolver.cpp, line 759]
Event: 12.734 Thread 0x000001ea9f75f090 Exception <a 'java/lang/ClassNotFoundException'{0x0000000086752958}: com/kms/katalon/core/webui/driver/DriverFactoryBeanInfo> (0x0000000086752958) 
thrown [s\src\hotspot\share\classfile\systemDictionary.cpp, line 256]
Event: 12.742 Thread 0x000001ea9f75f090 Exception <a 'java/lang/ClassNotFoundException'{0x0000000086772f78}: com/kms/katalon/core/webui/driver/DriverFactoryCustomizer> (0x0000000086772f78) 
thrown [s\src\hotspot\share\classfile\systemDictionary.cpp, line 256]
Event: 12.795 Thread 0x000001ea9f75f090 Exception <a 'java/lang/ClassNotFoundException'{0x00000000865cc600}: com/kms/katalon/core/webui/keyword/builtin/NavigateToUrlKeywordBeanInfo> (0x00000000865cc600) 
thrown [s\src\hotspot\share\classfile\systemDictionary.cpp, line 256]
Event: 12.801 Thread 0x000001ea9f75f090 Exception <a 'java/lang/ClassNotFoundException'{0x00000000865edb30}: com/kms/katalon/core/webui/keyword/builtin/NavigateToUrlKeywordCustomizer> (0x00000000865edb30) 
thrown [s\src\hotspot\share\classfile\systemDictionary.cpp, line 256]
Event: 33.004 Thread 0x000001ea9f75f090 Exception <a 'java/lang/ClassNotFoundException'{0x000000008626e028}: com/kms/katalon/core/testobject/ObjectRepositoryBeanInfo> (0x000000008626e028) 
thrown [s\src\hotspot\share\classfile\systemDictionary.cpp, line 256]
Event: 33.008 Thread 0x000001ea9f75f090 Exception <a 'java/lang/ClassNotFoundException'{0x000000008628d420}: com/kms/katalon/core/testobject/ObjectRepositoryCustomizer> (0x000000008628d420) 
thrown [s\src\hotspot\share\classfile\systemDictionary.cpp, line 256]
Event: 33.120 Thread 0x000001ea9f75f090 Exception <a 'java/lang/ClassNotFoundException'{0x00000000860d1cc0}: Script1BeanInfo> (0x00000000860d1cc0) 
thrown [s\src\hotspot\share\classfile\systemDictionary.cpp, line 256]
Event: 33.124 Thread 0x000001ea9f75f090 Exception <a 'java/lang/ClassNotFoundException'{0x00000000860f5000}: Script1Customizer> (0x00000000860f5000) 
thrown [s\src\hotspot\share\classfile\systemDictionary.cpp, line 256]
Event: 33.161 Thread 0x000001ea9f75f090 Implicit null exception at 0x000001eaac0847ae to 0x000001eaac084a48
Event: 33.183 Thread 0x000001ea9f75f090 Exception <a 'java/lang/ClassNotFoundException'{0x0000000085e6dc20}: com/kms/katalon/core/webui/keyword/builtin/ClickKeywordBeanInfo> (0x0000000085e6dc20) 
thrown [s\src\hotspot\share\classfile\systemDictionary.cpp, line 256]
Event: 33.187 Thread 0x000001ea9f75f090 Exception <a 'java/lang/ClassNotFoundException'{0x0000000085e8e1a8}: com/kms/katalon/core/webui/keyword/builtin/ClickKeywordCustomizer> (0x0000000085e8e1a8) 
thrown [s\src\hotspot\share\classfile\systemDictionary.cpp, line 256]

VM Operations (20 events):
Event: 9.980 Executing VM operation: Cleanup
Event: 9.980 Executing VM operation: Cleanup done
Event: 10.801 Executing VM operation: HandshakeAllThreads
Event: 10.801 Executing VM operation: HandshakeAllThreads done
Event: 11.809 Executing VM operation: Cleanup
Event: 11.809 Executing VM operation: Cleanup done
Event: 12.241 Executing VM operation: G1CollectForAllocation
Event: 12.269 Executing VM operation: G1CollectForAllocation done
Event: 12.443 Executing VM operation: HandshakeAllThreads
Event: 12.443 Executing VM operation: HandshakeAllThreads done
Event: 12.653 Executing VM operation: ICBufferFull
Event: 12.653 Executing VM operation: ICBufferFull done
Event: 13.655 Executing VM operation: Cleanup
Event: 13.655 Executing VM operation: Cleanup done
Event: 33.038 Executing VM operation: HandshakeAllThreads
Event: 33.038 Executing VM operation: HandshakeAllThreads done
Event: 33.038 Executing VM operation: Cleanup
Event: 33.039 Executing VM operation: Cleanup done
Event: 34.041 Executing VM operation: Cleanup
Event: 34.042 Executing VM operation: Cleanup done

Memory protections (0 events):
No events

Nmethod flushes (20 events):
Event: 7.386 Thread 0x000001eabb4bce10 flushing  nmethod 0x000001eaa497b510
Event: 7.386 Thread 0x000001eabb4bce10 flushing  nmethod 0x000001eaa497c490
Event: 7.386 Thread 0x000001eabb4bce10 flushing  nmethod 0x000001eaa497db90
Event: 7.386 Thread 0x000001eabb4bce10 flushing  nmethod 0x000001eaa4986f90
Event: 7.386 Thread 0x000001eabb4bce10 flushing  nmethod 0x000001eaa498cd90
Event: 7.386 Thread 0x000001eabb4bce10 flushing  nmethod 0x000001eaa498df10
Event: 7.386 Thread 0x000001eabb4bce10 flushing  nmethod 0x000001eaa498ef90
Event: 7.386 Thread 0x000001eabb4bce10 flushing  nmethod 0x000001eaa498f790
Event: 7.386 Thread 0x000001eabb4bce10 flushing  nmethod 0x000001eaa4990790
Event: 7.386 Thread 0x000001eabb4bce10 flushing  nmethod 0x000001eaa4991610
Event: 7.386 Thread 0x000001eabb4bce10 flushing  nmethod 0x000001eaa4991e90
Event: 7.386 Thread 0x000001eabb4bce10 flushing  nmethod 0x000001eaa4992310
Event: 7.386 Thread 0x000001eabb4bce10 flushing  nmethod 0x000001eaa4992f10
Event: 7.386 Thread 0x000001eabb4bce10 flushing  nmethod 0x000001eaa4999690
Event: 7.386 Thread 0x000001eabb4bce10 flushing  nmethod 0x000001eaa499a990
Event: 7.386 Thread 0x000001eabb4bce10 flushing  nmethod 0x000001eaa499ad10
Event: 7.386 Thread 0x000001eabb4bce10 flushing  nmethod 0x000001eaa499b410
Event: 7.386 Thread 0x000001eabb4bce10 flushing  nmethod 0x000001eaa499b810
Event: 7.386 Thread 0x000001eabb4bce10 flushing  nmethod 0x000001eaa499c210
Event: 7.387 Thread 0x000001eabb4bce10 flushing  nmethod 0x000001eaa4a96610

Events (20 events):
Event: 9.184 Thread 0x000001eac1e9b830 Thread added: 0x000001eac40924a0
Event: 10.802 Thread 0x000001eac1c34a20 Thread exited: 0x000001eac1c34a20
Event: 10.802 Thread 0x000001eac01a6300 Thread exited: 0x000001eac01a6300
Event: 10.934 Thread 0x000001ea9f75f090 Thread added: 0x000001eac40938e0
Event: 10.946 Thread 0x000001eabb4b6f40 Thread added: 0x000001eac3363c70
Event: 10.958 Thread 0x000001ea9f75f090 Thread added: 0x000001eac40929b0
Event: 10.966 Thread 0x000001eac40938e0 Thread added: 0x000001eac4093df0
Event: 10.967 Thread 0x000001eac40938e0 Thread added: 0x000001eac4094300
Event: 11.011 Thread 0x000001ea9f75f090 Thread added: 0x000001eac4092ec0
Event: 11.012 Thread 0x000001ea9f75f090 Thread added: 0x000001eac4091060
Event: 11.015 Thread 0x000001eac4092ec0 Thread added: 0x000001eac4988fd0
Event: 11.016 Thread 0x000001eac4092ec0 Thread added: 0x000001eac49880a0
Event: 11.016 Thread 0x000001eac4092ec0 Thread added: 0x000001eac4987680
Event: 11.349 Thread 0x000001eac40929b0 Thread added: 0x000001eac4987b90
Event: 11.369 Thread 0x000001eac3363c70 Thread exited: 0x000001eac3363c70
Event: 11.728 Thread 0x000001eabb4b9d10 Thread added: 0x000001eac3500ab0
Event: 13.992 Thread 0x000001eac4091a80 Thread exited: 0x000001eac4091a80
Event: 17.884 Thread 0x000001eac3500ab0 Thread exited: 0x000001eac3500ab0
Event: 33.054 Thread 0x000001eabb4b9d10 Thread added: 0x000001eac3501550
Event: 33.058 Thread 0x000001eabb4b9d10 Thread added: 0x000001eac3502540


Dynamic libraries:
0x00007ff73ac70000 - 0x00007ff73ac7e000 	C:\Users\dell\.katalon\packages\KSE-10.4.3\jre\bin\javaw.exe
0x00007ff95e5c0000 - 0x00007ff95e827000 	C:\WINDOWS\SYSTEM32\ntdll.dll
0x00007ff95cdd0000 - 0x00007ff95ce99000 	C:\WINDOWS\System32\KERNEL32.DLL
0x00007ff95bbf0000 - 0x00007ff95bfdf000 	C:\WINDOWS\System32\KERNELBASE.dll
0x00007ff9581b0000 - 0x00007ff95824f000 	C:\WINDOWS\SYSTEM32\apphelp.dll
0x00007ff95c160000 - 0x00007ff95c2ab000 	C:\WINDOWS\System32\ucrtbase.dll
0x00007ff948b50000 - 0x00007ff948b6e000 	C:\Users\dell\.katalon\packages\KSE-10.4.3\jre\bin\VCRUNTIME140.dll
0x00007ff948da0000 - 0x00007ff948db7000 	C:\Users\dell\.katalon\packages\KSE-10.4.3\jre\bin\jli.dll
0x00007ff95c960000 - 0x00007ff95cb25000 	C:\WINDOWS\System32\USER32.dll
0x00007ff95bb00000 - 0x00007ff95bb27000 	C:\WINDOWS\System32\win32u.dll
0x00007ff93b6a0000 - 0x00007ff93b933000 	C:\WINDOWS\WinSxS\amd64_microsoft.windows.common-controls_6595b64144ccf1df_6.0.26100.7309_none_3e05feeae336a044\COMCTL32.dll
0x00007ff95d8c0000 - 0x00007ff95d8eb000 	C:\WINDOWS\System32\GDI32.dll
0x00007ff95c550000 - 0x00007ff95c5f9000 	C:\WINDOWS\System32\msvcrt.dll
0x00007ff95b7a0000 - 0x00007ff95b8cc000 	C:\WINDOWS\System32\gdi32full.dll
0x00007ff95c2b0000 - 0x00007ff95c353000 	C:\WINDOWS\System32\msvcp_win.dll
0x00007ff95cea0000 - 0x00007ff95ced1000 	C:\WINDOWS\System32\IMM32.DLL
0x00007ff955fc0000 - 0x00007ff955fcc000 	C:\Users\dell\.katalon\packages\KSE-10.4.3\jre\bin\vcruntime140_1.dll
0x00007ff947aa0000 - 0x00007ff947b2d000 	C:\Users\dell\.katalon\packages\KSE-10.4.3\jre\bin\msvcp140.dll
0x00007ff89c850000 - 0x00007ff89d4bb000 	C:\Users\dell\.katalon\packages\KSE-10.4.3\jre\bin\server\jvm.dll
0x00007ff95d3f0000 - 0x00007ff95d4a4000 	C:\WINDOWS\System32\ADVAPI32.dll
0x00007ff95d5f0000 - 0x00007ff95d696000 	C:\WINDOWS\System32\sechost.dll
0x00007ff95d4b0000 - 0x00007ff95d5c8000 	C:\WINDOWS\System32\RPCRT4.dll
0x00007ff95cee0000 - 0x00007ff95cf54000 	C:\WINDOWS\System32\WS2_32.dll
0x00007ff95b570000 - 0x00007ff95b5ce000 	C:\WINDOWS\SYSTEM32\POWRPROF.dll
0x00007ff952d30000 - 0x00007ff952d65000 	C:\WINDOWS\SYSTEM32\WINMM.dll
0x00007ff94ae60000 - 0x00007ff94ae6b000 	C:\WINDOWS\SYSTEM32\VERSION.dll
0x00007ff95b550000 - 0x00007ff95b564000 	C:\WINDOWS\SYSTEM32\UMPDC.dll
0x00007ff95a460000 - 0x00007ff95a47b000 	C:\WINDOWS\SYSTEM32\kernel.appcore.dll
0x00007ff94b430000 - 0x00007ff94b43a000 	C:\Users\dell\.katalon\packages\KSE-10.4.3\jre\bin\jimage.dll
0x00007ff958260000 - 0x00007ff9584a2000 	C:\WINDOWS\SYSTEM32\DBGHELP.DLL
0x00007ff95cf60000 - 0x00007ff95d2e5000 	C:\WINDOWS\System32\combase.dll
0x00007ff95c600000 - 0x00007ff95c6d6000 	C:\WINDOWS\System32\OLEAUT32.dll
0x00007ff9395f0000 - 0x00007ff93962c000 	C:\WINDOWS\SYSTEM32\dbgcore.DLL
0x00007ff95b8d0000 - 0x00007ff95b975000 	C:\WINDOWS\System32\bcryptPrimitives.dll
0x00007ff948980000 - 0x00007ff9489a5000 	C:\Users\dell\.katalon\packages\KSE-10.4.3\jre\bin\java.dll
0x00007ff948c70000 - 0x00007ff948c88000 	C:\Users\dell\.katalon\packages\KSE-10.4.3\jre\bin\zip.dll
0x00007ff95de10000 - 0x00007ff95e563000 	C:\WINDOWS\System32\SHELL32.dll
0x00007ff95bff0000 - 0x00007ff95c15a000 	C:\WINDOWS\System32\wintypes.dll
0x00007ff959330000 - 0x00007ff959b8e000 	C:\WINDOWS\SYSTEM32\windows.storage.dll
0x00007ff95c450000 - 0x00007ff95c545000 	C:\WINDOWS\System32\SHCORE.dll
0x00007ff95c750000 - 0x00007ff95c7b6000 	C:\WINDOWS\System32\shlwapi.dll
0x00007ff95b630000 - 0x00007ff95b659000 	C:\WINDOWS\SYSTEM32\profapi.dll
0x00007ff947930000 - 0x00007ff947949000 	C:\Users\dell\.katalon\packages\KSE-10.4.3\jre\bin\net.dll
0x00007ff94acf0000 - 0x00007ff94ae18000 	C:\WINDOWS\SYSTEM32\WINHTTP.dll
0x00007ff95aa30000 - 0x00007ff95aa9b000 	C:\WINDOWS\system32\mswsock.dll
0x00007ff947850000 - 0x00007ff947866000 	C:\Users\dell\.katalon\packages\KSE-10.4.3\jre\bin\nio.dll
0x00007ff94b360000 - 0x00007ff94b370000 	C:\Users\dell\.katalon\packages\KSE-10.4.3\jre\bin\verify.dll
0x00007ff94b370000 - 0x00007ff94b379000 	C:\Users\dell\.katalon\packages\KSE-10.4.3\jre\bin\extnet.dll
0x00007ff959fc0000 - 0x00007ff95a0ec000 	C:\WINDOWS\SYSTEM32\DNSAPI.dll
0x00007ff959f80000 - 0x00007ff959fb4000 	C:\WINDOWS\SYSTEM32\IPHLPAPI.DLL
0x00007ff95c6e0000 - 0x00007ff95c6ea000 	C:\WINDOWS\System32\NSI.dll
0x00007ff94b060000 - 0x00007ff94b06b000 	C:\Windows\System32\rasadhlp.dll
0x00007ff94c3c0000 - 0x00007ff94c446000 	C:\WINDOWS\System32\fwpuclnt.dll
0x00007ff948430000 - 0x00007ff94843a000 	C:\Users\dell\.katalon\packages\KSE-10.4.3\jre\bin\management.dll
0x00007ff947840000 - 0x00007ff94784b000 	C:\Users\dell\.katalon\packages\KSE-10.4.3\jre\bin\management_ext.dll
0x00007ff95c740000 - 0x00007ff95c748000 	C:\WINDOWS\System32\PSAPI.DLL
0x00007ff95acf0000 - 0x00007ff95ad0b000 	C:\WINDOWS\SYSTEM32\CRYPTSP.dll
0x00007ff95a420000 - 0x00007ff95a45a000 	C:\WINDOWS\system32\rsaenh.dll
0x00007ff95aae0000 - 0x00007ff95ab0b000 	C:\WINDOWS\SYSTEM32\USERENV.dll
0x00007ff95b600000 - 0x00007ff95b62a000 	C:\WINDOWS\SYSTEM32\bcrypt.dll
0x00007ff95ad10000 - 0x00007ff95ad1c000 	C:\WINDOWS\SYSTEM32\CRYPTBASE.dll
0x00007ff94b900000 - 0x00007ff94b91e000 	C:\WINDOWS\SYSTEM32\dhcpcsvc6.DLL
0x00007ff94b8b0000 - 0x00007ff94b8d3000 	C:\WINDOWS\SYSTEM32\dhcpcsvc.DLL
0x00007ff94b390000 - 0x00007ff94b39e000 	C:\Users\dell\.katalon\packages\KSE-10.4.3\jre\bin\sunmscapi.dll
0x00007ff95b980000 - 0x00007ff95baf7000 	C:\WINDOWS\System32\CRYPT32.dll
0x00007ff95af10000 - 0x00007ff95af40000 	C:\WINDOWS\SYSTEM32\ncrypt.dll
0x00007ff95aec0000 - 0x00007ff95aeff000 	C:\WINDOWS\SYSTEM32\NTASN1.dll
0x00007ff9000a0000 - 0x00007ff9000a8000 	C:\WINDOWS\system32\wshunix.dll

dbghelp: loaded successfully - version: 4.0.5 - missing functions: none
symbol engine: initialized successfully - sym options: 0x614 - pdb path: .;C:\Users\dell\.katalon\packages\KSE-10.4.3\jre\bin;C:\WINDOWS\SYSTEM32;C:\WINDOWS\WinSxS\amd64_microsoft.windows.common-controls_6595b64144ccf1df_6.0.26100.7309_none_3e05feeae336a044;C:\Users\dell\.katalon\packages\KSE-10.4.3\jre\bin\server

VM Arguments:
jvm_args: -Dgroovy.home=C:\Users\dell/.groovy -Djava.system.class.loader=groovy.lang.GroovyClassLoader -Xmx2048m -Dfile.encoding=UTF-8 -Dstdout.encoding=UTF-8 -Dstderr.encoding=UTF-8 -XX:+ShowCodeDetailsInExceptionMessages 
java_command: org.codehaus.groovy.tools.GroovyStarter --classpath C:\Users\dell\Katalon Studio\Project\bin\keyword;C:\Users\dell\Katalon Studio\Project\Keywords;C:\Users\dell\Katalon Studio\Project\bin\listener;C:\Users\dell\Katalon Studio\Project\Test Listeners;C:\Users\dell\Katalon Studio\Project\bin\lib;C:\Users\dell\Katalon Studio\Project\Libs;C:\Users\dell\Katalon Studio\Project\bin\groovy;C:\Users\dell\Katalon Studio\Project\Include\scripts\groovy;C:\Users\dell\.katalon\packages\KSE-10.4.3\plugins\com.kms.katalon.core_1.0.0.202512220625.jar;C:\Users\dell\.katalon\packages\KSE-10.4.3\configuration\resources\lib\aalto-xml-1.0.0.jar;C:\Users\dell\.katalon\packages\KSE-10.4.3\configuration\resources\lib\aws-2.20.3-fat.jar;C:\Users\dell\.katalon\packages\KSE-10.4.3\configuration\resources\lib\browsermob-core-2.1.5.jar;C:\Users\dell\.katalon\packages\KSE-10.4.3\configuration\resources\lib\byte-buddy-1.14.3.jar;C:\Users\dell\.katalon\packages\KSE-10.4.3\configuration\resources\lib\byte-buddy-agent-1.14.3.jar;C:\Users\dell\.katalon\packages\KSE-10.4.3\configuration\resources\lib\commons-codec-1.10.jar;C:\Users\dell\.katalon\packages\KSE-10.4.3\configuration\resources\lib\commons-collections4-4.1.jar;C:\Users\dell\.katalon\packages\KSE-10.4.3\configuration\resources\lib\commons-javaflow-20060411.jar;C:\Users\dell\.katalon\packages\KSE-10.4.3\configuration\resources\lib\commons-logging-1.3.4.jar;C:\Users\dell\.katalon\packages\KSE-10.4.3\configuration\resources\lib\curvesapi-1.04.jar;C:\Users\dell\.katalon\packages\KSE-10.4.3\configuration\resources\lib\dnsjava-3.6.2.jar;C:\Users\dell\.katalon\packages\KSE-10.4.3\configuration\resources\lib\ecj-3.21.0.jar;C:\Users\dell\.katalon\packages\KSE-10.4.3\configuration\resources\lib\fontbox-3.0.4.jar;C:\Users\dell\.katalon\packages\KSE-10.4.3\configuration\resources\lib\groovy-3.0.17.jar;C:\Users\dell\.katalon\packages\KSE-10.4.3\configuration\resources\lib\jackson-coreutils-2.0.jar;C:\Users\dell\.katalon\packages\KSE-10.4.3\
java_class_path (initial): C:\Users\dell\Katalon Studio\Project\bin\keyword;C:\Users\dell\Katalon Studio\Project\bin\listener;C:\Users\dell\Katalon Studio\Project\bin\lib;C:\Users\dell\Katalon Studio\Project\bin\groovy;C:\Users\dell\Katalon Studio\Project\bin;C:\Users\dell\.katalon\packages\KSE-10.4.3\plugins\com.kms.katalon.core_1.0.0.202512220625.jar;C:\Users\dell\.katalon\packages\KSE-10.4.3\configuration\resources\lib\aalto-xml-1.0.0.jar;C:\Users\dell\.katalon\packages\KSE-10.4.3\configuration\resources\lib\aws-2.20.3-fat.jar;C:\Users\dell\.katalon\packages\KSE-10.4.3\configuration\resources\lib\browsermob-core-2.1.5.jar;C:\Users\dell\.katalon\packages\KSE-10.4.3\configuration\resources\lib\byte-buddy-1.14.3.jar;C:\Users\dell\.katalon\packages\KSE-10.4.3\configuration\resources\lib\byte-buddy-agent-1.14.3.jar;C:\Users\dell\.katalon\packages\KSE-10.4.3\configuration\resources\lib\commons-codec-1.10.jar;C:\Users\dell\.katalon\packages\KSE-10.4.3\configuration\resources\lib\commons-collections4-4.1.jar;C:\Users\dell\.katalon\packages\KSE-10.4.3\configuration\resources\lib\commons-javaflow-20060411.jar;C:\Users\dell\.katalon\packages\KSE-10.4.3\configuration\resources\lib\commons-logging-1.3.4.jar;C:\Users\dell\.katalon\packages\KSE-10.4.3\configuration\resources\lib\curvesapi-1.04.jar;C:\Users\dell\.katalon\packages\KSE-10.4.3\configuration\resources\lib\dnsjava-3.6.2.jar;C:\Users\dell\.katalon\packages\KSE-10.4.3\configuration\resources\lib\ecj-3.21.0.jar;C:\Users\dell\.katalon\packages\KSE-10.4.3\configuration\resources\lib\fontbox-3.0.4.jar;C:\Users\dell\.katalon\packages\KSE-10.4.3\configuration\resources\lib\groovy-3.0.17.jar;C:\Users\dell\.katalon\packages\KSE-10.4.3\configuration\resources\lib\jackson-coreutils-2.0.jar;C:\Users\dell\.katalon\packages\KSE-10.4.3\configuration\resources\lib\jackson-coreutils-equivalence-1.0.jar;C:\Users\dell\.katalon\packages\KSE-10.4.3\configuration\resources\lib\jasperreports-6.20.5.jar;C:\Users\dell\.katalon\packages\KSE-
Launcher Type: SUN_STANDARD

[Global flags]
     intx CICompilerCount                          = 4                                         {product} {ergonomic}
     uint ConcGCThreads                            = 2                                         {product} {ergonomic}
     uint G1ConcRefinementThreads                  = 8                                         {product} {ergonomic}
   size_t G1HeapRegionSize                         = 1048576                                   {product} {ergonomic}
    uintx GCDrainStackTargetSize                   = 64                                        {product} {ergonomic}
   size_t InitialHeapSize                          = 130023424                                 {product} {ergonomic}
   size_t MarkStackSize                            = 4194304                                   {product} {ergonomic}
   size_t MaxHeapSize                              = 2147483648                                {product} {command line}
   size_t MaxNewSize                               = 1287651328                                {product} {ergonomic}
   size_t MinHeapDeltaBytes                        = 1048576                                   {product} {ergonomic}
   size_t MinHeapSize                              = 8388608                                   {product} {ergonomic}
    uintx NonNMethodCodeHeapSize                   = 5839372                                {pd product} {ergonomic}
    uintx NonProfiledCodeHeapSize                  = 122909434                              {pd product} {ergonomic}
    uintx ProfiledCodeHeapSize                     = 122909434                              {pd product} {ergonomic}
    uintx ReservedCodeCacheSize                    = 251658240                              {pd product} {ergonomic}
     bool SegmentedCodeCache                       = true                                      {product} {ergonomic}
     bool ShowCodeDetailsInExceptionMessages       = true                                   {manageable} {command line}
   size_t SoftMaxHeapSize                          = 2147483648                             {manageable} {ergonomic}
     bool UseCompressedClassPointers               = true                           {product lp64_product} {ergonomic}
     bool UseCompressedOops                        = true                           {product lp64_product} {ergonomic}
     bool UseG1GC                                  = true                                      {product} {ergonomic}
     bool UseLargePagesIndividualAllocation        = false                                  {pd product} {ergonomic}

Logging:
Log output configuration:
 #0: stdout all=warning uptime,level,tags
 #1: stderr all=off uptime,level,tags

Environment Variables:
PATH=C:/Users/dell/.katalon/packages/KSE-10.4.3/jre/bin/server;C:/Users/dell/.katalon/packages/KSE-10.4.3/jre/bin;C:\Python314\Scripts\;C:\Python314\;C:\Program Files\Common Files\Oracle\Java\javapath;C:\Windows\system32;C:\Windows;C:\Windows\System32\Wbem;C:\Windows\System32\WindowsPowerShell\v1.0\;C:\Windows\System32\OpenSSH\;C:\Program Files\NVIDIA Corporation\NVIDIA NvDLISR;C:\WINDOWS\system32;C:\WINDOWS;C:\WINDOWS\System32\Wbem;C:\WINDOWS\System32\WindowsPowerShell\v1.0\;C:\WINDOWS\System32\OpenSSH\;C:\Program Files\Microsoft SQL Server\Client SDK\ODBC\170\Tools\Binn\;C:\Program Files (x86)\Microsoft SQL Server\150\Tools\Binn\;C:\Program Files\Microsoft SQL Server\150\Tools\Binn\;C:\Program Files\Microsoft SQL Server\150\DTS\Binn\;C:\Program Files\dotnet\;C:\oraclexe\sqldeveloper\jdk\jre\bin;C:\Program Files\Java\jdk-11\bin;C:\allure-2.9.0\bin;C:\allure-2.23.1\bin;C:\Users\dell\AppData\Local\Programs\Python\Python311\Scripts;C:\Program Files (x86)\Microsoft SQL Server\110\Tools\Binn\ManagementStudio\;C:\Program Files (x86)\Microsoft SQL Server\110\Tools\Binn\;C:\Program Files (x86)\Microsoft Visual Studio 11.0\Common7\IDE\PrivateAssemblies\;C:\Program Files (x86)\Microsoft SQL Server\110\DTS\Binn\;C:\Program Files\nodejs\;C:\ProgramData\chocolatey\bin;C:\Users\dell\AppData\Local\Microsoft\WindowsApps;;G:\Python\PyCharm Community Edition 2023.1.3\bin;;C:\Users\dell\AppData\Roaming\npm;C:\Users\dell\AppData\Local\Programs\Microsoft VS Code\bin;C:\Users\dell\.katalon\packages\KSE-10.4.3;
USERNAME=dell
OS=Windows_NT
PROCESSOR_IDENTIFIER=Intel64 Family 6 Model 140 Stepping 1, GenuineIntel
TMP=C:\Users\dell\AppData\Local\Temp
TEMP=C:\Users\dell\AppData\Local\Temp



Periodic native trim disabled


---------------  S Y S T E M  ---------------

OS:
 Windows 11 , 64 bit Build 26100 (10.0.26100.7309)
OS uptime: 23 days 0:44 hours

CPU: total 8 (initial active 8) (4 cores per cpu, 2 threads per core) family 6 model 140 stepping 1 microcode 0xbc, cx8, cmov, fxsr, ht, mmx, 3dnowpref, sse, sse2, sse3, ssse3, sse4.1, sse4.2, popcnt, lzcnt, tsc, tscinvbit, avx, avx2, aes, erms, clmul, bmi1, bmi2, adx, avx512f, avx512dq, avx512cd, avx512bw, avx512vl, sha, fma, vzeroupper, avx512_vpopcntdq, avx512_vpclmulqdq, avx512_vaes, avx512_vnni, clflush, clflushopt, clwb, avx512_vbmi2, avx512_vbmi
Processor Information for all 8 processors :
  Max Mhz: 2419, Current Mhz: 2419, Mhz Limit: 2419

Memory: 4k page, system-wide physical 7926M (580M free)
TotalPageFile size 28406M (AvailPageFile size 3M)
current process WorkingSet (physical memory assigned to process): 215M, peak: 288M
current process commit charge ("private bytes"): 310M, peak: 325M

vm_info: OpenJDK 64-Bit Server VM (17.0.14+7) for windows-amd64 JRE (17.0.14+7), built on Jan 21 2025 23:40:15 by "admin" with MS VC++ 17.7 (VS2022)

END.
