#
# There is insufficient memory for the Java Runtime Environment to continue.
# Native memory allocation (malloc) failed to allocate 270896 bytes. Error detail: Chunk::new
# Possible reasons:
#   The system is out of physical RAM or swap space
#   This process is running with CompressedOops enabled, and the Java Heap may be blocking the growth of the native heap
# Possible solutions:
#   Reduce memory load on the system
#   Increase physical memory or swap space
#   Check if swap backing store is full
#   Decrease Java heap size (-Xmx/-Xms)
#   Decrease number of Java threads
#   Decrease Java thread stack sizes (-Xss)
#   Set larger code cache with -XX:ReservedCodeCacheSize=
#   JVM is running with Unscaled Compressed Oops mode in which the Java heap is
#     placed in the first 4GB address space. The Java Heap base address is the
#     maximum limit for the native heap growth. Please use -XX:HeapBaseMinAddress
#     to set the Java Heap base and to place the Java Heap above 4GB virtual address.
# This output file may be truncated or incomplete.
#
#  Out of Memory Error (arena.cpp:191), pid=23420, tid=9432
#
# JRE version: OpenJDK Runtime Environment Temurin-17.0.14+7 (17.0.14+7) (build 17.0.14+7)
# Java VM: OpenJDK 64-Bit Server VM Temurin-17.0.14+7 (17.0.14+7, mixed mode, tiered, compressed oops, compressed class ptrs, g1 gc, windows-amd64)
# No core dump will be written. Minidumps are not enabled by default on client versions of Windows
#

---------------  S U M M A R Y ------------

Command Line: -Dgroovy.home=C:\Users\dell/.groovy -Djava.system.class.loader=groovy.lang.GroovyClassLoader -Xmx2048m -Dfile.encoding=UTF-8 -Dstdout.encoding=UTF-8 -Dstderr.encoding=UTF-8 -XX:+ShowCodeDetailsInExceptionMessages org.codehaus.groovy.tools.GroovyStarter --classpath C:\Users\dell\Katalon Studio\Project\bin\keyword;C:\Users\dell\Katalon Studio\Project\Keywords;C:\Users\dell\Katalon Studio\Project\bin\listener;C:\Users\dell\Katalon Studio\Project\Test Listeners;C:\Users\dell\Katalon Studio\Project\bin\lib;C:\Users\dell\Katalon Studio\Project\Libs;C:\Users\dell\Katalon Studio\Project\bin\groovy;C:\Users\dell\Katalon Studio\Project\Include\scripts\groovy;C:\Users\dell\.katalon\packages\KSE-10.4.3\plugins\com.kms.katalon.core_1.0.0.202512220625.jar;C:\Users\dell\.katalon\packages\KSE-10.4.3\configuration\resources\lib\aalto-xml-1.0.0.jar;C:\Users\dell\.katalon\packages\KSE-10.4.3\configuration\resources\lib\aws-2.20.3-fat.jar;C:\Users\dell\.katalon\packages\KSE-10.4.3\configuration\resources\lib\browsermob-core-2.1.5.jar;C:\Users\dell\.katalon\packages\KSE-10.4.3\configuration\resources\lib\byte-buddy-1.14.3.jar;C:\Users\dell\.katalon\packages\KSE-10.4.3\configuration\resources\lib\byte-buddy-agent-1.14.3.jar;C:\Users\dell\.katalon\packages\KSE-10.4.3\configuration\resources\lib\commons-codec-1.10.jar;C:\Users\dell\.katalon\packages\KSE-10.4.3\configuration\resources\lib\commons-collections4-4.1.jar;C:\Users\dell\.katalon\packages\KSE-10.4.3\configuration\resources\lib\commons-javaflow-20060411.jar;C:\Users\dell\.katalon\packages\KSE-10.4.3\configuration\resources\lib\commons-logging-1.3.4.jar;C:\Users\dell\.katalon\packages\KSE-10.4.3\configuration\resources\lib\curvesapi-1.04.jar;C:\Users\dell\.katalon\packages\KSE-10.4.3\configuration\resources\lib\dnsjava-3.6.2.jar;C:\Users\dell\.katalon\packages\KSE-10.4.3\configuration\resources\lib\ecj-3.21.0.jar;C:\Users\dell\.katalon\packages\KSE-10.4.3\configuration\resources\lib\fontbox-3.0.4.jar;C:\Users\dell\.katalon\packages\KSE-10.4.3\configuration\resources\lib\groovy-3.0.17.jar;C:\Users\dell\.katalon\packages\KSE-10.4.3\configuration\resources\lib\jackson-coreutils-2.0.jar;C:\Users\dell\.katalon\packages\KSE-10.4.3\configuration\resources\lib\jackson-coreutils-equivalence-1.0.jar;C:\Users\dell\.katalon\packages\KSE-10.4.3\configuration\resources\lib\jasperreports-6.20.5.jar;C:\Users\dell\.katalon\packages\KSE-10.4.3\configuration\resources\lib\jasperreports-fonts-6.20.5.jar;C:\Users\dell\.katalon\packages\KSE-10.4.3\configuration\resources\lib\javax.servlet-api_3.1.0.jar;C:\Users\dell\.katalon\packages\KSE-10.4.3\configuration\resources\lib\jna-5.12.1.jar;C:\Users\dell\.katalon\packages\KSE-10.4.3\configuration\resources\lib\jna-platform-5.12.1.jar;C:\Users\dell\.katalon\packages\KSE-10.4.3\configuration\resources\lib\json-schema-core-1.2.14.jar;C:\Users\dell\.katalon\packages\KSE-10.4.3\configuration\resources\lib\json-schema-validator-2.2.14.jar;C:\Users\dell\.katalon\packages\KSE-10.4.3\configuration\resources\lib\jzlib-1.1.3.jar;C:\Users\dell\.katalon\packages\KSE-10.4.3\configuration\resources\lib\kat-server.jar;C:\Users\dell\.katalon\packages\KSE-10.4.3\configuration\resources\lib\littleproxy-1.1.0-beta-bmp-17.jar;C:\Users\dell\.katalon\packages\KSE-10.4.3\configuration\resources\lib\log4j-1.2-api-2.17.1.jar;C:\Users\dell\.katalon\packages\KSE-10.4.3\configuration\resources\lib\log4j-api-2.17.1.jar;C:\Users\dell\.katalon\packages\KSE-10.4.3\configuration\resources\lib\log4j-core-2.17.1.jar;C:\Users\dell\.katalon\packages\KSE-10.4.3\configuration\resources\lib\mitm-2.1.5.jar;C:\Users\dell\.katalon\packages\KSE-10.4.3\configuration\resources\lib\mockito-core-5.2.0.jar;C:\Users\dell\.katalon\packages\KSE-10.4.3\configuration\resources\lib\mockito-inline-5.2.0.jar;C:\Users\dell\.katalon\packages\KSE-10.4.3\configuration\resources\lib\objenesis-3.3.jar;C:\Users\dell\.katalon\packages\KSE-10.4.3\configuration\resources\lib\openpdf-1.3.30.jaspersoft.2.jar;C:\Users\dell\.katalon\packages\KSE-10.4.3\configuration\resources\lib\pdfbox-3.0.4.jar;C:\Users\dell\.katalon\packages\KSE-10.4.3\configuration\resources\lib\pdfbox-io-3.0.4.jar;C:\Users\dell\.katalon\packages\KSE-10.4.3\configuration\resources\lib\poi-3.17.jar;C:\Users\dell\.katalon\packages\KSE-10.4.3\configuration\resources\lib\poi-ooxml-3.17.jar;C:\Users\dell\.katalon\packages\KSE-10.4.3\configuration\resources\lib\poi-ooxml-schemas-3.17.jar;C:\Users\dell\.katalon\packages\KSE-10.4.3\configuration\resources\lib\repackaged-sikuli-api-1.0.2-standalone.jar;C:\Users\dell\.katalon\packages\KSE-10.4.3\configuration\resources\lib\selenium-shutterbug-1.1.jar;C:\Users\dell\.katalon\packages\KSE-10.4.3\configuration\resources\lib\soap-builder-1.0.0.jar;C:\Users\dell\.katalon\packages\KSE-10.4.3\configuration\resources\lib\soap-common-1.0.0.jar;C:\Users\dell\.katalon\packages\KSE-10.4.3\configuration\resources\lib\soap-legacy-1.0.0.jar;C:\Users\dell\.katalon\packages\KSE-10.4.3\configuration\resources\lib\stax2-api-4.0.0.jar;C:\Users\dell\.katalon\packages\KSE-10.4.3\configuration\resources\lib\su.jar;C:\Users\dell\.katalon\packages\KSE-10.4.3\configuration\resources\lib\swagger-parser-1.0.67-fat.jar;C:\Users\dell\.katalon\packages\KSE-10.4.3\configuration\resources\lib\uri-template-0.1.jar;C:\Users\dell\.katalon\packages\KSE-10.4.3\configuration\resources\lib\wadl.jar;C:\Users\dell\.katalon\packages\KSE-10.4.3\configuration\resources\lib\xmlbeans-3.1.0.jar;C:\Users\dell\.katalon\packages\KSE-10.4.3\plugins\net.sf.supercsv.super-csv_2.4.0.jar;C:\Users\dell\.katalon\packages\KSE-10.4.3\plugins\org.apache.commons.commons-io_2.17.0.jar;C:\Users\dell\.katalon\packages\KSE-10.4.3\plugins\org.apache.commons.lang_2.6.0.jar;C:\Users\dell\.katalon\packages\KSE-10.4.3\plugins\com.google.gson_2.11.0.jar;C:\Users\dell\.katalon\packages\KSE-10.4.3\plugins\org.jsoup_1.21.1.jar;C:\Users\dell\.katalon\packages\KSE-10.4.3\plugins\org.apache.commons.dbutils_1.6.0.jar;C:\Users\dell\.katalon\packages\KSE-10.4.3\plugins\com.oracle.database.jdbc.ojdbc11_21.18.0.0.jar;C:\Users\dell\.katalon\packages\KSE-10.4.3\plugins\org.postgresql.jdbc_42.7.7.jar;c:\Users\dell\.katalon\packages\KSE-10.4.3\plugins\org.eclipse.osgi_3.22.0.v20241030-2121.jar;C:\Users\dell\.katalon\packages\KSE-10.4.3\plugins\com.kms.katalon.constant_1.0.0.202512220625.jar;C:\Users\dell\.katalon\packages\KSE-10.4.3\plugins\org.eclipse.persistence.eclipselink_2.7.11.jar;C:\Users\dell\.katalon\packages\KSE-10.4.3\plugins\com.kms.katalon.selenium-standalone_1.0.0.202512220625.jar;C:\Users\dell\.katalon\packages\KSE-10.4.3\plugins\atu.testrecorder.screen-recorder_2.1.0.jar;C:\Users\dell\.katalon\packages\KSE-10.4.3\plugins\com.google.guava_33.4.8.jre.jar;C:\Users\dell\.katalon\packages\KSE-10.4.3\plugins\com.kms.katalon.util_1.0.0.202512220625.jar;C:\Users\dell\.katalon\packages\KSE-10.4.3\plugins\org.apache.httpcomponents.httpclient_4.5.14.jar;C:\Users\dell\.katalon\packages\KSE-10.4.3\plugins\org.apache.httpcomponents.httpcore_4.4.16.jar;C:\Users\dell\.katalon\packages\KSE-10.4.3\plugins\org.apache.httpcomponents.httpmime_4.5.13.jar;C:\Users\dell\.katalon\packages\KSE-10.4.3\plugins\org.apache.commons.lang3_3.18.0.jar;C:\Users\dell\.katalon\packages\KSE-10.4.3\plugins\org.greenrobot.eventbus_3.1.1.jar;C:\Users\dell\.katalon\packages\KSE-10.4.3\plugins\net.bytebuddy.byte-buddy_1.17.6.jar;C:\Users\dell\.katalon\packages\KSE-10.4.3\plugins\org.junit_4.13.2.v20230809-1000.jar;C:\Users\dell\.katalon\packages\KSE-10.4.3\plugins\com.fasterxml.jackson.core.jackson-databind_2.18.4.jar;C:\Users\dell\.katalon\packages\KSE-10.4.3\plugins\com.fasterxml.jackson.core.jackson-core_2.18.4.jar;C:\Users\dell\.katalon\packages\KSE-10.4.3\plugins\com.fasterxml.jackson.core.jackson-annotations_2.18.4.jar;C:\Users\dell\.katalon\packages\KSE-10.4.3\plugins\slf4j.api_2.0.17.jar;C:\Users\dell\.katalon\packages\KSE-10.4.3\plugins\org.fusesource.jansi_1.17.1.jar;C:\Users\dell\.katalon\packages\KSE-10.4.3\plugins\com.kms.katalon.netlightbody_1.0.0.202512220625.jar;C:\Users\dell\.katalon\packages\KSE-10.4.3\plugins\com.kms.katalon.poi_1.0.0.202512220625.jar;C:\Users\dell\.katalon\packages\KSE-10.4.3\plugins\org.apache.commons.commons-text_1.10.0.jar;C:\Users\dell\.katalon\packages\KSE-10.4.3\plugins\com.microsoft.sqlserver.mssql-jdbc_12.6.5.jar;C:\Users\dell\.katalon\packages\KSE-10.4.3\plugins\com.github.kklisura.cdt.java-client_2.1.0.jar;C:\Users\dell\.katalon\packages\KSE-10.4.3\plugins\javax.websocket-api_1.1.0.jar;C:\Users\dell\.katalon\packages\KSE-10.4.3\plugins\org.glassfish.tyrus.container-grizzly-client_1.13.1.jar;C:\Users\dell\.katalon\packages\KSE-10.4.3\plugins\org.glassfish.grizzly.http-server_2.3.25.jar;C:\Users\dell\.katalon\packages\KSE-10.4.3\plugins\org.glassfish.grizzly.framework_2.3.25.jar;C:\Users\dell\.katalon\packages\KSE-10.4.3\plugins\org.glassfish.grizzly.http_2.3.25.jar;C:\Users\dell\.katalon\packages\KSE-10.4.3\plugins\org.glassfish.tyrus.client_1.13.1.jar;C:\Users\dell\.katalon\packages\KSE-10.4.3\plugins\org.glassfish.tyrus.core_1.13.1.jar;C:\Users\dell\.katalon\packages\KSE-10.4.3\plugins\org.glassfish.tyrus.spi_1.13.1.jar;C:\Users\dell\.katalon\packages\KSE-10.4.3\plugins\javassist_3.28.0.GA.jar;C:\Users\dell\.katalon\packages\KSE-10.4.3\plugins\graphql-java_22.3.0.jar;C:\Users\dell\.katalon\packages\KSE-10.4.3\plugins\org.glassfish.jaxb.runtime_2.3.6.jar;C:\Users\dell\.katalon\packages\KSE-10.4.3\plugins\org.glassfish.jaxb.txw2_2.3.6.jar;C:\Users\dell\.katalon\packages\KSE-10.4.3\plugins\org.dom4j_2.1.4.jar;C:\Users\dell\.katalon\packages\KSE-10.4.3\plugins\com.kms.katalon.groovy-extended_1.0.0.202512220625.jar;C:\Users\dell\.katalon\packages\KSE-10.4.3\plugins\com.sun.activation.javax.activation_1.2.0.jar;C:\Users\dell\.katalon\packages\KSE-10.4.3\plugins\jakarta.xml.bind-api_4.0.2.jar;C:\Users\dell\.katalon\packages\KSE-10.4.3\plugins\org.eclipse.jface_3.35.100.v20241003-1431.jar;C:\Users\dell\.katalon\packages\KSE-10.4.3\plugins\com.kms.katalon.logging_1.0.0.202512220625.jar;C:\Users\dell\.katalon\packages\KSE-10.4.3\plugins\json_20240303.0.0.jar;C:\Users\dell\.katalon\packages\KSE-10.4.3\plugins\assertj-core_3.25.3.jar;C:\Users\dell\.katalon\packages\KSE-10.4.3\plugins\com.networknt.json-schema-validator_1.5.7.jar;C:\Users\dell\.katalon\packages\KSE-10.4.3\plugins\com.kms.katalon.network.apache_1.0.0.202512220625.jar;C:\Users\dell\.katalon\packages\KSE-10.4.3\plugins\com.kms.katalon.network.core_1.0.0.202512220625.jar;C:\Users\dell\.katalon\packages\KSE-10.4.3\plugins\java-dataloader_3.3.0.jar;C:\Users\dell\.katalon\packages\KSE-10.4.3\plugins\org.apache.commons.collections_3.2.2.v201511171945.jar;C:\Users\dell\.katalon\packages\KSE-10.4.3\plugins\org.apache.commons.commons-collections4_4.4.0.jar;C:\Users\dell\.katalon\packages\KSE-10.4.3\plugins\org.apache.commons.digester_2.1.0.jar;C:\Users\dell\.katalon\packages\KSE-10.4.3\plugins\stax2-api_4.2.2.jar;C:\Users\dell\.katalon\packages\KSE-10.4.3\plugins\com.fasterxml.woodstox.woodstox-core_6.6.2.jar;C:\Users\dell\.katalon\packages\KSE-10.4.3\plugins\org.apache.commons.logging_1.2.0.v20180409-1502.jar;C:\Users\dell\.katalon\packages\KSE-10.4.3\plugins\org.apache.commons.commons-beanutils_1.11.0.jar;C:\Users\dell\.katalon\packages\KSE-10.4.3\plugins\com.kms.katalon.report.core_1.0.0.202512220625.jar;C:\Users\dell\.katalon\packages\KSE-10.4.3\plugins\org.seleniumhq.selenium.selenium-api_4.34.0.jar;C:\Users\dell\.katalon\packages\KSE-10.4.3\plugins\org.seleniumhq.selenium.selenium-remote-driver_4.34.0.jar;C:\Users\dell\.katalon\packages\KSE-10.4.3\plugins\org.seleniumhq.selenium.selenium-http_4.34.0.jar;C:\Users\dell\.katalon\packages\KSE-10.4.3\plugins\ch.qos.logback.classic_1.5.19.jar;C:\Users\dell\.katalon\packages\KSE-10.4.3\plugins\ch.qos.logback.core_1.5.19.jar;C:\Users\dell\.katalon\packages\KSE-10.4.3\plugins\log4j.over.slf4j_1.7.36.jar;C:\Users\dell\.katalon\packages\KSE-10.4.3\plugins\org.eclipse.e4.core.contexts_1.13.0.v20241014-2013.jar;C:\Users\dell\.katalon\packages\KSE-10.4.3\plugins\com.github.oshi.oshi-core_6.9.1.jar;C:\Users\dell\.katalon\packages\KSE-10.4.3\plugins\com.sun.jna_5.18.1.jar;C:\Users\dell\.katalon\packages\KSE-10.4.3\plugins\com.sun.jna.platform_5.18.1.jar;C:\Users\dell\.katalon\packages\KSE-10.4.3\plugins\org.bidib.com.github.markusbernhardt.proxy-vole_1.1.7.jar;C:\Users\dell\.katalon\packages\KSE-10.4.3\plugins\org.hamcrest.core_1.3.0.jar;C:\Users\dell\.katalon\packages\KSE-10.4.3\plugins\org.beanshell.bsh_2.0.0.0b4.jar;C:\Users\dell\.katalon\packages\KSE-10.4.3\plugins\org.apache.ant.launcher_1.9.6.jar;C:\Users\dell\.katalon\packages\KSE-10.4.3\plugins\org.seleniumhq.selenium.selenium-chrome-driver_4.34.0.jar;C:\Users\dell\.katalon\packages\KSE-10.4.3\plugins\org.seleniumhq.selenium.selenium-chromium-driver_4.34.0.jar;C:\Users\dell\.katalon\packages\KSE-10.4.3\plugins\org.seleniumhq.selenium.selenium-edge-driver_4.34.0.jar;C:\Users\dell\.katalon\packages\KSE-10.4.3\plugins\org.seleniumhq.selenium.selenium-firefox-driver_4.34.0.jar;C:\Users\dell\.katalon\packages\KSE-10.4.3\plugins\org.seleniumhq.selenium.selenium-safari-driver_4.34.0.jar;C:\Users\dell\.katalon\packages\KSE-10.4.3\plugins\org.seleniumhq.selenium.selenium-ie-driver_4.34.0.jar;C:\Users\dell\.katalon\packages\KSE-10.4.3\plugins\org.seleniumhq.selenium.selenium-manager_4.34.0.jar;C:\Users\dell\.katalon\packages\KSE-10.4.3\plugins\org.seleniumhq.selenium.selenium-json_4.34.0.jar;C:\Users\dell\.katalon\packages\KSE-10.4.3\plugins\com.kms.katalon.core.appium_1.0.0.202512220625.jar;C:\Users\dell\.katalon\packages\KSE-10.4.3\plugins\org.seleniumhq.selenium.selenium-os_4.34.0.jar;C:\Users\dell\.katalon\packages\KSE-10.4.3\plugins\io.appium.java-client_9.5.0.jar;C:\Users\dell\.katalon\packages\KSE-10.4.3\plugins\org.eclipse.e4.core.services_2.5.0.v20241015-2219.jar;C:\Users\dell\.katalon\packages\KSE-10.4.3\plugins\org.eclipse.osgi.services_3.12.100.v20240327-0645.jar;C:\Users\dell\.katalon\packages\KSE-10.4.3\plugins\org.eclipse.equinox.common_3.19.200.v20241004-0654.jar;C:\Users\dell\.katalon\packages\KSE-10.4.3\plugins\com.kms.katalon.platform.core_1.0.0.202512220625.jar;C:\Users\dell\.katalon\packages\KSE-10.4.3\plugins\com.kms.katalon.common_1.0.0.202512220625.jar;C:\Users\dell\.katalon\packages\KSE-10.4.3\plugins\com.kms.katalon.session.core_1.0.0.202512220625.jar;C:\Users\dell\.katalon\packages\KSE-10.4.3\plugins\org.eclipse.e4.core.di_1.9.500.v20240606-1236.jar;C:\Users\dell\.katalon\packages\KSE-10.4.3\plugins\com.kms.katalon.execution.core_1.0.0.202512220625.jar;C:\Users\dell\.katalon\packages\KSE-10.4.3\plugins\org.eclipse.equinox.registry_3.12.200.v20241004-0654.jar;C:\Users\dell\.katalon\packages\KSE-10.4.3\plugins\oauth2-oidc-sdk_11.29.1.jar;C:\Users\dell\.katalon\packages\KSE-10.4.3\plugins\dev.failsafe_3.3.2.jar;C:\Users\dell\.katalon\packages\KSE-10.4.3\plugins\com.fasterxml.jackson.datatype.jackson-datatype-jsr310_2.17.2.jar;C:\Users\dell\.katalon\packages\KSE-10.4.3\plugins\org.eclipse.e4.core.di.annotations_1.8.400.v20240413-1529.jar;C:\Users\dell\.katalon\packages\KSE-10.4.3\plugins\net.minidev.json-smart_2.5.2.jar;C:\Users\dell\.katalon\packages\KSE-10.4.3\plugins\com.kms.katalon.core.webui_1.0.0.202512220625.jar;C:\Users\dell\.katalon\packages\KSE-10.4.3\plugins\org.seleniumhq.selenium.selenium-support_4.34.0.jar;C:\Users\dell\.katalon\packages\KSE-10.4.3\plugins\org.seleniumhq.selenium.selenium-devtools-v142_4.38.0.jar;C:\Users\dell\.katalon\packages\KSE-10.4.3\plugins\com.kms.katalon.core.mobile_1.0.0.202512220625.jar;C:\Users\dell\.katalon\packages\KSE-10.4.3\plugins\org.apache.commons.commons-validator_1.7.0.jar;C:\Users\dell\.katalon\packages\KSE-10.4.3\plugins\org.xmlunit.xmlunit-core_2.10.3.jar;C:\Users\dell\.katalon\packages\KSE-10.4.3\plugins\com.kms.katalon.core.cucumber_1.0.0.202512220625.jar;C:\Users\dell\.katalon\packages\KSE-10.4.3\plugins\io.cucumber.core_3.0.3.jar;C:\Users\dell\.katalon\packages\KSE-10.4.3\plugins\io.cucumber.datatable_1.1.16.jar;C:\Users\dell\.katalon\packages\KSE-10.4.3\plugins\io.cucumber.datatable-dependencies_1.1.16.jar;C:\Users\dell\.katalon\packages\KSE-10.4.3\plugins\io.cucumber.expressions_5.0.19.jar;C:\Users\dell\.katalon\packages\KSE-10.4.3\plugins\io.cucumber.gherkin_5.0.0.jar;C:\Users\dell\.katalon\packages\KSE-10.4.3\plugins\io.cucumber.html_0.2.7.jar;C:\Users\dell\.katalon\packages\KSE-10.4.3\plugins\io.cucumber.java_3.0.3.jar;C:\Users\dell\.katalon\packages\KSE-10.4.3\plugins\io.cucumber.tag-expressions_1.1.1.jar;C:\Users\dell\.katalon\packages\KSE-10.4.3\plugins\io.cucumber.junit_3.0.3.jar;C:\Users\dell\.katalon\packages\KSE-10.4.3\plugins\com.kms.katalon.core.webservice_1.0.0.202512220625.jar;C:\Users\dell\.katalon\packages\KSE-10.4.3\plugins\wsdl4j_1.6.2.jar;C:\Users\dell\.katalon\packages\KSE-10.4.3\plugins\com.google.oauth-client.google-oauth-client_1.22.0.jar;C:\Users\dell\.katalon\packages\KSE-10.4.3\plugins\com.google.http-client.google-http-client_1.22.0.jar;C:\Users\dell\.katalon\packages\KSE-10.4.3\plugins\com.kms.katalon.preferences_1.0.0.202512220625.jar;C:\Users\dell\.katalon\packages\KSE-10.4.3\plugins\org.apache.xmlbeans_3.1.0.jar;C:\Users\dell\.katalon\packages\KSE-10.4.3\plugins\com.kms.katalon.entity_1.0.0.202512220625.jar;C:\Users\dell\.katalon\packages\KSE-10.4.3\plugins\jakarta.xml.ws-api_2.3.3.jar;C:\Users\dell\.katalon\packages\KSE-10.4.3\plugins\javax.xml.soap-api_1.4.0.jar;C:\Users\dell\.katalon\packages\KSE-10.4.3\plugins\com.atlassian.oai.swagger-request-validator-core_2.38.0.jar;C:\Users\dell\.katalon\packages\KSE-10.4.3\plugins\io.swagger.compat-spec-parser_1.0.67.jar;C:\Users\dell\.katalon\packages\KSE-10.4.3\plugins\io.swagger.core.v3.swagger-annotations_2.2.14.jar;C:\Users\dell\.katalon\packages\KSE-10.4.3\plugins\io.swagger.core.v3.swagger-core_2.2.14.jar;C:\Users\dell\.katalon\packages\KSE-10.4.3\plugins\io.swagger.core.v3.swagger-models_2.2.14.jar;C:\Users\dell\.katalon\packages\KSE-10.4.3\plugins\io.swagger.parser.v3.swagger-parser-core_2.1.16.jar;C:\Users\dell\.katalon\packages\KSE-10.4.3\plugins\io.swagger.parser.v3.swagger-parser-v2-converter_2.1.16.jar;C:\Users\dell\.katalon\packages\KSE-10.4.3\plugins\com.github.java-json-tools.btf_1.3.0.jar;C:\Users\dell\.katalon\packages\KSE-10.4.3\plugins\com.fasterxml.jackson.dataformat.jackson-dataformat-yaml_2.18.3.jar;C:\Users\dell\.katalon\packages\KSE-10.4.3\plugins\org.yaml.snakeyaml_2.3.0.jar;C:\Users\dell\.katalon\packages\KSE-10.4.3\plugins\com.github.java-json-tools.msg-simple_1.2.0.jar;C:\Users\dell\.katalon\packages\KSE-10.4.3\plugins\jackson-core-asl_1.9.13.jar;C:\Users\dell\.katalon\packages\KSE-10.4.3\plugins\joda-time_2.10.5.jar;C:\Users\dell\.katalon\packages\KSE-10.4.3\plugins\javax.mail-api_1.6.2.jar;C:\Users\dell\.katalon\packages\KSE-10.4.3\plugins\com.googlecode.libphonenumber_8.11.1.jar;C:\Users\dell\.katalon\packages\KSE-10.4.3\plugins\com.google.guava.failureaccess_1.0.3.jar;C:\Users\dell\.katalon\packages\KSE-10.4.3\plugins\io.swagger.parser.v3.swagger-parser_2.1.16.jar;C:\Users\dell\.katalon\packages\KSE-10.4.3\plugins\io.swagger.parser.v3.swagger-parser-v3_2.1.16.jar;C:\Users\dell\.katalon\packages\KSE-10.4.3\plugins\io.swagger.parser_1.0.67.jar;C:\Users\dell\.katalon\packages\KSE-10.4.3\plugins\com.narupley.not-going-to-be-commons-ssl_0.3.20.jar;C:\Users\dell\.katalon\packages\KSE-10.4.3\plugins\com.kms.katalon.core.windows_1.0.0.202512220625.jar;C:\Users\dell\.katalon\packages\KSE-10.4.3\plugins\net.lingala.zip4j_2.11.5.jar;C:\Users\dell\.katalon\packages\KSE-10.4.3\plugins\com.kms.katalon.core.testng_1.0.0.202512220625.jar;C:\Users\dell\.katalon\packages\KSE-10.4.3\plugins\org.testng_7.8.0.jar;C:\Users\dell\.katalon\packages\KSE-10.4.3\plugins\com.beust.jcommander_1.82.0.jar;C:\Users\dell\.katalon\packages\KSE-10.4.3\plugins\org.codehaus.groovy_3.0.23.v202501010125-e2412\lib\groovy-3.0.23-indy.jar;C:\Users\dell\.katalon\packages\KSE-10.4.3\plugins\org.codehaus.groovy_3.0.23.v202501010125-e2412\lib\ivy-2.5.2.jar --main groovy.ui.GroovyMain --encoding UTF-8 --indy C:\Users\dell\Katalon Studio\Project\Libs\TempTestCase1767775295066.groovy

Host: 11th Gen Intel(R) Core(TM) i5-1135G7 @ 2.40GHz, 8 cores, 7G,  Windows 11 , 64 bit Build 26100 (10.0.26100.7309)
Time: Wed Jan  7 14:13:52 2026 India Standard Time elapsed time: 132.605360 seconds (0d 0h 2m 12s)

---------------  T H R E A D  ---------------

Current thread (0x000001fc46a6ae30):  JavaThread "C2 CompilerThread0" daemon [_thread_in_native, id=9432, stack(0x000000c2dcc00000,0x000000c2dcd00000)]


Current CompileTask:
C2: 132605 6318       4       java.util.HashMap::computeIfAbsent (330 bytes)

Stack: [0x000000c2dcc00000,0x000000c2dcd00000]
Native frames: (J=compiled Java code, j=interpreted, Vv=VM code, C=native code)
V  [jvm.dll+0x682eb9]
V  [jvm.dll+0x8399c8]
V  [jvm.dll+0x83b473]
V  [jvm.dll+0x83bae3]
V  [jvm.dll+0x24715f]
V  [jvm.dll+0xace44]
V  [jvm.dll+0xad4dc]
V  [jvm.dll+0x365b0f]
V  [jvm.dll+0x32fd58]
V  [jvm.dll+0x32f1da]
V  [jvm.dll+0x21814f]
V  [jvm.dll+0x21758f]
V  [jvm.dll+0x1a3150]
V  [jvm.dll+0x22799c]
V  [jvm.dll+0x225afb]
V  [jvm.dll+0x7ef128]
V  [jvm.dll+0x7e948c]
V  [jvm.dll+0x681d97]
C  [ucrtbase.dll+0x37b0]
C  [KERNEL32.DLL+0x2e8d7]
C  [ntdll.dll+0x8c53c]


---------------  P R O C E S S  ---------------

Threads class SMR info:
_java_thread_list=0x000001fc4b858ff0, length=22, elements={
0x000001fc2cabd3f0, 0x000001fc46a14ac0, 0x000001fc46a15490, 0x000001fc46a5b2a0,
0x000001fc46a5db80, 0x000001fc46a5e450, 0x000001fc46a5ed20, 0x000001fc46a6ae30,
0x000001fc46a6f760, 0x000001fc46a74080, 0x000001fc46d3cc60, 0x000001fc4b041d90,
0x000001fc4d482cb0, 0x000001fc4d01cb30, 0x000001fc4d1e62c0, 0x000001fc4e39f450,
0x000001fc4e59e640, 0x000001fc4b2be110, 0x000001fc4b2beb30, 0x000001fc4d5dce00,
0x000001fc4d5dbed0, 0x000001fc4d5ddd30
}

Java Threads: ( => current thread )
  0x000001fc2cabd3f0 JavaThread "Forwarding executeAsyncScript on session b19147ec556a33a73fc93cf9b14163fd to remote" [_thread_blocked, id=13724, stack(0x000000c2dbf00000,0x000000c2dc000000)]
  0x000001fc46a14ac0 JavaThread "Reference Handler" daemon [_thread_blocked, id=15728, stack(0x000000c2dc600000,0x000000c2dc700000)]
  0x000001fc46a15490 JavaThread "Finalizer" daemon [_thread_blocked, id=6076, stack(0x000000c2dc700000,0x000000c2dc800000)]
  0x000001fc46a5b2a0 JavaThread "Signal Dispatcher" daemon [_thread_blocked, id=10352, stack(0x000000c2dc800000,0x000000c2dc900000)]
  0x000001fc46a5db80 JavaThread "Attach Listener" daemon [_thread_blocked, id=21848, stack(0x000000c2dc900000,0x000000c2dca00000)]
  0x000001fc46a5e450 JavaThread "Service Thread" daemon [_thread_blocked, id=16944, stack(0x000000c2dca00000,0x000000c2dcb00000)]
  0x000001fc46a5ed20 JavaThread "Monitor Deflation Thread" daemon [_thread_blocked, id=23832, stack(0x000000c2dcb00000,0x000000c2dcc00000)]
=>0x000001fc46a6ae30 JavaThread "C2 CompilerThread0" daemon [_thread_in_native, id=9432, stack(0x000000c2dcc00000,0x000000c2dcd00000)]
  0x000001fc46a6f760 JavaThread "C1 CompilerThread0" daemon [_thread_blocked, id=15024, stack(0x000000c2dcd00000,0x000000c2dce00000)]
  0x000001fc46a74080 JavaThread "Sweeper thread" daemon [_thread_blocked, id=12608, stack(0x000000c2dce00000,0x000000c2dcf00000)]
  0x000001fc46d3cc60 JavaThread "Common-Cleaner" daemon [_thread_blocked, id=18832, stack(0x000000c2dcf00000,0x000000c2dd000000)]
  0x000001fc4b041d90 JavaThread "Notification Thread" daemon [_thread_blocked, id=24536, stack(0x000000c2dd000000,0x000000c2dd100000)]
  0x000001fc4d482cb0 JavaThread "HttpClient-1-SelectorManager" daemon [_thread_in_native, id=6936, stack(0x000000c2ddc00000,0x000000c2ddd00000)]
  0x000001fc4d01cb30 JavaThread "External Process Output Forwarder - C:\Users\dell\.katalon\packages\KSE-10.4.3\configuration\resources\drivers\chromedriver_win32\chromedriver.exe" daemon [_thread_in_native, id=24720, stack(0x000000c2ddb00000,0x000000c2ddc00000)]
  0x000001fc4d1e62c0 JavaThread "Driver Service Executor" daemon [_thread_blocked, id=15620, stack(0x000000c2ddd00000,0x000000c2dde00000)]
  0x000001fc4e39f450 JavaThread "Driver Service Executor" daemon [_thread_blocked, id=25060, stack(0x000000c2dde00000,0x000000c2ddf00000)]
  0x000001fc4e59e640 JavaThread "JdkHttpClient-0-0" daemon [_thread_blocked, id=20348, stack(0x000000c2de300000,0x000000c2de400000)]
  0x000001fc4b2be110 JavaThread "CompletableFutureDelayScheduler" daemon [_thread_blocked, id=14296, stack(0x000000c2de400000,0x000000c2de500000)]
  0x000001fc4b2beb30 JavaThread "HttpClient-2-SelectorManager" daemon [_thread_in_native, id=25776, stack(0x000000c2de200000,0x000000c2de300000)]
  0x000001fc4d5dce00 JavaThread "HttpClient-3-SelectorManager" daemon [_thread_in_native, id=20332, stack(0x000000c2deb00000,0x000000c2dec00000)]
  0x000001fc4d5dbed0 JavaThread "JdkHttpClient-0-4" daemon [_thread_blocked, id=27236, stack(0x000000c2dbc00000,0x000000c2dbd00000)]
  0x000001fc4d5ddd30 JavaThread "JdkHttpClient-0-5" daemon [_thread_blocked, id=15748, stack(0x000000c2dbd00000,0x000000c2dbe00000)]

Other Threads:
  0x000001fc46479c60 VMThread "VM Thread" [stack: 0x000000c2dc500000,0x000000c2dc600000] [id=17064]
  0x000001fc2cabef30 WatcherThread [stack: 0x000000c2dd100000,0x000000c2dd200000] [id=17880]
  0x000001fc2cb1c310 GCTaskThread "GC Thread#0" [stack: 0x000000c2dc000000,0x000000c2dc100000] [id=28588]
  0x000001fc4b36d0d0 GCTaskThread "GC Thread#1" [stack: 0x000000c2dd200000,0x000000c2dd300000] [id=3508]
  0x000001fc4c057640 GCTaskThread "GC Thread#2" [stack: 0x000000c2dd300000,0x000000c2dd400000] [id=22224]
  0x000001fc4c8226c0 GCTaskThread "GC Thread#3" [stack: 0x000000c2dd400000,0x000000c2dd500000] [id=26652]
  0x000001fc4cafc170 GCTaskThread "GC Thread#4" [stack: 0x000000c2dd500000,0x000000c2dd600000] [id=22228]
  0x000001fc4c4fa930 GCTaskThread "GC Thread#5" [stack: 0x000000c2dd600000,0x000000c2dd700000] [id=12188]
  0x000001fc4cae8480 GCTaskThread "GC Thread#6" [stack: 0x000000c2dd800000,0x000000c2dd900000] [id=24964]
  0x000001fc4c4bc2d0 GCTaskThread "GC Thread#7" [stack: 0x000000c2dd900000,0x000000c2dda00000] [id=24392]
  0x000001fc2cb2e180 ConcurrentGCThread "G1 Main Marker" [stack: 0x000000c2dc100000,0x000000c2dc200000] [id=12408]
  0x000001fc2cb2eab0 ConcurrentGCThread "G1 Conc#0" [stack: 0x000000c2dc200000,0x000000c2dc300000] [id=5888]
  0x000001fc4c9ddd40 ConcurrentGCThread "G1 Conc#1" [stack: 0x000000c2dda00000,0x000000c2ddb00000] [id=14000]
  0x000001fc462f7820 ConcurrentGCThread "G1 Refine#0" [stack: 0x000000c2dc300000,0x000000c2dc400000] [id=19000]
  0x000001fc46306040 ConcurrentGCThread "G1 Service" [stack: 0x000000c2dc400000,0x000000c2dc500000] [id=5764]

Threads with active compile tasks:
C2 CompilerThread0   132685 6318       4       java.util.HashMap::computeIfAbsent (330 bytes)

VM state: not at safepoint (normal execution)

VM Mutex/Monitor currently owned by a thread: None

Heap address: 0x0000000080000000, size: 2048 MB, Compressed Oops mode: 32-bit

CDS archive(s) not mapped
Compressed class space mapped at: 0x0000000100000000-0x0000000140000000, reserved size: 1073741824
Narrow klass base: 0x0000000000000000, Narrow klass shift: 3, Narrow klass range: 0x140000000

GC Precious Log:
 CPUs: 8 total, 8 available
 Memory: 7926M
 Large Page Support: Disabled
 NUMA Support: Disabled
 Compressed Oops: Enabled (32-bit)
 Heap Region Size: 1M
 Heap Min Capacity: 8M
 Heap Initial Capacity: 124M
 Heap Max Capacity: 2G
 Pre-touch: Disabled
 Parallel Workers: 8
 Concurrent Workers: 2
 Concurrent Refinement Workers: 8
 Periodic GC: Disabled

Heap:
 garbage-first heap   total 114688K, used 42661K [0x0000000080000000, 0x0000000100000000)
  region size 1024K, 6 young (6144K), 2 survivors (2048K)
 Metaspace       used 54925K, committed 55552K, reserved 1114112K
  class space    used 6453K, committed 6784K, reserved 1048576K

Heap Regions: E=young(eden), S=young(survivor), O=old, HS=humongous(starts), HC=humongous(continues), CS=collection set, F=free, OA=open archive, CA=closed archive, TAMS=top-at-mark-start (previous, next)
|   0|0x0000000080000000, 0x0000000080100000, 0x0000000080100000|100%|HS|  |TAMS 0x0000000080100000, 0x0000000080000000| Complete 
|   1|0x0000000080100000, 0x0000000080200000, 0x0000000080200000|100%|HS|  |TAMS 0x0000000080200000, 0x0000000080100000| Complete 
|   2|0x0000000080200000, 0x0000000080300000, 0x0000000080300000|100%| O|  |TAMS 0x0000000080300000, 0x0000000080200000| Untracked 
|   3|0x0000000080300000, 0x0000000080400000, 0x0000000080400000|100%| O|  |TAMS 0x0000000080400000, 0x0000000080300000| Untracked 
|   4|0x0000000080400000, 0x0000000080500000, 0x0000000080500000|100%| O|  |TAMS 0x0000000080500000, 0x0000000080400000| Untracked 
|   5|0x0000000080500000, 0x0000000080600000, 0x0000000080600000|100%| O|  |TAMS 0x0000000080600000, 0x0000000080500000| Untracked 
|   6|0x0000000080600000, 0x0000000080700000, 0x0000000080700000|100%| O|  |TAMS 0x0000000080700000, 0x0000000080600000| Untracked 
|   7|0x0000000080700000, 0x0000000080800000, 0x0000000080800000|100%| O|  |TAMS 0x0000000080800000, 0x0000000080700000| Untracked 
|   8|0x0000000080800000, 0x0000000080900000, 0x0000000080900000|100%| O|  |TAMS 0x0000000080900000, 0x0000000080800000| Untracked 
|   9|0x0000000080900000, 0x0000000080a00000, 0x0000000080a00000|100%| O|  |TAMS 0x0000000080a00000, 0x0000000080900000| Untracked 
|  10|0x0000000080a00000, 0x0000000080b00000, 0x0000000080b00000|100%| O|  |TAMS 0x0000000080b00000, 0x0000000080a00000| Untracked 
|  11|0x0000000080b00000, 0x0000000080c00000, 0x0000000080c00000|100%| O|  |TAMS 0x0000000080c00000, 0x0000000080b00000| Untracked 
|  12|0x0000000080c00000, 0x0000000080d00000, 0x0000000080d00000|100%| O|  |TAMS 0x0000000080d00000, 0x0000000080c00000| Untracked 
|  13|0x0000000080d00000, 0x0000000080e00000, 0x0000000080e00000|100%| O|  |TAMS 0x0000000080e00000, 0x0000000080d00000| Untracked 
|  14|0x0000000080e00000, 0x0000000080f00000, 0x0000000080f00000|100%| O|  |TAMS 0x0000000080f00000, 0x0000000080e00000| Untracked 
|  15|0x0000000080f00000, 0x0000000081000000, 0x0000000081000000|100%| O|  |TAMS 0x0000000081000000, 0x0000000080f00000| Untracked 
|  16|0x0000000081000000, 0x0000000081075800, 0x0000000081100000| 45%| O|  |TAMS 0x0000000081075800, 0x0000000081000000| Untracked 
|  17|0x0000000081100000, 0x0000000081200000, 0x0000000081200000|100%| O|  |TAMS 0x0000000081200000, 0x0000000081100000| Untracked 
|  18|0x0000000081200000, 0x0000000081300000, 0x0000000081300000|100%| O|  |TAMS 0x0000000081300000, 0x0000000081200000| Untracked 
|  19|0x0000000081300000, 0x0000000081400000, 0x0000000081400000|100%| O|  |TAMS 0x0000000081400000, 0x0000000081300000| Untracked 
|  20|0x0000000081400000, 0x0000000081500000, 0x0000000081500000|100%| O|  |TAMS 0x0000000081500000, 0x0000000081400000| Untracked 
|  21|0x0000000081500000, 0x0000000081600000, 0x0000000081600000|100%| O|  |TAMS 0x000000008156de00, 0x0000000081500000| Untracked 
|  22|0x0000000081600000, 0x0000000081700000, 0x0000000081700000|100%| O|  |TAMS 0x0000000081600000, 0x0000000081600000| Untracked 
|  23|0x0000000081700000, 0x0000000081800000, 0x0000000081800000|100%| O|  |TAMS 0x0000000081700000, 0x0000000081700000| Untracked 
|  24|0x0000000081800000, 0x0000000081900000, 0x0000000081900000|100%| O|  |TAMS 0x0000000081800000, 0x0000000081800000| Untracked 
|  25|0x0000000081900000, 0x0000000081a00000, 0x0000000081a00000|100%| O|  |TAMS 0x0000000081900000, 0x0000000081900000| Untracked 
|  26|0x0000000081a00000, 0x0000000081b00000, 0x0000000081b00000|100%| O|  |TAMS 0x0000000081a00000, 0x0000000081a00000| Untracked 
|  27|0x0000000081b00000, 0x0000000081c00000, 0x0000000081c00000|100%| O|  |TAMS 0x0000000081b00000, 0x0000000081b00000| Untracked 
|  28|0x0000000081c00000, 0x0000000081d00000, 0x0000000081d00000|100%| O|  |TAMS 0x0000000081c00000, 0x0000000081c00000| Untracked 
|  29|0x0000000081d00000, 0x0000000081e00000, 0x0000000081e00000|100%| O|  |TAMS 0x0000000081d00000, 0x0000000081d00000| Untracked 
|  30|0x0000000081e00000, 0x0000000081f00000, 0x0000000081f00000|100%| O|  |TAMS 0x0000000081e00000, 0x0000000081e00000| Untracked 
|  31|0x0000000081f00000, 0x0000000082000000, 0x0000000082000000|100%| O|  |TAMS 0x0000000081f00000, 0x0000000081f00000| Untracked 
|  32|0x0000000082000000, 0x0000000082100000, 0x0000000082100000|100%| O|  |TAMS 0x0000000082000000, 0x0000000082000000| Untracked 
|  33|0x0000000082100000, 0x0000000082200000, 0x0000000082200000|100%| O|  |TAMS 0x0000000082100000, 0x0000000082100000| Untracked 
|  34|0x0000000082200000, 0x0000000082300000, 0x0000000082300000|100%| O|  |TAMS 0x0000000082200000, 0x0000000082200000| Untracked 
|  35|0x0000000082300000, 0x0000000082400000, 0x0000000082400000|100%| O|  |TAMS 0x0000000082300000, 0x0000000082300000| Untracked 
|  36|0x0000000082400000, 0x0000000082500000, 0x0000000082500000|100%| O|  |TAMS 0x0000000082400000, 0x0000000082400000| Untracked 
|  37|0x0000000082500000, 0x0000000082572200, 0x0000000082600000| 44%| O|  |TAMS 0x0000000082500000, 0x0000000082500000| Untracked 
|  38|0x0000000082600000, 0x0000000082600000, 0x0000000082700000|  0%| F|  |TAMS 0x0000000082600000, 0x0000000082600000| Untracked 
|  39|0x0000000082700000, 0x0000000082700000, 0x0000000082800000|  0%| F|  |TAMS 0x0000000082700000, 0x0000000082700000| Untracked 
|  40|0x0000000082800000, 0x0000000082800000, 0x0000000082900000|  0%| F|  |TAMS 0x0000000082800000, 0x0000000082800000| Untracked 
|  41|0x0000000082900000, 0x0000000082900000, 0x0000000082a00000|  0%| F|  |TAMS 0x0000000082900000, 0x0000000082900000| Untracked 
|  42|0x0000000082a00000, 0x0000000082a00000, 0x0000000082b00000|  0%| F|  |TAMS 0x0000000082a00000, 0x0000000082a00000| Untracked 
|  43|0x0000000082b00000, 0x0000000082b00000, 0x0000000082c00000|  0%| F|  |TAMS 0x0000000082b00000, 0x0000000082b00000| Untracked 
|  44|0x0000000082c00000, 0x0000000082c00000, 0x0000000082d00000|  0%| F|  |TAMS 0x0000000082c00000, 0x0000000082c00000| Untracked 
|  45|0x0000000082d00000, 0x0000000082d00000, 0x0000000082e00000|  0%| F|  |TAMS 0x0000000082d00000, 0x0000000082d00000| Untracked 
|  46|0x0000000082e00000, 0x0000000082e00000, 0x0000000082f00000|  0%| F|  |TAMS 0x0000000082e00000, 0x0000000082e00000| Untracked 
|  47|0x0000000082f00000, 0x0000000082f00000, 0x0000000083000000|  0%| F|  |TAMS 0x0000000082f00000, 0x0000000082f00000| Untracked 
|  48|0x0000000083000000, 0x0000000083000000, 0x0000000083100000|  0%| F|  |TAMS 0x0000000083000000, 0x0000000083000000| Untracked 
|  49|0x0000000083100000, 0x0000000083100000, 0x0000000083200000|  0%| F|  |TAMS 0x0000000083100000, 0x0000000083100000| Untracked 
|  50|0x0000000083200000, 0x0000000083200000, 0x0000000083300000|  0%| F|  |TAMS 0x0000000083200000, 0x0000000083200000| Untracked 
|  51|0x0000000083300000, 0x0000000083300000, 0x0000000083400000|  0%| F|  |TAMS 0x0000000083300000, 0x0000000083300000| Untracked 
|  52|0x0000000083400000, 0x0000000083400000, 0x0000000083500000|  0%| F|  |TAMS 0x0000000083400000, 0x0000000083400000| Untracked 
|  53|0x0000000083500000, 0x0000000083500000, 0x0000000083600000|  0%| F|  |TAMS 0x0000000083500000, 0x0000000083500000| Untracked 
|  54|0x0000000083600000, 0x0000000083600000, 0x0000000083700000|  0%| F|  |TAMS 0x0000000083600000, 0x0000000083600000| Untracked 
|  55|0x0000000083700000, 0x0000000083700000, 0x0000000083800000|  0%| F|  |TAMS 0x0000000083700000, 0x0000000083700000| Untracked 
|  56|0x0000000083800000, 0x0000000083800000, 0x0000000083900000|  0%| F|  |TAMS 0x0000000083800000, 0x0000000083800000| Untracked 
|  57|0x0000000083900000, 0x0000000083900000, 0x0000000083a00000|  0%| F|  |TAMS 0x0000000083900000, 0x0000000083900000| Untracked 
|  58|0x0000000083a00000, 0x0000000083a00000, 0x0000000083b00000|  0%| F|  |TAMS 0x0000000083a00000, 0x0000000083a00000| Untracked 
|  59|0x0000000083b00000, 0x0000000083b00000, 0x0000000083c00000|  0%| F|  |TAMS 0x0000000083b00000, 0x0000000083b00000| Untracked 
|  60|0x0000000083c00000, 0x0000000083c00000, 0x0000000083d00000|  0%| F|  |TAMS 0x0000000083c00000, 0x0000000083c00000| Untracked 
|  61|0x0000000083d00000, 0x0000000083d00000, 0x0000000083e00000|  0%| F|  |TAMS 0x0000000083d00000, 0x0000000083d00000| Untracked 
|  62|0x0000000083e00000, 0x0000000083ec1a80, 0x0000000083f00000| 75%| S|CS|TAMS 0x0000000083e00000, 0x0000000083e00000| Complete 
|  63|0x0000000083f00000, 0x0000000084000000, 0x0000000084000000|100%| S|CS|TAMS 0x0000000083f00000, 0x0000000083f00000| Complete 
|  64|0x0000000084000000, 0x0000000084000000, 0x0000000084100000|  0%| F|  |TAMS 0x0000000084000000, 0x0000000084000000| Untracked 
|  65|0x0000000084100000, 0x0000000084100000, 0x0000000084200000|  0%| F|  |TAMS 0x0000000084100000, 0x0000000084100000| Untracked 
|  66|0x0000000084200000, 0x0000000084200000, 0x0000000084300000|  0%| F|  |TAMS 0x0000000084200000, 0x0000000084200000| Untracked 
|  67|0x0000000084300000, 0x0000000084300000, 0x0000000084400000|  0%| F|  |TAMS 0x0000000084300000, 0x0000000084300000| Untracked 
|  68|0x0000000084400000, 0x0000000084400000, 0x0000000084500000|  0%| F|  |TAMS 0x0000000084400000, 0x0000000084400000| Untracked 
|  69|0x0000000084500000, 0x0000000084500000, 0x0000000084600000|  0%| F|  |TAMS 0x0000000084500000, 0x0000000084500000| Untracked 
|  70|0x0000000084600000, 0x0000000084600000, 0x0000000084700000|  0%| F|  |TAMS 0x0000000084600000, 0x0000000084600000| Untracked 
|  71|0x0000000084700000, 0x0000000084700000, 0x0000000084800000|  0%| F|  |TAMS 0x0000000084700000, 0x0000000084700000| Untracked 
|  72|0x0000000084800000, 0x0000000084800000, 0x0000000084900000|  0%| F|  |TAMS 0x0000000084800000, 0x0000000084800000| Untracked 
|  73|0x0000000084900000, 0x0000000084900000, 0x0000000084a00000|  0%| F|  |TAMS 0x0000000084900000, 0x0000000084900000| Untracked 
|  74|0x0000000084a00000, 0x0000000084a00000, 0x0000000084b00000|  0%| F|  |TAMS 0x0000000084a00000, 0x0000000084a00000| Untracked 
|  75|0x0000000084b00000, 0x0000000084b00000, 0x0000000084c00000|  0%| F|  |TAMS 0x0000000084b00000, 0x0000000084b00000| Untracked 
|  76|0x0000000084c00000, 0x0000000084c00000, 0x0000000084d00000|  0%| F|  |TAMS 0x0000000084c00000, 0x0000000084c00000| Untracked 
|  77|0x0000000084d00000, 0x0000000084d00000, 0x0000000084e00000|  0%| F|  |TAMS 0x0000000084d00000, 0x0000000084d00000| Untracked 
|  78|0x0000000084e00000, 0x0000000084e00000, 0x0000000084f00000|  0%| F|  |TAMS 0x0000000084e00000, 0x0000000084e00000| Untracked 
|  79|0x0000000084f00000, 0x0000000084f00000, 0x0000000085000000|  0%| F|  |TAMS 0x0000000084f00000, 0x0000000084f00000| Untracked 
|  80|0x0000000085000000, 0x0000000085000000, 0x0000000085100000|  0%| F|  |TAMS 0x0000000085000000, 0x0000000085000000| Untracked 
|  81|0x0000000085100000, 0x0000000085100000, 0x0000000085200000|  0%| F|  |TAMS 0x0000000085100000, 0x0000000085100000| Untracked 
|  82|0x0000000085200000, 0x0000000085200000, 0x0000000085300000|  0%| F|  |TAMS 0x0000000085200000, 0x0000000085200000| Untracked 
|  83|0x0000000085300000, 0x0000000085300000, 0x0000000085400000|  0%| F|  |TAMS 0x0000000085300000, 0x0000000085300000| Untracked 
|  84|0x0000000085400000, 0x0000000085400000, 0x0000000085500000|  0%| F|  |TAMS 0x0000000085400000, 0x0000000085400000| Untracked 
|  85|0x0000000085500000, 0x0000000085500000, 0x0000000085600000|  0%| F|  |TAMS 0x0000000085500000, 0x0000000085500000| Untracked 
|  86|0x0000000085600000, 0x0000000085600000, 0x0000000085700000|  0%| F|  |TAMS 0x0000000085600000, 0x0000000085600000| Untracked 
|  87|0x0000000085700000, 0x0000000085700000, 0x0000000085800000|  0%| F|  |TAMS 0x0000000085700000, 0x0000000085700000| Untracked 
|  88|0x0000000085800000, 0x0000000085800000, 0x0000000085900000|  0%| F|  |TAMS 0x0000000085800000, 0x0000000085800000| Untracked 
|  89|0x0000000085900000, 0x0000000085900000, 0x0000000085a00000|  0%| F|  |TAMS 0x0000000085900000, 0x0000000085900000| Untracked 
|  90|0x0000000085a00000, 0x0000000085a00000, 0x0000000085b00000|  0%| F|  |TAMS 0x0000000085a00000, 0x0000000085a00000| Untracked 
|  91|0x0000000085b00000, 0x0000000085b00000, 0x0000000085c00000|  0%| F|  |TAMS 0x0000000085b00000, 0x0000000085b00000| Untracked 
|  92|0x0000000085c00000, 0x0000000085c00000, 0x0000000085d00000|  0%| F|  |TAMS 0x0000000085c00000, 0x0000000085c00000| Untracked 
|  93|0x0000000085d00000, 0x0000000085d00000, 0x0000000085e00000|  0%| F|  |TAMS 0x0000000085d00000, 0x0000000085d00000| Untracked 
|  94|0x0000000085e00000, 0x0000000085e00000, 0x0000000085f00000|  0%| F|  |TAMS 0x0000000085e00000, 0x0000000085e00000| Untracked 
|  95|0x0000000085f00000, 0x0000000085f00000, 0x0000000086000000|  0%| F|  |TAMS 0x0000000085f00000, 0x0000000085f00000| Untracked 
|  96|0x0000000086000000, 0x0000000086000000, 0x0000000086100000|  0%| F|  |TAMS 0x0000000086000000, 0x0000000086000000| Untracked 
|  97|0x0000000086100000, 0x0000000086100000, 0x0000000086200000|  0%| F|  |TAMS 0x0000000086100000, 0x0000000086100000| Untracked 
|  98|0x0000000086200000, 0x0000000086200000, 0x0000000086300000|  0%| F|  |TAMS 0x0000000086200000, 0x0000000086200000| Untracked 
|  99|0x0000000086300000, 0x0000000086300000, 0x0000000086400000|  0%| F|  |TAMS 0x0000000086300000, 0x0000000086300000| Untracked 
| 100|0x0000000086400000, 0x0000000086400000, 0x0000000086500000|  0%| F|  |TAMS 0x0000000086400000, 0x0000000086400000| Untracked 
| 101|0x0000000086500000, 0x0000000086500000, 0x0000000086600000|  0%| F|  |TAMS 0x0000000086500000, 0x0000000086500000| Untracked 
| 102|0x0000000086600000, 0x0000000086600000, 0x0000000086700000|  0%| F|  |TAMS 0x0000000086600000, 0x0000000086600000| Untracked 
| 103|0x0000000086700000, 0x0000000086700000, 0x0000000086800000|  0%| F|  |TAMS 0x0000000086700000, 0x0000000086700000| Untracked 
| 104|0x0000000086800000, 0x0000000086800000, 0x0000000086900000|  0%| F|  |TAMS 0x0000000086800000, 0x0000000086800000| Untracked 
| 105|0x0000000086900000, 0x0000000086900000, 0x0000000086a00000|  0%| F|  |TAMS 0x0000000086900000, 0x0000000086900000| Untracked 
| 106|0x0000000086a00000, 0x0000000086a00000, 0x0000000086b00000|  0%| F|  |TAMS 0x0000000086a00000, 0x0000000086a00000| Untracked 
| 107|0x0000000086b00000, 0x0000000086b00000, 0x0000000086c00000|  0%| F|  |TAMS 0x0000000086b00000, 0x0000000086b00000| Untracked 
| 108|0x0000000086c00000, 0x0000000086cc4e88, 0x0000000086d00000| 76%| E|  |TAMS 0x0000000086c00000, 0x0000000086c00000| Complete 
| 109|0x0000000086d00000, 0x0000000086e00000, 0x0000000086e00000|100%| E|CS|TAMS 0x0000000086d00000, 0x0000000086d00000| Complete 
| 110|0x0000000086e00000, 0x0000000086f00000, 0x0000000086f00000|100%| E|CS|TAMS 0x0000000086e00000, 0x0000000086e00000| Complete 
| 123|0x0000000087b00000, 0x0000000087c00000, 0x0000000087c00000|100%| E|CS|TAMS 0x0000000087b00000, 0x0000000087b00000| Complete 

Card table byte_map: [0x000001fc3f750000,0x000001fc3fb50000] _byte_map_base: 0x000001fc3f350000

Marking Bits (Prev, Next): (CMBitMap*) 0x000001fc2cb1d850, (CMBitMap*) 0x000001fc2cb1d890
 Prev Bits: [0x000001fc3ff50000, 0x000001fc41f50000)
 Next Bits: [0x000001fc41f50000, 0x000001fc43f50000)

Polling page: 0x000001fc2a910000

Metaspace:

Usage:
  Non-class:     47.34 MB used.
      Class:      6.30 MB used.
       Both:     53.64 MB used.

Virtual space:
  Non-class space:       64.00 MB reserved,      47.62 MB ( 74%) committed,  1 nodes.
      Class space:        1.00 GB reserved,       6.62 MB ( <1%) committed,  1 nodes.
             Both:        1.06 GB reserved,      54.25 MB (  5%) committed. 

Chunk freelists:
   Non-Class:  15.94 MB
       Class:  9.23 MB
        Both:  25.17 MB

MaxMetaspaceSize: unlimited
CompressedClassSpaceSize: 1.00 GB
Initial GC threshold: 21.00 MB
Current GC threshold: 58.69 MB
CDS: off
MetaspaceReclaimPolicy: balanced
 - commit_granule_bytes: 65536.
 - commit_granule_words: 8192.
 - virtual_space_node_default_size: 8388608.
 - enlarge_chunks_in_place: 1.
 - new_chunks_are_fully_committed: 0.
 - uncommit_free_chunks: 1.
 - use_allocation_guard: 0.
 - handle_deallocations: 1.


Internal statistics:

num_allocs_failed_limit: 6.
num_arena_births: 816.
num_arena_deaths: 0.
num_vsnodes_births: 2.
num_vsnodes_deaths: 0.
num_space_committed: 868.
num_space_uncommitted: 0.
num_chunks_returned_to_freelist: 6.
num_chunks_taken_from_freelist: 2267.
num_chunk_merges: 6.
num_chunk_splits: 1563.
num_chunks_enlarged: 1118.
num_inconsistent_stats: 0.

CodeHeap 'non-profiled nmethods': size=120000Kb used=3117Kb max_used=3117Kb free=116882Kb
 bounds [0x000001fc37af0000, 0x000001fc37e00000, 0x000001fc3f020000]
CodeHeap 'profiled nmethods': size=120000Kb used=10192Kb max_used=10192Kb free=109807Kb
 bounds [0x000001fc30020000, 0x000001fc30a20000, 0x000001fc37550000]
CodeHeap 'non-nmethods': size=5760Kb used=2355Kb max_used=2399Kb free=3405Kb
 bounds [0x000001fc37550000, 0x000001fc377c0000, 0x000001fc37af0000]
 total_blobs=6344 nmethods=5481 adapters=775
 compilation: enabled
              stopped_count=0, restarted_count=0
 full_count=0

Compilation events (20 events):
Event: 130.547 Thread 0x000001fc46a6f760 nmethod 6320 0x000001fc30a09110 code [0x000001fc30a092e0, 0x000001fc30a096d8]
Event: 130.551 Thread 0x000001fc46a6f760 6321       3       java.util.stream.ReferencePipeline::collect (124 bytes)
Event: 130.554 Thread 0x000001fc46a6f760 nmethod 6321 0x000001fc30a09810 code [0x000001fc30a09ae0, 0x000001fc30a0a908]
Event: 130.554 Thread 0x000001fc46a6f760 6322       3       jdk.internal.misc.Unsafe::putShortUnaligned (37 bytes)
Event: 130.555 Thread 0x000001fc46a6f760 nmethod 6322 0x000001fc30a0ad10 code [0x000001fc30a0aec0, 0x000001fc30a0b108]
Event: 130.555 Thread 0x000001fc46a6f760 6324       3       java.util.TreeMap::successor (66 bytes)
Event: 130.555 Thread 0x000001fc46a6f760 nmethod 6324 0x000001fc30a0b190 code [0x000001fc30a0b360, 0x000001fc30a0b6b8]
Event: 130.555 Thread 0x000001fc46a6f760 6325       3       sun.nio.ch.WEPoll::getSocket (35 bytes)
Event: 130.556 Thread 0x000001fc46a6f760 nmethod 6325 0x000001fc30a0b810 code [0x000001fc30a0b9a0, 0x000001fc30a0bb18]
Event: 130.738 Thread 0x000001fc46a6f760 6326       3       java.util.stream.ForEachOps$ForEachOp::getOpFlags (15 bytes)
Event: 130.739 Thread 0x000001fc46a6f760 nmethod 6326 0x000001fc30a0bc10 code [0x000001fc30a0bda0, 0x000001fc30a0bf38]
Event: 130.739 Thread 0x000001fc46a6f760 6327       3       java.util.stream.ForEachOps$ForEachOp$OfRef::evaluateSequential (7 bytes)
Event: 130.740 Thread 0x000001fc46a6f760 nmethod 6327 0x000001fc30a0c010 code [0x000001fc30a0c1e0, 0x000001fc30a0c5e8]
Event: 130.740 Thread 0x000001fc46a6f760 6328       3       java.util.stream.ForEachOps$ForEachOp::evaluateSequential (13 bytes)
Event: 130.741 Thread 0x000001fc46a6f760 nmethod 6328 0x000001fc30a0c710 code [0x000001fc30a0c8c0, 0x000001fc30a0cc68]
Event: 130.741 Thread 0x000001fc46a6f760 6330       3       java.util.concurrent.CompletableFuture::whenComplete (7 bytes)
Event: 130.741 Thread 0x000001fc46a6f760 nmethod 6330 0x000001fc30a0cd90 code [0x000001fc30a0cf40, 0x000001fc30a0d088]
Event: 130.741 Thread 0x000001fc46a6f760 6329       3       java.util.TreeSet::<init> (10 bytes)
Event: 130.742 Thread 0x000001fc46a6f760 nmethod 6329 0x000001fc30a0d110 code [0x000001fc30a0d2c0, 0x000001fc30a0d538]
Event: 130.742 Thread 0x000001fc46a6f760 6332       3       java.util.concurrent.CompletableFuture::internalComplete (10 bytes)

GC Heap History (20 events):
Event: 5.820 GC heap before
{Heap before GC invocations=5 (full 0):
 garbage-first heap   total 78848K, used 59621K [0x0000000080000000, 0x0000000100000000)
  region size 1024K, 43 young (44032K), 5 survivors (5120K)
 Metaspace       used 22130K, committed 22336K, reserved 1114112K
  class space    used 2314K, committed 2432K, reserved 1048576K
}
Event: 5.836 GC heap after
{Heap after GC invocations=6 (full 0):
 garbage-first heap   total 78848K, used 22632K [0x0000000080000000, 0x0000000100000000)
  region size 1024K, 3 young (3072K), 3 survivors (3072K)
 Metaspace       used 22130K, committed 22336K, reserved 1114112K
  class space    used 2314K, committed 2432K, reserved 1048576K
}
Event: 6.805 GC heap before
{Heap before GC invocations=6 (full 0):
 garbage-first heap   total 78848K, used 52328K [0x0000000080000000, 0x0000000100000000)
  region size 1024K, 32 young (32768K), 3 survivors (3072K)
 Metaspace       used 24639K, committed 24960K, reserved 1114112K
  class space    used 2579K, committed 2752K, reserved 1048576K
}
Event: 6.817 GC heap after
{Heap after GC invocations=7 (full 0):
 garbage-first heap   total 78848K, used 23992K [0x0000000080000000, 0x0000000100000000)
  region size 1024K, 4 young (4096K), 4 survivors (4096K)
 Metaspace       used 24639K, committed 24960K, reserved 1114112K
  class space    used 2579K, committed 2752K, reserved 1048576K
}
Event: 8.511 GC heap before
{Heap before GC invocations=7 (full 0):
 garbage-first heap   total 78848K, used 54712K [0x0000000080000000, 0x0000000100000000)
  region size 1024K, 34 young (34816K), 4 survivors (4096K)
 Metaspace       used 31181K, committed 31616K, reserved 1114112K
  class space    used 3431K, committed 3648K, reserved 1048576K
}
Event: 8.530 GC heap after
{Heap after GC invocations=8 (full 0):
 garbage-first heap   total 78848K, used 26509K [0x0000000080000000, 0x0000000100000000)
  region size 1024K, 5 young (5120K), 5 survivors (5120K)
 Metaspace       used 31181K, committed 31616K, reserved 1114112K
  class space    used 3431K, committed 3648K, reserved 1048576K
}
Event: 9.584 GC heap before
{Heap before GC invocations=8 (full 0):
 garbage-first heap   total 78848K, used 43917K [0x0000000080000000, 0x0000000100000000)
  region size 1024K, 23 young (23552K), 5 survivors (5120K)
 Metaspace       used 35553K, committed 35968K, reserved 1114112K
  class space    used 3883K, committed 4096K, reserved 1048576K
}
Event: 9.604 GC heap after
{Heap after GC invocations=9 (full 0):
 garbage-first heap   total 95232K, used 28118K [0x0000000080000000, 0x0000000100000000)
  region size 1024K, 4 young (4096K), 4 survivors (4096K)
 Metaspace       used 35553K, committed 35968K, reserved 1114112K
  class space    used 3883K, committed 4096K, reserved 1048576K
}
Event: 10.610 GC heap before
{Heap before GC invocations=10 (full 0):
 garbage-first heap   total 95232K, used 69078K [0x0000000080000000, 0x0000000100000000)
  region size 1024K, 44 young (45056K), 4 survivors (4096K)
 Metaspace       used 38695K, committed 39168K, reserved 1114112K
  class space    used 4242K, committed 4480K, reserved 1048576K
}
Event: 10.625 GC heap after
{Heap after GC invocations=11 (full 0):
 garbage-first heap   total 95232K, used 29560K [0x0000000080000000, 0x0000000100000000)
  region size 1024K, 3 young (3072K), 3 survivors (3072K)
 Metaspace       used 38695K, committed 39168K, reserved 1114112K
  class space    used 4242K, committed 4480K, reserved 1048576K
}
Event: 10.989 GC heap before
{Heap before GC invocations=11 (full 0):
 garbage-first heap   total 95232K, used 74616K [0x0000000080000000, 0x0000000100000000)
  region size 1024K, 45 young (46080K), 3 survivors (3072K)
 Metaspace       used 39926K, committed 40384K, reserved 1114112K
  class space    used 4323K, committed 4544K, reserved 1048576K
}
Event: 10.999 GC heap after
{Heap after GC invocations=12 (full 0):
 garbage-first heap   total 95232K, used 30343K [0x0000000080000000, 0x0000000100000000)
  region size 1024K, 4 young (4096K), 4 survivors (4096K)
 Metaspace       used 39926K, committed 40384K, reserved 1114112K
  class space    used 4323K, committed 4544K, reserved 1048576K
}
Event: 11.382 GC heap before
{Heap before GC invocations=12 (full 0):
 garbage-first heap   total 95232K, used 72327K [0x0000000080000000, 0x0000000100000000)
  region size 1024K, 45 young (46080K), 4 survivors (4096K)
 Metaspace       used 40121K, committed 40576K, reserved 1114112K
  class space    used 4336K, committed 4544K, reserved 1048576K
}
Event: 11.396 GC heap after
{Heap after GC invocations=13 (full 0):
 garbage-first heap   total 95232K, used 31558K [0x0000000080000000, 0x0000000100000000)
  region size 1024K, 4 young (4096K), 4 survivors (4096K)
 Metaspace       used 40121K, committed 40576K, reserved 1114112K
  class space    used 4336K, committed 4544K, reserved 1048576K
}
Event: 12.180 GC heap before
{Heap before GC invocations=13 (full 0):
 garbage-first heap   total 95232K, used 73542K [0x0000000080000000, 0x0000000100000000)
  region size 1024K, 45 young (46080K), 4 survivors (4096K)
 Metaspace       used 42600K, committed 43136K, reserved 1114112K
  class space    used 4668K, committed 4928K, reserved 1048576K
}
Event: 12.200 GC heap after
{Heap after GC invocations=14 (full 0):
 garbage-first heap   total 95232K, used 34675K [0x0000000080000000, 0x0000000100000000)
  region size 1024K, 6 young (6144K), 6 survivors (6144K)
 Metaspace       used 42600K, committed 43136K, reserved 1114112K
  class space    used 4668K, committed 4928K, reserved 1048576K
}
Event: 17.745 GC heap before
{Heap before GC invocations=14 (full 0):
 garbage-first heap   total 95232K, used 73587K [0x0000000080000000, 0x0000000100000000)
  region size 1024K, 45 young (46080K), 6 survivors (6144K)
 Metaspace       used 50061K, committed 50688K, reserved 1114112K
  class space    used 5673K, committed 5952K, reserved 1048576K
}
Event: 17.776 GC heap after
{Heap after GC invocations=15 (full 0):
 garbage-first heap   total 114688K, used 38358K [0x0000000080000000, 0x0000000100000000)
  region size 1024K, 4 young (4096K), 4 survivors (4096K)
 Metaspace       used 50061K, committed 50688K, reserved 1114112K
  class space    used 5673K, committed 5952K, reserved 1048576K
}
Event: 126.693 GC heap before
{Heap before GC invocations=15 (full 0):
 garbage-first heap   total 114688K, used 86486K [0x0000000080000000, 0x0000000100000000)
  region size 1024K, 52 young (53248K), 4 survivors (4096K)
 Metaspace       used 54844K, committed 55488K, reserved 1114112K
  class space    used 6453K, committed 6784K, reserved 1048576K
}
Event: 126.819 GC heap after
{Heap after GC invocations=16 (full 0):
 garbage-first heap   total 114688K, used 39589K [0x0000000080000000, 0x0000000100000000)
  region size 1024K, 2 young (2048K), 2 survivors (2048K)
 Metaspace       used 54844K, committed 55488K, reserved 1114112K
  class space    used 6453K, committed 6784K, reserved 1048576K
}

Dll operation events (10 events):
Event: 0.079 Loaded shared library C:\Users\dell\.katalon\packages\KSE-10.4.3\jre\bin\java.dll
Event: 0.765 Loaded shared library C:\Users\dell\.katalon\packages\KSE-10.4.3\jre\bin\net.dll
Event: 0.770 Loaded shared library C:\Users\dell\.katalon\packages\KSE-10.4.3\jre\bin\nio.dll
Event: 0.796 Loaded shared library C:\Users\dell\.katalon\packages\KSE-10.4.3\jre\bin\zip.dll
Event: 1.512 Loaded shared library C:\Users\dell\.katalon\packages\KSE-10.4.3\jre\bin\verify.dll
Event: 1.900 Loaded shared library C:\Users\dell\.katalon\packages\KSE-10.4.3\jre\bin\jimage.dll
Event: 10.311 Loaded shared library C:\Users\dell\.katalon\packages\KSE-10.4.3\jre\bin\extnet.dll
Event: 12.454 Loaded shared library C:\Users\dell\.katalon\packages\KSE-10.4.3\jre\bin\management.dll
Event: 12.462 Loaded shared library C:\Users\dell\.katalon\packages\KSE-10.4.3\jre\bin\management_ext.dll
Event: 13.010 Loaded shared library C:\Users\dell\.katalon\packages\KSE-10.4.3\jre\bin\sunmscapi.dll

Deoptimization events (20 events):
Event: 123.114 Thread 0x000001fc2cabd3f0 Uncommon trap: trap_request=0xffffff45 fr.pc=0x000001fc37dac964 relative=0x00000000000008e4
Event: 123.114 Thread 0x000001fc2cabd3f0 Uncommon trap: reason=unstable_if action=reinterpret pc=0x000001fc37dac964 method=java.util.regex.Matcher.search(I)Z @ 76 c2
Event: 123.114 Thread 0x000001fc2cabd3f0 DEOPT PACKING pc=0x000001fc37dac964 sp=0x000000c2dbffa340
Event: 123.114 Thread 0x000001fc2cabd3f0 DEOPT UNPACKING pc=0x000001fc375aa1a3 sp=0x000000c2dbffa310 mode 2
Event: 123.291 Thread 0x000001fc2cabd3f0 Uncommon trap: trap_request=0xffffffde fr.pc=0x000001fc37b8c358 relative=0x00000000000005f8
Event: 123.291 Thread 0x000001fc2cabd3f0 Uncommon trap: reason=class_check action=maybe_recompile pc=0x000001fc37b8c358 method=java.util.regex.Matcher.search(I)Z @ 121 c2
Event: 123.291 Thread 0x000001fc2cabd3f0 DEOPT PACKING pc=0x000001fc37b8c358 sp=0x000000c2dbffc170
Event: 123.291 Thread 0x000001fc2cabd3f0 DEOPT UNPACKING pc=0x000001fc375aa1a3 sp=0x000000c2dbffc150 mode 2
Event: 123.292 Thread 0x000001fc2cabd3f0 Uncommon trap: trap_request=0xffffffde fr.pc=0x000001fc37b8c358 relative=0x00000000000005f8
Event: 123.292 Thread 0x000001fc2cabd3f0 Uncommon trap: reason=class_check action=maybe_recompile pc=0x000001fc37b8c358 method=java.util.regex.Matcher.search(I)Z @ 121 c2
Event: 123.292 Thread 0x000001fc2cabd3f0 DEOPT PACKING pc=0x000001fc37b8c358 sp=0x000000c2dbffc170
Event: 123.292 Thread 0x000001fc2cabd3f0 DEOPT UNPACKING pc=0x000001fc375aa1a3 sp=0x000000c2dbffc150 mode 2
Event: 123.296 Thread 0x000001fc2cabd3f0 Uncommon trap: trap_request=0xffffffde fr.pc=0x000001fc37b8c358 relative=0x00000000000005f8
Event: 123.296 Thread 0x000001fc2cabd3f0 Uncommon trap: reason=class_check action=maybe_recompile pc=0x000001fc37b8c358 method=java.util.regex.Matcher.search(I)Z @ 121 c2
Event: 123.296 Thread 0x000001fc2cabd3f0 DEOPT PACKING pc=0x000001fc37b8c358 sp=0x000000c2dbffc170
Event: 123.296 Thread 0x000001fc2cabd3f0 DEOPT UNPACKING pc=0x000001fc375aa1a3 sp=0x000000c2dbffc150 mode 2
Event: 123.299 Thread 0x000001fc2cabd3f0 Uncommon trap: trap_request=0xffffffde fr.pc=0x000001fc37b8c358 relative=0x00000000000005f8
Event: 123.299 Thread 0x000001fc2cabd3f0 Uncommon trap: reason=class_check action=maybe_recompile pc=0x000001fc37b8c358 method=java.util.regex.Matcher.search(I)Z @ 121 c2
Event: 123.299 Thread 0x000001fc2cabd3f0 DEOPT PACKING pc=0x000001fc37b8c358 sp=0x000000c2dbffc170
Event: 123.299 Thread 0x000001fc2cabd3f0 DEOPT UNPACKING pc=0x000001fc375aa1a3 sp=0x000000c2dbffc150 mode 2

Classes loaded (20 events):
Event: 19.295 Loading class java/lang/invoke/BoundMethodHandle$Species_LLLLLLLLLLLL
Event: 19.296 Loading class java/lang/invoke/BoundMethodHandle$Species_LLLLLLLLLLLL done
Event: 19.297 Loading class java/lang/invoke/BoundMethodHandle$Species_LLLLLLLLLLLLL
Event: 19.297 Loading class java/lang/invoke/BoundMethodHandle$Species_LLLLLLLLLLLLL done
Event: 19.431 Loading class java/lang/StackTraceElement$HashedModules
Event: 19.431 Loading class java/lang/StackTraceElement$HashedModules done
Event: 19.523 Loading class sun/net/www/protocol/https/Handler
Event: 19.524 Loading class sun/net/www/protocol/https/Handler done
Event: 73.611 Loading class java/util/IdentityHashMap$KeyIterator
Event: 73.872 Loading class java/util/IdentityHashMap$IdentityHashMapIterator
Event: 74.106 Loading class java/util/IdentityHashMap$IdentityHashMapIterator done
Event: 74.108 Loading class java/util/IdentityHashMap$KeyIterator done
Event: 118.605 Loading class java/lang/BooleanBeanInfo
Event: 118.606 Loading class java/lang/BooleanBeanInfo done
Event: 118.611 Loading class java/lang/BooleanBeanInfo
Event: 118.611 Loading class java/lang/BooleanBeanInfo done
Event: 118.613 Loading class java/lang/BooleanCustomizer
Event: 118.613 Loading class java/lang/BooleanCustomizer done
Event: 118.621 Loading class java/lang/BooleanCustomizer
Event: 118.621 Loading class java/lang/BooleanCustomizer done

Classes unloaded (0 events):
No events

Classes redefined (0 events):
No events

Internal exceptions (20 events):
Event: 19.476 Thread 0x000001fc2cabd3f0 Exception <a 'java/lang/ClassNotFoundException'{0x0000000084f06910}: com/kms/katalon/core/webui/keyword/builtin/NavigateToUrlKeywordBeanInfo> (0x0000000084f06910) 
thrown [s\src\hotspot\share\classfile\systemDictionary.cpp, line 256]
Event: 19.481 Thread 0x000001fc2cabd3f0 Exception <a 'java/lang/ClassNotFoundException'{0x0000000084f24ed0}: com/kms/katalon/core/webui/keyword/builtin/NavigateToUrlKeywordCustomizer> (0x0000000084f24ed0) 
thrown [s\src\hotspot\share\classfile\systemDictionary.cpp, line 256]
Event: 114.974 Thread 0x000001fc2cabd3f0 Exception <a 'java/lang/ClassNotFoundException'{0x0000000084c95dd0}: com/kms/katalon/core/testobject/ObjectRepositoryBeanInfo> (0x0000000084c95dd0) 
thrown [s\src\hotspot\share\classfile\systemDictionary.cpp, line 256]
Event: 115.043 Thread 0x000001fc2cabd3f0 Exception <a 'java/lang/ClassNotFoundException'{0x0000000084cb22d8}: com/kms/katalon/core/testobject/ObjectRepositoryCustomizer> (0x0000000084cb22d8) 
thrown [s\src\hotspot\share\classfile\systemDictionary.cpp, line 256]
Event: 115.956 Thread 0x000001fc2cabd3f0 Exception <a 'java/lang/ClassNotFoundException'{0x0000000084ae63b8}: Script1BeanInfo> (0x0000000084ae63b8) 
thrown [s\src\hotspot\share\classfile\systemDictionary.cpp, line 256]
Event: 116.008 Thread 0x000001fc2cabd3f0 Exception <a 'java/lang/ClassNotFoundException'{0x00000000849066e0}: Script1Customizer> (0x00000000849066e0) 
thrown [s\src\hotspot\share\classfile\systemDictionary.cpp, line 256]
Event: 116.764 Thread 0x000001fc2cabd3f0 Exception <a 'java/lang/ClassNotFoundException'{0x000000008487adf8}: com/kms/katalon/core/webui/keyword/builtin/ClickKeywordBeanInfo> (0x000000008487adf8) 
thrown [s\src\hotspot\share\classfile\systemDictionary.cpp, line 256]
Event: 116.777 Thread 0x000001fc2cabd3f0 Exception <a 'java/lang/ClassNotFoundException'{0x0000000084898738}: com/kms/katalon/core/webui/keyword/builtin/ClickKeywordCustomizer> (0x0000000084898738) 
thrown [s\src\hotspot\share\classfile\systemDictionary.cpp, line 256]
Event: 118.004 Thread 0x000001fc2cabd3f0 Exception <a 'java/lang/ClassNotFoundException'{0x00000000845637c8}: com/kms/katalon/core/webui/common/controller/WaitForVisiblePhaseBeanInfo> (0x00000000845637c8) 
thrown [s\src\hotspot\share\classfile\systemDictionary.cpp, line 256]
Event: 118.023 Thread 0x000001fc2cabd3f0 Exception <a 'java/lang/ClassNotFoundException'{0x0000000084583480}: com/kms/katalon/core/webui/common/controller/ElementWaitingPhaseBeanInfo> (0x0000000084583480) 
thrown [s\src\hotspot\share\classfile\systemDictionary.cpp, line 256]
Event: 118.040 Thread 0x000001fc2cabd3f0 Exception <a 'java/lang/ClassNotFoundException'{0x00000000845a3170}: com/kms/katalon/core/webui/common/controller/ElementWaitingPhaseCustomizer> (0x00000000845a3170) 
thrown [s\src\hotspot\share\classfile\systemDictionary.cpp, line 256]
Event: 118.089 Thread 0x000001fc2cabd3f0 Exception <a 'java/lang/ClassNotFoundException'{0x00000000845c4fb0}: com/kms/katalon/core/webui/common/controller/WaitForVisiblePhaseCustomizer> (0x00000000845c4fb0) 
thrown [s\src\hotspot\share\classfile\systemDictionary.cpp, line 256]
Event: 118.230 Thread 0x000001fc2cabd3f0 Exception <a 'java/lang/ClassNotFoundException'{0x0000000084403158}: com/kms/katalon/core/webui/common/controller/WaitForStablePhaseBeanInfo> (0x0000000084403158) 
thrown [s\src\hotspot\share\classfile\systemDictionary.cpp, line 256]
Event: 118.269 Thread 0x000001fc2cabd3f0 Exception <a 'java/lang/ClassNotFoundException'{0x0000000084422c58}: com/kms/katalon/core/webui/common/controller/WaitForStablePhaseCustomizer> (0x0000000084422c58) 
thrown [s\src\hotspot\share\classfile\systemDictionary.cpp, line 256]
Event: 118.331 Thread 0x000001fc2cabd3f0 Exception <a 'java/lang/ClassNotFoundException'{0x0000000084458ec0}: com/kms/katalon/core/webui/common/controller/WaitForEnabledPhaseBeanInfo> (0x0000000084458ec0) 
thrown [s\src\hotspot\share\classfile\systemDictionary.cpp, line 256]
Event: 118.363 Thread 0x000001fc2cabd3f0 Exception <a 'java/lang/ClassNotFoundException'{0x0000000084478bb0}: com/kms/katalon/core/webui/common/controller/WaitForEnabledPhaseCustomizer> (0x0000000084478bb0) 
thrown [s\src\hotspot\share\classfile\systemDictionary.cpp, line 256]
Event: 118.436 Thread 0x000001fc2cabd3f0 Exception <a 'java/lang/ClassNotFoundException'{0x00000000844af7c8}: com/kms/katalon/core/webui/common/controller/WaitForTopmostPhaseBeanInfo> (0x00000000844af7c8) 
thrown [s\src\hotspot\share\classfile\systemDictionary.cpp, line 256]
Event: 118.448 Thread 0x000001fc2cabd3f0 Exception <a 'java/lang/ClassNotFoundException'{0x00000000844cf4b8}: com/kms/katalon/core/webui/common/controller/WaitForTopmostPhaseCustomizer> (0x00000000844cf4b8) 
thrown [s\src\hotspot\share\classfile\systemDictionary.cpp, line 256]
Event: 118.611 Thread 0x000001fc2cabd3f0 Exception <a 'java/lang/ClassNotFoundException'{0x0000000084323650}: java/lang/BooleanBeanInfo> (0x0000000084323650) 
thrown [s\src\hotspot\share\classfile\systemDictionary.cpp, line 256]
Event: 118.621 Thread 0x000001fc2cabd3f0 Exception <a 'java/lang/ClassNotFoundException'{0x0000000084333170}: java/lang/BooleanCustomizer> (0x0000000084333170) 
thrown [s\src\hotspot\share\classfile\systemDictionary.cpp, line 256]

VM Operations (20 events):
Event: 118.438 Executing VM operation: Cleanup done
Event: 119.448 Executing VM operation: Cleanup
Event: 119.448 Executing VM operation: Cleanup done
Event: 120.259 Executing VM operation: HandshakeAllThreads
Event: 120.259 Executing VM operation: HandshakeAllThreads done
Event: 123.174 Executing VM operation: HandshakeAllThreads
Event: 123.174 Executing VM operation: HandshakeAllThreads done
Event: 123.174 Executing VM operation: Cleanup
Event: 123.174 Executing VM operation: Cleanup done
Event: 124.185 Executing VM operation: Cleanup
Event: 124.185 Executing VM operation: Cleanup done
Event: 126.207 Executing VM operation: Cleanup
Event: 126.207 Executing VM operation: Cleanup done
Event: 126.689 Executing VM operation: G1CollectForAllocation
Event: 126.819 Executing VM operation: G1CollectForAllocation done
Event: 127.834 Executing VM operation: Cleanup
Event: 127.835 Executing VM operation: Cleanup done
Event: 128.848 Executing VM operation: Cleanup
Event: 128.848 Executing VM operation: Cleanup done
Event: 130.863 Executing VM operation: Cleanup

Memory protections (0 events):
No events

Nmethod flushes (20 events):
Event: 11.542 Thread 0x000001fc46a74080 flushing  nmethod 0x000001fc3071de90
Event: 11.542 Thread 0x000001fc46a74080 flushing  nmethod 0x000001fc3071ef10
Event: 11.542 Thread 0x000001fc46a74080 flushing  nmethod 0x000001fc3071f710
Event: 11.542 Thread 0x000001fc46a74080 flushing  nmethod 0x000001fc30720710
Event: 11.542 Thread 0x000001fc46a74080 flushing  nmethod 0x000001fc30721590
Event: 11.542 Thread 0x000001fc46a74080 flushing  nmethod 0x000001fc30723a90
Event: 11.542 Thread 0x000001fc46a74080 flushing  nmethod 0x000001fc30723f10
Event: 11.542 Thread 0x000001fc46a74080 flushing  nmethod 0x000001fc30724f90
Event: 11.542 Thread 0x000001fc46a74080 flushing  nmethod 0x000001fc30725390
Event: 11.542 Thread 0x000001fc46a74080 flushing  nmethod 0x000001fc30748b10
Event: 11.542 Thread 0x000001fc46a74080 flushing  nmethod 0x000001fc3074d190
Event: 11.543 Thread 0x000001fc46a74080 flushing  nmethod 0x000001fc3074d890
Event: 11.543 Thread 0x000001fc46a74080 flushing  nmethod 0x000001fc3074e110
Event: 11.543 Thread 0x000001fc46a74080 flushing  nmethod 0x000001fc30770410
Event: 11.543 Thread 0x000001fc46a74080 flushing  nmethod 0x000001fc30773190
Event: 11.543 Thread 0x000001fc46a74080 flushing  nmethod 0x000001fc30776f10
Event: 11.543 Thread 0x000001fc46a74080 flushing  nmethod 0x000001fc30777590
Event: 11.543 Thread 0x000001fc46a74080 flushing  nmethod 0x000001fc30781710
Event: 11.543 Thread 0x000001fc46a74080 flushing  nmethod 0x000001fc30782110
Event: 11.543 Thread 0x000001fc46a74080 flushing  nmethod 0x000001fc3081af10

Events (20 events):
Event: 18.928 Thread 0x000001fc4f3513f0 Thread exited: 0x000001fc4f3513f0
Event: 19.064 Thread 0x000001fc46a6f760 Thread added: 0x000001fc4f3513f0
Event: 19.379 Thread 0x000001fc46a6f760 Thread added: 0x000001fc4f34f960
Event: 24.680 Thread 0x000001fc4f34f960 Thread exited: 0x000001fc4f34f960
Event: 26.956 Thread 0x000001fc4f3513f0 Thread exited: 0x000001fc4f3513f0
Event: 73.877 Thread 0x000001fc4b2c0480 Thread exited: 0x000001fc4b2c0480
Event: 74.139 Thread 0x000001fc4f15a030 Thread exited: 0x000001fc4f15a030
Event: 77.594 Thread 0x000001fc4b2bfa60 Thread exited: 0x000001fc4b2bfa60
Event: 77.604 Thread 0x000001fc4b2bff70 Thread exited: 0x000001fc4b2bff70
Event: 77.638 Thread 0x000001fc4d5dc8f0 Thread exited: 0x000001fc4d5dc8f0
Event: 77.652 Thread 0x000001fc4d5dc3e0 Thread exited: 0x000001fc4d5dc3e0
Event: 77.657 Thread 0x000001fc4d5dbed0 Thread exited: 0x000001fc4d5dbed0
Event: 77.658 Thread 0x000001fc4d5de750 Thread exited: 0x000001fc4d5de750
Event: 77.666 Thread 0x000001fc4c74f800 Thread exited: 0x000001fc4c74f800
Event: 77.951 Thread 0x000001fc4d5df680 Thread exited: 0x000001fc4d5df680
Event: 77.956 Thread 0x000001fc4d5db9c0 Thread exited: 0x000001fc4d5db9c0
Event: 79.572 Thread 0x000001fc4b2c0ea0 Thread exited: 0x000001fc4b2c0ea0
Event: 79.610 Thread 0x000001fc4b2c18c0 Thread exited: 0x000001fc4b2c18c0
Event: 112.977 Thread 0x000001fc4d482cb0 Thread added: 0x000001fc4d5dbed0
Event: 113.485 Thread 0x000001fc4d482cb0 Thread added: 0x000001fc4d5ddd30


Dynamic libraries:
0x00007ff6a9f30000 - 0x00007ff6a9f3e000 	C:\Users\dell\.katalon\packages\KSE-10.4.3\jre\bin\javaw.exe
0x00007ff95e5c0000 - 0x00007ff95e827000 	C:\WINDOWS\SYSTEM32\ntdll.dll
0x00007ff95cdd0000 - 0x00007ff95ce99000 	C:\WINDOWS\System32\KERNEL32.DLL
0x00007ff95bbf0000 - 0x00007ff95bfdf000 	C:\WINDOWS\System32\KERNELBASE.dll
0x00007ff95c160000 - 0x00007ff95c2ab000 	C:\WINDOWS\System32\ucrtbase.dll
0x00007ff9578c0000 - 0x00007ff9578d7000 	C:\Users\dell\.katalon\packages\KSE-10.4.3\jre\bin\jli.dll
0x00007ff95c960000 - 0x00007ff95cb25000 	C:\WINDOWS\System32\USER32.dll
0x00007ff95bb00000 - 0x00007ff95bb27000 	C:\WINDOWS\System32\win32u.dll
0x00007ff95d8c0000 - 0x00007ff95d8eb000 	C:\WINDOWS\System32\GDI32.dll
0x00007ff95b7a0000 - 0x00007ff95b8cc000 	C:\WINDOWS\System32\gdi32full.dll
0x00007ff94b430000 - 0x00007ff94b44e000 	C:\Users\dell\.katalon\packages\KSE-10.4.3\jre\bin\VCRUNTIME140.dll
0x00007ff95c2b0000 - 0x00007ff95c353000 	C:\WINDOWS\System32\msvcp_win.dll
0x00007ff93b6a0000 - 0x00007ff93b933000 	C:\WINDOWS\WinSxS\amd64_microsoft.windows.common-controls_6595b64144ccf1df_6.0.26100.7309_none_3e05feeae336a044\COMCTL32.dll
0x00007ff95c550000 - 0x00007ff95c5f9000 	C:\WINDOWS\System32\msvcrt.dll
0x00007ff95cea0000 - 0x00007ff95ced1000 	C:\WINDOWS\System32\IMM32.DLL
0x00007ff948ef0000 - 0x00007ff948efc000 	C:\Users\dell\.katalon\packages\KSE-10.4.3\jre\bin\vcruntime140_1.dll
0x00007ff8fe7f0000 - 0x00007ff8fe87d000 	C:\Users\dell\.katalon\packages\KSE-10.4.3\jre\bin\msvcp140.dll
0x00007ff88e800000 - 0x00007ff88f46b000 	C:\Users\dell\.katalon\packages\KSE-10.4.3\jre\bin\server\jvm.dll
0x00007ff95d3f0000 - 0x00007ff95d4a4000 	C:\WINDOWS\System32\ADVAPI32.dll
0x00007ff95d5f0000 - 0x00007ff95d696000 	C:\WINDOWS\System32\sechost.dll
0x00007ff95d4b0000 - 0x00007ff95d5c8000 	C:\WINDOWS\System32\RPCRT4.dll
0x00007ff95cee0000 - 0x00007ff95cf54000 	C:\WINDOWS\System32\WS2_32.dll
0x00007ff95b570000 - 0x00007ff95b5ce000 	C:\WINDOWS\SYSTEM32\POWRPROF.dll
0x00007ff952d30000 - 0x00007ff952d65000 	C:\WINDOWS\SYSTEM32\WINMM.dll
0x00007ff94ae60000 - 0x00007ff94ae6b000 	C:\WINDOWS\SYSTEM32\VERSION.dll
0x00007ff95b550000 - 0x00007ff95b564000 	C:\WINDOWS\SYSTEM32\UMPDC.dll
0x00007ff95a460000 - 0x00007ff95a47b000 	C:\WINDOWS\SYSTEM32\kernel.appcore.dll
0x00007ff94b470000 - 0x00007ff94b47a000 	C:\Users\dell\.katalon\packages\KSE-10.4.3\jre\bin\jimage.dll
0x00007ff958260000 - 0x00007ff9584a2000 	C:\WINDOWS\SYSTEM32\DBGHELP.DLL
0x00007ff95cf60000 - 0x00007ff95d2e5000 	C:\WINDOWS\System32\combase.dll
0x00007ff95c600000 - 0x00007ff95c6d6000 	C:\WINDOWS\System32\OLEAUT32.dll
0x00007ff9395f0000 - 0x00007ff93962c000 	C:\WINDOWS\SYSTEM32\dbgcore.DLL
0x00007ff95b8d0000 - 0x00007ff95b975000 	C:\WINDOWS\System32\bcryptPrimitives.dll
0x00007ff941350000 - 0x00007ff941375000 	C:\Users\dell\.katalon\packages\KSE-10.4.3\jre\bin\java.dll
0x00007ff94b450000 - 0x00007ff94b468000 	C:\Users\dell\.katalon\packages\KSE-10.4.3\jre\bin\zip.dll
0x00007ff95de10000 - 0x00007ff95e563000 	C:\WINDOWS\System32\SHELL32.dll
0x00007ff95bff0000 - 0x00007ff95c15a000 	C:\WINDOWS\System32\wintypes.dll
0x00007ff959330000 - 0x00007ff959b8e000 	C:\WINDOWS\SYSTEM32\windows.storage.dll
0x00007ff95c450000 - 0x00007ff95c545000 	C:\WINDOWS\System32\SHCORE.dll
0x00007ff95c750000 - 0x00007ff95c7b6000 	C:\WINDOWS\System32\shlwapi.dll
0x00007ff95b630000 - 0x00007ff95b659000 	C:\WINDOWS\SYSTEM32\profapi.dll
0x00007ff9459c0000 - 0x00007ff9459d9000 	C:\Users\dell\.katalon\packages\KSE-10.4.3\jre\bin\net.dll
0x00007ff94acf0000 - 0x00007ff94ae18000 	C:\WINDOWS\SYSTEM32\WINHTTP.dll
0x00007ff95aa30000 - 0x00007ff95aa9b000 	C:\WINDOWS\system32\mswsock.dll
0x00007ff944410000 - 0x00007ff944426000 	C:\Users\dell\.katalon\packages\KSE-10.4.3\jre\bin\nio.dll
0x00007ff948c00000 - 0x00007ff948c10000 	C:\Users\dell\.katalon\packages\KSE-10.4.3\jre\bin\verify.dll
0x00007ff948be0000 - 0x00007ff948be9000 	C:\Users\dell\.katalon\packages\KSE-10.4.3\jre\bin\extnet.dll
0x00007ff959fc0000 - 0x00007ff95a0ec000 	C:\WINDOWS\SYSTEM32\DNSAPI.dll
0x00007ff959f80000 - 0x00007ff959fb4000 	C:\WINDOWS\SYSTEM32\IPHLPAPI.DLL
0x00007ff95c6e0000 - 0x00007ff95c6ea000 	C:\WINDOWS\System32\NSI.dll
0x00007ff94b060000 - 0x00007ff94b06b000 	C:\Windows\System32\rasadhlp.dll
0x00007ff94c3c0000 - 0x00007ff94c446000 	C:\WINDOWS\System32\fwpuclnt.dll
0x00007ff948b50000 - 0x00007ff948b5a000 	C:\Users\dell\.katalon\packages\KSE-10.4.3\jre\bin\management.dll
0x00007ff948b40000 - 0x00007ff948b4b000 	C:\Users\dell\.katalon\packages\KSE-10.4.3\jre\bin\management_ext.dll
0x00007ff95c740000 - 0x00007ff95c748000 	C:\WINDOWS\System32\PSAPI.DLL
0x00007ff95acf0000 - 0x00007ff95ad0b000 	C:\WINDOWS\SYSTEM32\CRYPTSP.dll
0x00007ff95a420000 - 0x00007ff95a45a000 	C:\WINDOWS\system32\rsaenh.dll
0x00007ff95aae0000 - 0x00007ff95ab0b000 	C:\WINDOWS\SYSTEM32\USERENV.dll
0x00007ff95b600000 - 0x00007ff95b62a000 	C:\WINDOWS\SYSTEM32\bcrypt.dll
0x00007ff95ad10000 - 0x00007ff95ad1c000 	C:\WINDOWS\SYSTEM32\CRYPTBASE.dll
0x00007ff94b900000 - 0x00007ff94b91e000 	C:\WINDOWS\SYSTEM32\dhcpcsvc6.DLL
0x00007ff94b8b0000 - 0x00007ff94b8d3000 	C:\WINDOWS\SYSTEM32\dhcpcsvc.DLL
0x00007ff948b60000 - 0x00007ff948b6e000 	C:\Users\dell\.katalon\packages\KSE-10.4.3\jre\bin\sunmscapi.dll
0x00007ff95b980000 - 0x00007ff95baf7000 	C:\WINDOWS\System32\CRYPT32.dll
0x00007ff95af10000 - 0x00007ff95af40000 	C:\WINDOWS\SYSTEM32\ncrypt.dll
0x00007ff95aec0000 - 0x00007ff95aeff000 	C:\WINDOWS\SYSTEM32\NTASN1.dll
0x00007ff9000a0000 - 0x00007ff9000a8000 	C:\WINDOWS\system32\wshunix.dll

dbghelp: loaded successfully - version: 4.0.5 - missing functions: none
symbol engine: initialized successfully - sym options: 0x614 - pdb path: .;C:\Users\dell\.katalon\packages\KSE-10.4.3\jre\bin;C:\WINDOWS\SYSTEM32;C:\WINDOWS\WinSxS\amd64_microsoft.windows.common-controls_6595b64144ccf1df_6.0.26100.7309_none_3e05feeae336a044;C:\Users\dell\.katalon\packages\KSE-10.4.3\jre\bin\server

VM Arguments:
jvm_args: -Dgroovy.home=C:\Users\dell/.groovy -Djava.system.class.loader=groovy.lang.GroovyClassLoader -Xmx2048m -Dfile.encoding=UTF-8 -Dstdout.encoding=UTF-8 -Dstderr.encoding=UTF-8 -XX:+ShowCodeDetailsInExceptionMessages 
java_command: org.codehaus.groovy.tools.GroovyStarter --classpath C:\Users\dell\Katalon Studio\Project\bin\keyword;C:\Users\dell\Katalon Studio\Project\Keywords;C:\Users\dell\Katalon Studio\Project\bin\listener;C:\Users\dell\Katalon Studio\Project\Test Listeners;C:\Users\dell\Katalon Studio\Project\bin\lib;C:\Users\dell\Katalon Studio\Project\Libs;C:\Users\dell\Katalon Studio\Project\bin\groovy;C:\Users\dell\Katalon Studio\Project\Include\scripts\groovy;C:\Users\dell\.katalon\packages\KSE-10.4.3\plugins\com.kms.katalon.core_1.0.0.202512220625.jar;C:\Users\dell\.katalon\packages\KSE-10.4.3\configuration\resources\lib\aalto-xml-1.0.0.jar;C:\Users\dell\.katalon\packages\KSE-10.4.3\configuration\resources\lib\aws-2.20.3-fat.jar;C:\Users\dell\.katalon\packages\KSE-10.4.3\configuration\resources\lib\browsermob-core-2.1.5.jar;C:\Users\dell\.katalon\packages\KSE-10.4.3\configuration\resources\lib\byte-buddy-1.14.3.jar;C:\Users\dell\.katalon\packages\KSE-10.4.3\configuration\resources\lib\byte-buddy-agent-1.14.3.jar;C:\Users\dell\.katalon\packages\KSE-10.4.3\configuration\resources\lib\commons-codec-1.10.jar;C:\Users\dell\.katalon\packages\KSE-10.4.3\configuration\resources\lib\commons-collections4-4.1.jar;C:\Users\dell\.katalon\packages\KSE-10.4.3\configuration\resources\lib\commons-javaflow-20060411.jar;C:\Users\dell\.katalon\packages\KSE-10.4.3\configuration\resources\lib\commons-logging-1.3.4.jar;C:\Users\dell\.katalon\packages\KSE-10.4.3\configuration\resources\lib\curvesapi-1.04.jar;C:\Users\dell\.katalon\packages\KSE-10.4.3\configuration\resources\lib\dnsjava-3.6.2.jar;C:\Users\dell\.katalon\packages\KSE-10.4.3\configuration\resources\lib\ecj-3.21.0.jar;C:\Users\dell\.katalon\packages\KSE-10.4.3\configuration\resources\lib\fontbox-3.0.4.jar;C:\Users\dell\.katalon\packages\KSE-10.4.3\configuration\resources\lib\groovy-3.0.17.jar;C:\Users\dell\.katalon\packages\KSE-10.4.3\configuration\resources\lib\jackson-coreutils-2.0.jar;C:\Users\dell\.katalon\packages\KSE-10.4.3\
java_class_path (initial): C:\Users\dell\Katalon Studio\Project\bin\keyword;C:\Users\dell\Katalon Studio\Project\bin\listener;C:\Users\dell\Katalon Studio\Project\bin\lib;C:\Users\dell\Katalon Studio\Project\bin\groovy;C:\Users\dell\Katalon Studio\Project\bin;C:\Users\dell\.katalon\packages\KSE-10.4.3\plugins\com.kms.katalon.core_1.0.0.202512220625.jar;C:\Users\dell\.katalon\packages\KSE-10.4.3\configuration\resources\lib\aalto-xml-1.0.0.jar;C:\Users\dell\.katalon\packages\KSE-10.4.3\configuration\resources\lib\aws-2.20.3-fat.jar;C:\Users\dell\.katalon\packages\KSE-10.4.3\configuration\resources\lib\browsermob-core-2.1.5.jar;C:\Users\dell\.katalon\packages\KSE-10.4.3\configuration\resources\lib\byte-buddy-1.14.3.jar;C:\Users\dell\.katalon\packages\KSE-10.4.3\configuration\resources\lib\byte-buddy-agent-1.14.3.jar;C:\Users\dell\.katalon\packages\KSE-10.4.3\configuration\resources\lib\commons-codec-1.10.jar;C:\Users\dell\.katalon\packages\KSE-10.4.3\configuration\resources\lib\commons-collections4-4.1.jar;C:\Users\dell\.katalon\packages\KSE-10.4.3\configuration\resources\lib\commons-javaflow-20060411.jar;C:\Users\dell\.katalon\packages\KSE-10.4.3\configuration\resources\lib\commons-logging-1.3.4.jar;C:\Users\dell\.katalon\packages\KSE-10.4.3\configuration\resources\lib\curvesapi-1.04.jar;C:\Users\dell\.katalon\packages\KSE-10.4.3\configuration\resources\lib\dnsjava-3.6.2.jar;C:\Users\dell\.katalon\packages\KSE-10.4.3\configuration\resources\lib\ecj-3.21.0.jar;C:\Users\dell\.katalon\packages\KSE-10.4.3\configuration\resources\lib\fontbox-3.0.4.jar;C:\Users\dell\.katalon\packages\KSE-10.4.3\configuration\resources\lib\groovy-3.0.17.jar;C:\Users\dell\.katalon\packages\KSE-10.4.3\configuration\resources\lib\jackson-coreutils-2.0.jar;C:\Users\dell\.katalon\packages\KSE-10.4.3\configuration\resources\lib\jackson-coreutils-equivalence-1.0.jar;C:\Users\dell\.katalon\packages\KSE-10.4.3\configuration\resources\lib\jasperreports-6.20.5.jar;C:\Users\dell\.katalon\packages\KSE-
Launcher Type: SUN_STANDARD

[Global flags]
     intx CICompilerCount                          = 4                                         {product} {ergonomic}
     uint ConcGCThreads                            = 2                                         {product} {ergonomic}
     uint G1ConcRefinementThreads                  = 8                                         {product} {ergonomic}
   size_t G1HeapRegionSize                         = 1048576                                   {product} {ergonomic}
    uintx GCDrainStackTargetSize                   = 64                                        {product} {ergonomic}
   size_t InitialHeapSize                          = 130023424                                 {product} {ergonomic}
   size_t MarkStackSize                            = 4194304                                   {product} {ergonomic}
   size_t MaxHeapSize                              = 2147483648                                {product} {command line}
   size_t MaxNewSize                               = 1287651328                                {product} {ergonomic}
   size_t MinHeapDeltaBytes                        = 1048576                                   {product} {ergonomic}
   size_t MinHeapSize                              = 8388608                                   {product} {ergonomic}
    uintx NonNMethodCodeHeapSize                   = 5839372                                {pd product} {ergonomic}
    uintx NonProfiledCodeHeapSize                  = 122909434                              {pd product} {ergonomic}
    uintx ProfiledCodeHeapSize                     = 122909434                              {pd product} {ergonomic}
    uintx ReservedCodeCacheSize                    = 251658240                              {pd product} {ergonomic}
     bool SegmentedCodeCache                       = true                                      {product} {ergonomic}
     bool ShowCodeDetailsInExceptionMessages       = true                                   {manageable} {command line}
   size_t SoftMaxHeapSize                          = 2147483648                             {manageable} {ergonomic}
     bool UseCompressedClassPointers               = true                           {product lp64_product} {ergonomic}
     bool UseCompressedOops                        = true                           {product lp64_product} {ergonomic}
     bool UseG1GC                                  = true                                      {product} {ergonomic}
     bool UseLargePagesIndividualAllocation        = false                                  {pd product} {ergonomic}

Logging:
Log output configuration:
 #0: stdout all=warning uptime,level,tags
 #1: stderr all=off uptime,level,tags

Environment Variables:
PATH=C:/Users/dell/.katalon/packages/KSE-10.4.3/jre/bin/server;C:/Users/dell/.katalon/packages/KSE-10.4.3/jre/bin;C:\Python314\Scripts\;C:\Python314\;C:\Program Files\Common Files\Oracle\Java\javapath;C:\Windows\system32;C:\Windows;C:\Windows\System32\Wbem;C:\Windows\System32\WindowsPowerShell\v1.0\;C:\Windows\System32\OpenSSH\;C:\Program Files\NVIDIA Corporation\NVIDIA NvDLISR;C:\WINDOWS\system32;C:\WINDOWS;C:\WINDOWS\System32\Wbem;C:\WINDOWS\System32\WindowsPowerShell\v1.0\;C:\WINDOWS\System32\OpenSSH\;C:\Program Files\Microsoft SQL Server\Client SDK\ODBC\170\Tools\Binn\;C:\Program Files (x86)\Microsoft SQL Server\150\Tools\Binn\;C:\Program Files\Microsoft SQL Server\150\Tools\Binn\;C:\Program Files\Microsoft SQL Server\150\DTS\Binn\;C:\Program Files\dotnet\;C:\oraclexe\sqldeveloper\jdk\jre\bin;C:\Program Files\Java\jdk-11\bin;C:\allure-2.9.0\bin;C:\allure-2.23.1\bin;C:\Users\dell\AppData\Local\Programs\Python\Python311\Scripts;C:\Program Files (x86)\Microsoft SQL Server\110\Tools\Binn\ManagementStudio\;C:\Program Files (x86)\Microsoft SQL Server\110\Tools\Binn\;C:\Program Files (x86)\Microsoft Visual Studio 11.0\Common7\IDE\PrivateAssemblies\;C:\Program Files (x86)\Microsoft SQL Server\110\DTS\Binn\;C:\Program Files\nodejs\;C:\ProgramData\chocolatey\bin;C:\Users\dell\AppData\Local\Microsoft\WindowsApps;;G:\Python\PyCharm Community Edition 2023.1.3\bin;;C:\Users\dell\AppData\Roaming\npm;C:\Users\dell\AppData\Local\Programs\Microsoft VS Code\bin;C:\Users\dell\.katalon\packages\KSE-10.4.3;
USERNAME=dell
OS=Windows_NT
PROCESSOR_IDENTIFIER=Intel64 Family 6 Model 140 Stepping 1, GenuineIntel
TMP=C:\Users\dell\AppData\Local\Temp
TEMP=C:\Users\dell\AppData\Local\Temp



Periodic native trim disabled


---------------  S Y S T E M  ---------------

OS:
 Windows 11 , 64 bit Build 26100 (10.0.26100.7309)
OS uptime: 23 days 1:19 hours

CPU: total 8 (initial active 8) (4 cores per cpu, 2 threads per core) family 6 model 140 stepping 1 microcode 0xbc, cx8, cmov, fxsr, ht, mmx, 3dnowpref, sse, sse2, sse3, ssse3, sse4.1, sse4.2, popcnt, lzcnt, tsc, tscinvbit, avx, avx2, aes, erms, clmul, bmi1, bmi2, adx, avx512f, avx512dq, avx512cd, avx512bw, avx512vl, sha, fma, vzeroupper, avx512_vpopcntdq, avx512_vpclmulqdq, avx512_vaes, avx512_vnni, clflush, clflushopt, clwb, avx512_vbmi2, avx512_vbmi
Processor Information for all 8 processors :
  Max Mhz: 2419, Current Mhz: 2419, Mhz Limit: 2419

Memory: 4k page, system-wide physical 7926M (403M free)
TotalPageFile size 28406M (AvailPageFile size 142M)
current process WorkingSet (physical memory assigned to process): 116M, peak: 271M
current process commit charge ("private bytes"): 287M, peak: 314M

vm_info: OpenJDK 64-Bit Server VM (17.0.14+7) for windows-amd64 JRE (17.0.14+7), built on Jan 21 2025 23:40:15 by "admin" with MS VC++ 17.7 (VS2022)

END.
