#
# There is insufficient memory for the Java Runtime Environment to continue.
# Native memory allocation (malloc) failed to allocate 939056 bytes. Error detail: Chunk::new
# Possible reasons:
#   The system is out of physical RAM or swap space
#   This process is running with CompressedOops enabled, and the Java Heap may be blocking the growth of the native heap
# Possible solutions:
#   Reduce memory load on the system
#   Increase physical memory or swap space
#   Check if swap backing store is full
#   Decrease Java heap size (-Xmx/-Xms)
#   Decrease number of Java threads
#   Decrease Java thread stack sizes (-Xss)
#   Set larger code cache with -XX:ReservedCodeCacheSize=
#   JVM is running with Unscaled Compressed Oops mode in which the Java heap is
#     placed in the first 4GB address space. The Java Heap base address is the
#     maximum limit for the native heap growth. Please use -XX:HeapBaseMinAddress
#     to set the Java Heap base and to place the Java Heap above 4GB virtual address.
# This output file may be truncated or incomplete.
#
#  Out of Memory Error (arena.cpp:191), pid=20980, tid=4724
#
# JRE version: OpenJDK Runtime Environment Temurin-17.0.14+7 (17.0.14+7) (build 17.0.14+7)
# Java VM: OpenJDK 64-Bit Server VM Temurin-17.0.14+7 (17.0.14+7, mixed mode, tiered, compressed oops, compressed class ptrs, g1 gc, windows-amd64)
# No core dump will be written. Minidumps are not enabled by default on client versions of Windows
#

---------------  S U M M A R Y ------------

Command Line: -Dgroovy.home=C:\Users\dell/.groovy -Djava.system.class.loader=groovy.lang.GroovyClassLoader -Xmx2048m -Dfile.encoding=UTF-8 -Dstdout.encoding=UTF-8 -Dstderr.encoding=UTF-8 -XX:+ShowCodeDetailsInExceptionMessages org.codehaus.groovy.tools.GroovyStarter --classpath C:\Users\dell\Katalon Studio\Project\bin\keyword;C:\Users\dell\Katalon Studio\Project\Keywords;C:\Users\dell\Katalon Studio\Project\bin\listener;C:\Users\dell\Katalon Studio\Project\Test Listeners;C:\Users\dell\Katalon Studio\Project\bin\lib;C:\Users\dell\Katalon Studio\Project\Libs;C:\Users\dell\Katalon Studio\Project\bin\groovy;C:\Users\dell\Katalon Studio\Project\Include\scripts\groovy;C:\Users\dell\.katalon\packages\KSE-10.4.3\plugins\com.kms.katalon.core_1.0.0.202512220625.jar;C:\Users\dell\.katalon\packages\KSE-10.4.3\configuration\resources\lib\aalto-xml-1.0.0.jar;C:\Users\dell\.katalon\packages\KSE-10.4.3\configuration\resources\lib\aws-2.20.3-fat.jar;C:\Users\dell\.katalon\packages\KSE-10.4.3\configuration\resources\lib\browsermob-core-2.1.5.jar;C:\Users\dell\.katalon\packages\KSE-10.4.3\configuration\resources\lib\byte-buddy-1.14.3.jar;C:\Users\dell\.katalon\packages\KSE-10.4.3\configuration\resources\lib\byte-buddy-agent-1.14.3.jar;C:\Users\dell\.katalon\packages\KSE-10.4.3\configuration\resources\lib\commons-codec-1.10.jar;C:\Users\dell\.katalon\packages\KSE-10.4.3\configuration\resources\lib\commons-collections4-4.1.jar;C:\Users\dell\.katalon\packages\KSE-10.4.3\configuration\resources\lib\commons-javaflow-20060411.jar;C:\Users\dell\.katalon\packages\KSE-10.4.3\configuration\resources\lib\commons-logging-1.3.4.jar;C:\Users\dell\.katalon\packages\KSE-10.4.3\configuration\resources\lib\curvesapi-1.04.jar;C:\Users\dell\.katalon\packages\KSE-10.4.3\configuration\resources\lib\dnsjava-3.6.2.jar;C:\Users\dell\.katalon\packages\KSE-10.4.3\configuration\resources\lib\ecj-3.21.0.jar;C:\Users\dell\.katalon\packages\KSE-10.4.3\configuration\resources\lib\fontbox-3.0.4.jar;C:\Users\dell\.katalon\packages\KSE-10.4.3\configuration\resources\lib\groovy-3.0.17.jar;C:\Users\dell\.katalon\packages\KSE-10.4.3\configuration\resources\lib\jackson-coreutils-2.0.jar;C:\Users\dell\.katalon\packages\KSE-10.4.3\configuration\resources\lib\jackson-coreutils-equivalence-1.0.jar;C:\Users\dell\.katalon\packages\KSE-10.4.3\configuration\resources\lib\jasperreports-6.20.5.jar;C:\Users\dell\.katalon\packages\KSE-10.4.3\configuration\resources\lib\jasperreports-fonts-6.20.5.jar;C:\Users\dell\.katalon\packages\KSE-10.4.3\configuration\resources\lib\javax.servlet-api_3.1.0.jar;C:\Users\dell\.katalon\packages\KSE-10.4.3\configuration\resources\lib\jna-5.12.1.jar;C:\Users\dell\.katalon\packages\KSE-10.4.3\configuration\resources\lib\jna-platform-5.12.1.jar;C:\Users\dell\.katalon\packages\KSE-10.4.3\configuration\resources\lib\json-schema-core-1.2.14.jar;C:\Users\dell\.katalon\packages\KSE-10.4.3\configuration\resources\lib\json-schema-validator-2.2.14.jar;C:\Users\dell\.katalon\packages\KSE-10.4.3\configuration\resources\lib\jzlib-1.1.3.jar;C:\Users\dell\.katalon\packages\KSE-10.4.3\configuration\resources\lib\kat-server.jar;C:\Users\dell\.katalon\packages\KSE-10.4.3\configuration\resources\lib\littleproxy-1.1.0-beta-bmp-17.jar;C:\Users\dell\.katalon\packages\KSE-10.4.3\configuration\resources\lib\log4j-1.2-api-2.17.1.jar;C:\Users\dell\.katalon\packages\KSE-10.4.3\configuration\resources\lib\log4j-api-2.17.1.jar;C:\Users\dell\.katalon\packages\KSE-10.4.3\configuration\resources\lib\log4j-core-2.17.1.jar;C:\Users\dell\.katalon\packages\KSE-10.4.3\configuration\resources\lib\mitm-2.1.5.jar;C:\Users\dell\.katalon\packages\KSE-10.4.3\configuration\resources\lib\mockito-core-5.2.0.jar;C:\Users\dell\.katalon\packages\KSE-10.4.3\configuration\resources\lib\mockito-inline-5.2.0.jar;C:\Users\dell\.katalon\packages\KSE-10.4.3\configuration\resources\lib\objenesis-3.3.jar;C:\Users\dell\.katalon\packages\KSE-10.4.3\configuration\resources\lib\openpdf-1.3.30.jaspersoft.2.jar;C:\Users\dell\.katalon\packages\KSE-10.4.3\configuration\resources\lib\pdfbox-3.0.4.jar;C:\Users\dell\.katalon\packages\KSE-10.4.3\configuration\resources\lib\pdfbox-io-3.0.4.jar;C:\Users\dell\.katalon\packages\KSE-10.4.3\configuration\resources\lib\poi-3.17.jar;C:\Users\dell\.katalon\packages\KSE-10.4.3\configuration\resources\lib\poi-ooxml-3.17.jar;C:\Users\dell\.katalon\packages\KSE-10.4.3\configuration\resources\lib\poi-ooxml-schemas-3.17.jar;C:\Users\dell\.katalon\packages\KSE-10.4.3\configuration\resources\lib\repackaged-sikuli-api-1.0.2-standalone.jar;C:\Users\dell\.katalon\packages\KSE-10.4.3\configuration\resources\lib\selenium-shutterbug-1.1.jar;C:\Users\dell\.katalon\packages\KSE-10.4.3\configuration\resources\lib\soap-builder-1.0.0.jar;C:\Users\dell\.katalon\packages\KSE-10.4.3\configuration\resources\lib\soap-common-1.0.0.jar;C:\Users\dell\.katalon\packages\KSE-10.4.3\configuration\resources\lib\soap-legacy-1.0.0.jar;C:\Users\dell\.katalon\packages\KSE-10.4.3\configuration\resources\lib\stax2-api-4.0.0.jar;C:\Users\dell\.katalon\packages\KSE-10.4.3\configuration\resources\lib\su.jar;C:\Users\dell\.katalon\packages\KSE-10.4.3\configuration\resources\lib\swagger-parser-1.0.67-fat.jar;C:\Users\dell\.katalon\packages\KSE-10.4.3\configuration\resources\lib\uri-template-0.1.jar;C:\Users\dell\.katalon\packages\KSE-10.4.3\configuration\resources\lib\wadl.jar;C:\Users\dell\.katalon\packages\KSE-10.4.3\configuration\resources\lib\xmlbeans-3.1.0.jar;C:\Users\dell\.katalon\packages\KSE-10.4.3\plugins\net.sf.supercsv.super-csv_2.4.0.jar;C:\Users\dell\.katalon\packages\KSE-10.4.3\plugins\org.apache.commons.commons-io_2.17.0.jar;C:\Users\dell\.katalon\packages\KSE-10.4.3\plugins\org.apache.commons.lang_2.6.0.jar;C:\Users\dell\.katalon\packages\KSE-10.4.3\plugins\com.google.gson_2.11.0.jar;C:\Users\dell\.katalon\packages\KSE-10.4.3\plugins\org.jsoup_1.21.1.jar;C:\Users\dell\.katalon\packages\KSE-10.4.3\plugins\org.apache.commons.dbutils_1.6.0.jar;C:\Users\dell\.katalon\packages\KSE-10.4.3\plugins\com.oracle.database.jdbc.ojdbc11_21.18.0.0.jar;C:\Users\dell\.katalon\packages\KSE-10.4.3\plugins\org.postgresql.jdbc_42.7.7.jar;c:\Users\dell\.katalon\packages\KSE-10.4.3\plugins\org.eclipse.osgi_3.22.0.v20241030-2121.jar;C:\Users\dell\.katalon\packages\KSE-10.4.3\plugins\com.kms.katalon.constant_1.0.0.202512220625.jar;C:\Users\dell\.katalon\packages\KSE-10.4.3\plugins\org.eclipse.persistence.eclipselink_2.7.11.jar;C:\Users\dell\.katalon\packages\KSE-10.4.3\plugins\com.kms.katalon.selenium-standalone_1.0.0.202512220625.jar;C:\Users\dell\.katalon\packages\KSE-10.4.3\plugins\atu.testrecorder.screen-recorder_2.1.0.jar;C:\Users\dell\.katalon\packages\KSE-10.4.3\plugins\com.google.guava_33.4.8.jre.jar;C:\Users\dell\.katalon\packages\KSE-10.4.3\plugins\com.kms.katalon.util_1.0.0.202512220625.jar;C:\Users\dell\.katalon\packages\KSE-10.4.3\plugins\org.apache.httpcomponents.httpclient_4.5.14.jar;C:\Users\dell\.katalon\packages\KSE-10.4.3\plugins\org.apache.httpcomponents.httpcore_4.4.16.jar;C:\Users\dell\.katalon\packages\KSE-10.4.3\plugins\org.apache.httpcomponents.httpmime_4.5.13.jar;C:\Users\dell\.katalon\packages\KSE-10.4.3\plugins\org.apache.commons.lang3_3.18.0.jar;C:\Users\dell\.katalon\packages\KSE-10.4.3\plugins\org.greenrobot.eventbus_3.1.1.jar;C:\Users\dell\.katalon\packages\KSE-10.4.3\plugins\net.bytebuddy.byte-buddy_1.17.6.jar;C:\Users\dell\.katalon\packages\KSE-10.4.3\plugins\org.junit_4.13.2.v20230809-1000.jar;C:\Users\dell\.katalon\packages\KSE-10.4.3\plugins\com.fasterxml.jackson.core.jackson-databind_2.18.4.jar;C:\Users\dell\.katalon\packages\KSE-10.4.3\plugins\com.fasterxml.jackson.core.jackson-core_2.18.4.jar;C:\Users\dell\.katalon\packages\KSE-10.4.3\plugins\com.fasterxml.jackson.core.jackson-annotations_2.18.4.jar;C:\Users\dell\.katalon\packages\KSE-10.4.3\plugins\slf4j.api_2.0.17.jar;C:\Users\dell\.katalon\packages\KSE-10.4.3\plugins\org.fusesource.jansi_1.17.1.jar;C:\Users\dell\.katalon\packages\KSE-10.4.3\plugins\com.kms.katalon.netlightbody_1.0.0.202512220625.jar;C:\Users\dell\.katalon\packages\KSE-10.4.3\plugins\com.kms.katalon.poi_1.0.0.202512220625.jar;C:\Users\dell\.katalon\packages\KSE-10.4.3\plugins\org.apache.commons.commons-text_1.10.0.jar;C:\Users\dell\.katalon\packages\KSE-10.4.3\plugins\com.microsoft.sqlserver.mssql-jdbc_12.6.5.jar;C:\Users\dell\.katalon\packages\KSE-10.4.3\plugins\com.github.kklisura.cdt.java-client_2.1.0.jar;C:\Users\dell\.katalon\packages\KSE-10.4.3\plugins\javax.websocket-api_1.1.0.jar;C:\Users\dell\.katalon\packages\KSE-10.4.3\plugins\org.glassfish.tyrus.container-grizzly-client_1.13.1.jar;C:\Users\dell\.katalon\packages\KSE-10.4.3\plugins\org.glassfish.grizzly.http-server_2.3.25.jar;C:\Users\dell\.katalon\packages\KSE-10.4.3\plugins\org.glassfish.grizzly.framework_2.3.25.jar;C:\Users\dell\.katalon\packages\KSE-10.4.3\plugins\org.glassfish.grizzly.http_2.3.25.jar;C:\Users\dell\.katalon\packages\KSE-10.4.3\plugins\org.glassfish.tyrus.client_1.13.1.jar;C:\Users\dell\.katalon\packages\KSE-10.4.3\plugins\org.glassfish.tyrus.core_1.13.1.jar;C:\Users\dell\.katalon\packages\KSE-10.4.3\plugins\org.glassfish.tyrus.spi_1.13.1.jar;C:\Users\dell\.katalon\packages\KSE-10.4.3\plugins\javassist_3.28.0.GA.jar;C:\Users\dell\.katalon\packages\KSE-10.4.3\plugins\graphql-java_22.3.0.jar;C:\Users\dell\.katalon\packages\KSE-10.4.3\plugins\org.glassfish.jaxb.runtime_2.3.6.jar;C:\Users\dell\.katalon\packages\KSE-10.4.3\plugins\org.glassfish.jaxb.txw2_2.3.6.jar;C:\Users\dell\.katalon\packages\KSE-10.4.3\plugins\org.dom4j_2.1.4.jar;C:\Users\dell\.katalon\packages\KSE-10.4.3\plugins\com.kms.katalon.groovy-extended_1.0.0.202512220625.jar;C:\Users\dell\.katalon\packages\KSE-10.4.3\plugins\com.sun.activation.javax.activation_1.2.0.jar;C:\Users\dell\.katalon\packages\KSE-10.4.3\plugins\jakarta.xml.bind-api_4.0.2.jar;C:\Users\dell\.katalon\packages\KSE-10.4.3\plugins\org.eclipse.jface_3.35.100.v20241003-1431.jar;C:\Users\dell\.katalon\packages\KSE-10.4.3\plugins\com.kms.katalon.logging_1.0.0.202512220625.jar;C:\Users\dell\.katalon\packages\KSE-10.4.3\plugins\json_20240303.0.0.jar;C:\Users\dell\.katalon\packages\KSE-10.4.3\plugins\assertj-core_3.25.3.jar;C:\Users\dell\.katalon\packages\KSE-10.4.3\plugins\com.networknt.json-schema-validator_1.5.7.jar;C:\Users\dell\.katalon\packages\KSE-10.4.3\plugins\com.kms.katalon.network.apache_1.0.0.202512220625.jar;C:\Users\dell\.katalon\packages\KSE-10.4.3\plugins\com.kms.katalon.network.core_1.0.0.202512220625.jar;C:\Users\dell\.katalon\packages\KSE-10.4.3\plugins\java-dataloader_3.3.0.jar;C:\Users\dell\.katalon\packages\KSE-10.4.3\plugins\org.apache.commons.collections_3.2.2.v201511171945.jar;C:\Users\dell\.katalon\packages\KSE-10.4.3\plugins\org.apache.commons.commons-collections4_4.4.0.jar;C:\Users\dell\.katalon\packages\KSE-10.4.3\plugins\org.apache.commons.digester_2.1.0.jar;C:\Users\dell\.katalon\packages\KSE-10.4.3\plugins\stax2-api_4.2.2.jar;C:\Users\dell\.katalon\packages\KSE-10.4.3\plugins\com.fasterxml.woodstox.woodstox-core_6.6.2.jar;C:\Users\dell\.katalon\packages\KSE-10.4.3\plugins\org.apache.commons.logging_1.2.0.v20180409-1502.jar;C:\Users\dell\.katalon\packages\KSE-10.4.3\plugins\org.apache.commons.commons-beanutils_1.11.0.jar;C:\Users\dell\.katalon\packages\KSE-10.4.3\plugins\com.kms.katalon.report.core_1.0.0.202512220625.jar;C:\Users\dell\.katalon\packages\KSE-10.4.3\plugins\org.seleniumhq.selenium.selenium-api_4.34.0.jar;C:\Users\dell\.katalon\packages\KSE-10.4.3\plugins\org.seleniumhq.selenium.selenium-remote-driver_4.34.0.jar;C:\Users\dell\.katalon\packages\KSE-10.4.3\plugins\org.seleniumhq.selenium.selenium-http_4.34.0.jar;C:\Users\dell\.katalon\packages\KSE-10.4.3\plugins\ch.qos.logback.classic_1.5.19.jar;C:\Users\dell\.katalon\packages\KSE-10.4.3\plugins\ch.qos.logback.core_1.5.19.jar;C:\Users\dell\.katalon\packages\KSE-10.4.3\plugins\log4j.over.slf4j_1.7.36.jar;C:\Users\dell\.katalon\packages\KSE-10.4.3\plugins\org.eclipse.e4.core.contexts_1.13.0.v20241014-2013.jar;C:\Users\dell\.katalon\packages\KSE-10.4.3\plugins\com.github.oshi.oshi-core_6.9.1.jar;C:\Users\dell\.katalon\packages\KSE-10.4.3\plugins\com.sun.jna_5.18.1.jar;C:\Users\dell\.katalon\packages\KSE-10.4.3\plugins\com.sun.jna.platform_5.18.1.jar;C:\Users\dell\.katalon\packages\KSE-10.4.3\plugins\org.bidib.com.github.markusbernhardt.proxy-vole_1.1.7.jar;C:\Users\dell\.katalon\packages\KSE-10.4.3\plugins\org.hamcrest.core_1.3.0.jar;C:\Users\dell\.katalon\packages\KSE-10.4.3\plugins\org.beanshell.bsh_2.0.0.0b4.jar;C:\Users\dell\.katalon\packages\KSE-10.4.3\plugins\org.apache.ant.launcher_1.9.6.jar;C:\Users\dell\.katalon\packages\KSE-10.4.3\plugins\org.seleniumhq.selenium.selenium-chrome-driver_4.34.0.jar;C:\Users\dell\.katalon\packages\KSE-10.4.3\plugins\org.seleniumhq.selenium.selenium-chromium-driver_4.34.0.jar;C:\Users\dell\.katalon\packages\KSE-10.4.3\plugins\org.seleniumhq.selenium.selenium-edge-driver_4.34.0.jar;C:\Users\dell\.katalon\packages\KSE-10.4.3\plugins\org.seleniumhq.selenium.selenium-firefox-driver_4.34.0.jar;C:\Users\dell\.katalon\packages\KSE-10.4.3\plugins\org.seleniumhq.selenium.selenium-safari-driver_4.34.0.jar;C:\Users\dell\.katalon\packages\KSE-10.4.3\plugins\org.seleniumhq.selenium.selenium-ie-driver_4.34.0.jar;C:\Users\dell\.katalon\packages\KSE-10.4.3\plugins\org.seleniumhq.selenium.selenium-manager_4.34.0.jar;C:\Users\dell\.katalon\packages\KSE-10.4.3\plugins\org.seleniumhq.selenium.selenium-json_4.34.0.jar;C:\Users\dell\.katalon\packages\KSE-10.4.3\plugins\com.kms.katalon.core.appium_1.0.0.202512220625.jar;C:\Users\dell\.katalon\packages\KSE-10.4.3\plugins\org.seleniumhq.selenium.selenium-os_4.34.0.jar;C:\Users\dell\.katalon\packages\KSE-10.4.3\plugins\io.appium.java-client_9.5.0.jar;C:\Users\dell\.katalon\packages\KSE-10.4.3\plugins\org.eclipse.e4.core.services_2.5.0.v20241015-2219.jar;C:\Users\dell\.katalon\packages\KSE-10.4.3\plugins\org.eclipse.osgi.services_3.12.100.v20240327-0645.jar;C:\Users\dell\.katalon\packages\KSE-10.4.3\plugins\org.eclipse.equinox.common_3.19.200.v20241004-0654.jar;C:\Users\dell\.katalon\packages\KSE-10.4.3\plugins\com.kms.katalon.platform.core_1.0.0.202512220625.jar;C:\Users\dell\.katalon\packages\KSE-10.4.3\plugins\com.kms.katalon.common_1.0.0.202512220625.jar;C:\Users\dell\.katalon\packages\KSE-10.4.3\plugins\com.kms.katalon.session.core_1.0.0.202512220625.jar;C:\Users\dell\.katalon\packages\KSE-10.4.3\plugins\org.eclipse.e4.core.di_1.9.500.v20240606-1236.jar;C:\Users\dell\.katalon\packages\KSE-10.4.3\plugins\com.kms.katalon.execution.core_1.0.0.202512220625.jar;C:\Users\dell\.katalon\packages\KSE-10.4.3\plugins\org.eclipse.equinox.registry_3.12.200.v20241004-0654.jar;C:\Users\dell\.katalon\packages\KSE-10.4.3\plugins\oauth2-oidc-sdk_11.29.1.jar;C:\Users\dell\.katalon\packages\KSE-10.4.3\plugins\dev.failsafe_3.3.2.jar;C:\Users\dell\.katalon\packages\KSE-10.4.3\plugins\com.fasterxml.jackson.datatype.jackson-datatype-jsr310_2.17.2.jar;C:\Users\dell\.katalon\packages\KSE-10.4.3\plugins\org.eclipse.e4.core.di.annotations_1.8.400.v20240413-1529.jar;C:\Users\dell\.katalon\packages\KSE-10.4.3\plugins\net.minidev.json-smart_2.5.2.jar;C:\Users\dell\.katalon\packages\KSE-10.4.3\plugins\com.kms.katalon.core.webui_1.0.0.202512220625.jar;C:\Users\dell\.katalon\packages\KSE-10.4.3\plugins\org.seleniumhq.selenium.selenium-support_4.34.0.jar;C:\Users\dell\.katalon\packages\KSE-10.4.3\plugins\org.seleniumhq.selenium.selenium-devtools-v142_4.38.0.jar;C:\Users\dell\.katalon\packages\KSE-10.4.3\plugins\com.kms.katalon.core.mobile_1.0.0.202512220625.jar;C:\Users\dell\.katalon\packages\KSE-10.4.3\plugins\org.apache.commons.commons-validator_1.7.0.jar;C:\Users\dell\.katalon\packages\KSE-10.4.3\plugins\org.xmlunit.xmlunit-core_2.10.3.jar;C:\Users\dell\.katalon\packages\KSE-10.4.3\plugins\com.kms.katalon.core.cucumber_1.0.0.202512220625.jar;C:\Users\dell\.katalon\packages\KSE-10.4.3\plugins\io.cucumber.core_3.0.3.jar;C:\Users\dell\.katalon\packages\KSE-10.4.3\plugins\io.cucumber.datatable_1.1.16.jar;C:\Users\dell\.katalon\packages\KSE-10.4.3\plugins\io.cucumber.datatable-dependencies_1.1.16.jar;C:\Users\dell\.katalon\packages\KSE-10.4.3\plugins\io.cucumber.expressions_5.0.19.jar;C:\Users\dell\.katalon\packages\KSE-10.4.3\plugins\io.cucumber.gherkin_5.0.0.jar;C:\Users\dell\.katalon\packages\KSE-10.4.3\plugins\io.cucumber.html_0.2.7.jar;C:\Users\dell\.katalon\packages\KSE-10.4.3\plugins\io.cucumber.java_3.0.3.jar;C:\Users\dell\.katalon\packages\KSE-10.4.3\plugins\io.cucumber.tag-expressions_1.1.1.jar;C:\Users\dell\.katalon\packages\KSE-10.4.3\plugins\io.cucumber.junit_3.0.3.jar;C:\Users\dell\.katalon\packages\KSE-10.4.3\plugins\com.kms.katalon.core.webservice_1.0.0.202512220625.jar;C:\Users\dell\.katalon\packages\KSE-10.4.3\plugins\wsdl4j_1.6.2.jar;C:\Users\dell\.katalon\packages\KSE-10.4.3\plugins\com.google.oauth-client.google-oauth-client_1.22.0.jar;C:\Users\dell\.katalon\packages\KSE-10.4.3\plugins\com.google.http-client.google-http-client_1.22.0.jar;C:\Users\dell\.katalon\packages\KSE-10.4.3\plugins\com.kms.katalon.preferences_1.0.0.202512220625.jar;C:\Users\dell\.katalon\packages\KSE-10.4.3\plugins\org.apache.xmlbeans_3.1.0.jar;C:\Users\dell\.katalon\packages\KSE-10.4.3\plugins\com.kms.katalon.entity_1.0.0.202512220625.jar;C:\Users\dell\.katalon\packages\KSE-10.4.3\plugins\jakarta.xml.ws-api_2.3.3.jar;C:\Users\dell\.katalon\packages\KSE-10.4.3\plugins\javax.xml.soap-api_1.4.0.jar;C:\Users\dell\.katalon\packages\KSE-10.4.3\plugins\com.atlassian.oai.swagger-request-validator-core_2.38.0.jar;C:\Users\dell\.katalon\packages\KSE-10.4.3\plugins\io.swagger.compat-spec-parser_1.0.67.jar;C:\Users\dell\.katalon\packages\KSE-10.4.3\plugins\io.swagger.core.v3.swagger-annotations_2.2.14.jar;C:\Users\dell\.katalon\packages\KSE-10.4.3\plugins\io.swagger.core.v3.swagger-core_2.2.14.jar;C:\Users\dell\.katalon\packages\KSE-10.4.3\plugins\io.swagger.core.v3.swagger-models_2.2.14.jar;C:\Users\dell\.katalon\packages\KSE-10.4.3\plugins\io.swagger.parser.v3.swagger-parser-core_2.1.16.jar;C:\Users\dell\.katalon\packages\KSE-10.4.3\plugins\io.swagger.parser.v3.swagger-parser-v2-converter_2.1.16.jar;C:\Users\dell\.katalon\packages\KSE-10.4.3\plugins\com.github.java-json-tools.btf_1.3.0.jar;C:\Users\dell\.katalon\packages\KSE-10.4.3\plugins\com.fasterxml.jackson.dataformat.jackson-dataformat-yaml_2.18.3.jar;C:\Users\dell\.katalon\packages\KSE-10.4.3\plugins\org.yaml.snakeyaml_2.3.0.jar;C:\Users\dell\.katalon\packages\KSE-10.4.3\plugins\com.github.java-json-tools.msg-simple_1.2.0.jar;C:\Users\dell\.katalon\packages\KSE-10.4.3\plugins\jackson-core-asl_1.9.13.jar;C:\Users\dell\.katalon\packages\KSE-10.4.3\plugins\joda-time_2.10.5.jar;C:\Users\dell\.katalon\packages\KSE-10.4.3\plugins\javax.mail-api_1.6.2.jar;C:\Users\dell\.katalon\packages\KSE-10.4.3\plugins\com.googlecode.libphonenumber_8.11.1.jar;C:\Users\dell\.katalon\packages\KSE-10.4.3\plugins\com.google.guava.failureaccess_1.0.3.jar;C:\Users\dell\.katalon\packages\KSE-10.4.3\plugins\io.swagger.parser.v3.swagger-parser_2.1.16.jar;C:\Users\dell\.katalon\packages\KSE-10.4.3\plugins\io.swagger.parser.v3.swagger-parser-v3_2.1.16.jar;C:\Users\dell\.katalon\packages\KSE-10.4.3\plugins\io.swagger.parser_1.0.67.jar;C:\Users\dell\.katalon\packages\KSE-10.4.3\plugins\com.narupley.not-going-to-be-commons-ssl_0.3.20.jar;C:\Users\dell\.katalon\packages\KSE-10.4.3\plugins\com.kms.katalon.core.windows_1.0.0.202512220625.jar;C:\Users\dell\.katalon\packages\KSE-10.4.3\plugins\net.lingala.zip4j_2.11.5.jar;C:\Users\dell\.katalon\packages\KSE-10.4.3\plugins\com.kms.katalon.core.testng_1.0.0.202512220625.jar;C:\Users\dell\.katalon\packages\KSE-10.4.3\plugins\org.testng_7.8.0.jar;C:\Users\dell\.katalon\packages\KSE-10.4.3\plugins\com.beust.jcommander_1.82.0.jar;C:\Users\dell\.katalon\packages\KSE-10.4.3\plugins\org.codehaus.groovy_3.0.23.v202501010125-e2412\lib\groovy-3.0.23-indy.jar;C:\Users\dell\.katalon\packages\KSE-10.4.3\plugins\org.codehaus.groovy_3.0.23.v202501010125-e2412\lib\ivy-2.5.2.jar --main groovy.ui.GroovyMain --encoding UTF-8 --indy C:\Users\dell\Katalon Studio\Project\Libs\TempTestCase1767773084400.groovy

Host: 11th Gen Intel(R) Core(TM) i5-1135G7 @ 2.40GHz, 8 cores, 7G,  Windows 11 , 64 bit Build 26100 (10.0.26100.7309)
Time: Wed Jan  7 13:35:26 2026 India Standard Time elapsed time: 37.873907 seconds (0d 0h 0m 37s)

---------------  T H R E A D  ---------------

Current thread (0x000001ea650c4360):  JavaThread "C2 CompilerThread0" daemon [_thread_in_native, id=4724, stack(0x000000d5fec00000,0x000000d5fed00000)]


Current CompileTask:
C2:  37873 5783       4       groovy.lang.MetaClassImpl$1MOPIter::methodNameAction (325 bytes)

Stack: [0x000000d5fec00000,0x000000d5fed00000]
Native frames: (J=compiled Java code, j=interpreted, Vv=VM code, C=native code)
V  [jvm.dll+0x682eb9]
V  [jvm.dll+0x8399c8]
V  [jvm.dll+0x83b473]
V  [jvm.dll+0x83bae3]
V  [jvm.dll+0x24715f]
V  [jvm.dll+0xace44]
V  [jvm.dll+0xad4dc]
V  [jvm.dll+0x2ac98f]
V  [jvm.dll+0x588f69]
V  [jvm.dll+0x220fb2]
V  [jvm.dll+0x2213af]
V  [jvm.dll+0x21a3b0]
V  [jvm.dll+0x21748b]
V  [jvm.dll+0x1a3150]
V  [jvm.dll+0x22799c]
V  [jvm.dll+0x225afb]
V  [jvm.dll+0x7ef128]
V  [jvm.dll+0x7e948c]
V  [jvm.dll+0x681d97]
C  [ucrtbase.dll+0x37b0]
C  [KERNEL32.DLL+0x2e8d7]
C  [ntdll.dll+0x8c53c]


---------------  P R O C E S S  ---------------

Threads class SMR info:
_java_thread_list=0x000001ea657f0220, length=34, elements={
0x000001ea46ee0210, 0x000001ea65085430, 0x000001ea65087d10, 0x000001ea650be290,
0x000001ea650beb60, 0x000001ea650bf520, 0x000001ea650bfee0, 0x000001ea650c4360,
0x000001ea650d00a0, 0x000001ea650d2ab0, 0x000001ea65376480, 0x000001ea65550080,
0x000001ea6749b820, 0x000001ea67498580, 0x000001ea674994b0, 0x000001ea6749a3e0,
0x000001ea6817c300, 0x000001ea68179a80, 0x000001ea68179570, 0x000001ea6817bdf0,
0x000001ea6817a4a0, 0x000001ea6817a9b0, 0x000001ea6817aec0, 0x000001ea6817b3d0,
0x000001ea6817b8e0, 0x000001ea6817c810, 0x000001ea68179060, 0x000001ea6817fab0,
0x000001ea6817dc50, 0x000001ea6817ffc0, 0x000001ea6817f090, 0x000001ea6817cd20,
0x000001ea681809e0, 0x000001ea67fd92a0
}
_to_delete_list=0x000001ea657eec30, length=33, elements={
0x000001ea46ee0210, 0x000001ea65085430, 0x000001ea65087d10, 0x000001ea650be290,
0x000001ea650beb60, 0x000001ea650bf520, 0x000001ea650bfee0, 0x000001ea650c4360,
0x000001ea650d00a0, 0x000001ea650d2ab0, 0x000001ea65376480, 0x000001ea65550080,
0x000001ea6749b820, 0x000001ea67498580, 0x000001ea674994b0, 0x000001ea6749a3e0,
0x000001ea6817c300, 0x000001ea68179a80, 0x000001ea68179570, 0x000001ea6817bdf0,
0x000001ea6817a4a0, 0x000001ea6817a9b0, 0x000001ea6817aec0, 0x000001ea6817b3d0,
0x000001ea6817b8e0, 0x000001ea6817c810, 0x000001ea68179060, 0x000001ea6817fab0,
0x000001ea6817dc50, 0x000001ea6817ffc0, 0x000001ea6817f090, 0x000001ea6817cd20,
0x000001ea681809e0
}

Java Threads: ( => current thread )
  0x000001ea46ee0210 JavaThread "Forwarding findElements on session 5be002d42f67e1b89ac9e803c2e2679e to remote" [_thread_blocked, id=8316, stack(0x000000d5fdf00000,0x000000d5fe000000)]
  0x000001ea65085430 JavaThread "Reference Handler" daemon [_thread_blocked, id=3344, stack(0x000000d5fe600000,0x000000d5fe700000)]
  0x000001ea65087d10 JavaThread "Finalizer" daemon [_thread_blocked, id=28812, stack(0x000000d5fe700000,0x000000d5fe800000)]
  0x000001ea650be290 JavaThread "Signal Dispatcher" daemon [_thread_blocked, id=7580, stack(0x000000d5fe800000,0x000000d5fe900000)]
  0x000001ea650beb60 JavaThread "Attach Listener" daemon [_thread_blocked, id=22724, stack(0x000000d5fe900000,0x000000d5fea00000)]
  0x000001ea650bf520 JavaThread "Service Thread" daemon [_thread_blocked, id=16212, stack(0x000000d5fea00000,0x000000d5feb00000)]
  0x000001ea650bfee0 JavaThread "Monitor Deflation Thread" daemon [_thread_blocked, id=3608, stack(0x000000d5feb00000,0x000000d5fec00000)]
=>0x000001ea650c4360 JavaThread "C2 CompilerThread0" daemon [_thread_in_native, id=4724, stack(0x000000d5fec00000,0x000000d5fed00000)]
  0x000001ea650d00a0 JavaThread "C1 CompilerThread0" daemon [_thread_blocked, id=22132, stack(0x000000d5fed00000,0x000000d5fee00000)]
  0x000001ea650d2ab0 JavaThread "Sweeper thread" daemon [_thread_blocked, id=27076, stack(0x000000d5fee00000,0x000000d5fef00000)]
  0x000001ea65376480 JavaThread "Common-Cleaner" daemon [_thread_blocked, id=25624, stack(0x000000d5fef00000,0x000000d5ff000000)]
  0x000001ea65550080 JavaThread "Notification Thread" daemon [_thread_blocked, id=14056, stack(0x000000d5ff100000,0x000000d5ff200000)]
  0x000001ea6749b820 JavaThread "ForkJoinPool.commonPool-worker-1" daemon [_thread_blocked, id=4936, stack(0x000000d5ffb00000,0x000000d5ffc00000)]
  0x000001ea67498580 JavaThread "HttpClient-1-SelectorManager" daemon [_thread_in_native, id=8064, stack(0x000000d5ffc00000,0x000000d5ffd00000)]
  0x000001ea674994b0 JavaThread "External Process Output Forwarder - C:\Users\dell\.katalon\packages\KSE-10.4.3\configuration\resources\drivers\edgechromium_win64\msedgedriver.exe" daemon [_thread_in_native, id=24096, stack(0x000000d5ffd00000,0x000000d5ffe00000)]
  0x000001ea6749a3e0 JavaThread "Driver Service Executor" daemon [_thread_blocked, id=25456, stack(0x000000d5ffe00000,0x000000d5fff00000)]
  0x000001ea6817c300 JavaThread "Driver Service Executor" daemon [_thread_blocked, id=23732, stack(0x000000d5fff00000,0x000000d600000000)]
  0x000001ea68179a80 JavaThread "UrlChecker-2" daemon [_thread_blocked, id=5516, stack(0x000000d580000000,0x000000d580100000)]
  0x000001ea68179570 JavaThread "JdkHttpClient-0-0" daemon [_thread_blocked, id=28520, stack(0x000000d580300000,0x000000d580400000)]
  0x000001ea6817bdf0 JavaThread "CompletableFutureDelayScheduler" daemon [_thread_blocked, id=10988, stack(0x000000d580400000,0x000000d580500000)]
  0x000001ea6817a4a0 JavaThread "JdkHttpClient-0-1" daemon [_thread_blocked, id=4272, stack(0x000000d580500000,0x000000d580600000)]
  0x000001ea6817a9b0 JavaThread "JdkHttpClient-0-2" daemon [_thread_blocked, id=1872, stack(0x000000d580600000,0x000000d580700000)]
  0x000001ea6817aec0 JavaThread "JdkHttpClient-0-3" daemon [_thread_blocked, id=28252, stack(0x000000d580700000,0x000000d580800000)]
  0x000001ea6817b3d0 JavaThread "HttpClient-2-SelectorManager" daemon [_thread_in_native, id=23524, stack(0x000000d580800000,0x000000d580900000)]
  0x000001ea6817b8e0 JavaThread "JdkHttpClient-1-0" daemon [_thread_blocked, id=24180, stack(0x000000d580900000,0x000000d580a00000)]
  0x000001ea6817c810 JavaThread "JdkHttpClient-1-1" daemon [_thread_blocked, id=5708, stack(0x000000d580a00000,0x000000d580b00000)]
  0x000001ea68179060 JavaThread "JdkHttpClient-1-2" daemon [_thread_blocked, id=28264, stack(0x000000d580b00000,0x000000d580c00000)]
  0x000001ea6817fab0 JavaThread "HttpClient-3-SelectorManager" daemon [_thread_in_native, id=15720, stack(0x000000d580c00000,0x000000d580d00000)]
  0x000001ea6817dc50 JavaThread "JdkHttpClient-2-0" daemon [_thread_blocked, id=30252, stack(0x000000d580d00000,0x000000d580e00000)]
  0x000001ea6817ffc0 JavaThread "JdkHttpClient-2-1" daemon [_thread_blocked, id=15512, stack(0x000000d580e00000,0x000000d580f00000)]
  0x000001ea6817f090 JavaThread "JdkHttpClient-2-2" daemon [_thread_blocked, id=29072, stack(0x000000d580f00000,0x000000d581000000)]
  0x000001ea6817cd20 JavaThread "JdkHttpClient-2-3" daemon [_thread_blocked, id=12008, stack(0x000000d581000000,0x000000d581100000)]
  0x000001ea681809e0 JavaThread "BiDi Connection" daemon [_thread_blocked, id=26328, stack(0x000000d581100000,0x000000d581200000)]
  0x000001ea67fd92a0 JavaThread "C2 CompilerThread1" daemon [_thread_blocked, id=6852, stack(0x000000d580200000,0x000000d580300000)]

Other Threads:
  0x000001ea6504f860 VMThread "VM Thread" [stack: 0x000000d5fe500000,0x000000d5fe600000] [id=9516]
  0x000001ea65550560 WatcherThread [stack: 0x000000d5ff200000,0x000000d5ff300000] [id=25424]
  0x000001ea46f3c1a0 GCTaskThread "GC Thread#0" [stack: 0x000000d5fe000000,0x000000d5fe100000] [id=7396]
  0x000001ea663c9550 GCTaskThread "GC Thread#1" [stack: 0x000000d5ff300000,0x000000d5ff400000] [id=27424]
  0x000001ea66428080 GCTaskThread "GC Thread#2" [stack: 0x000000d5ff400000,0x000000d5ff500000] [id=9828]
  0x000001ea663a7ce0 GCTaskThread "GC Thread#3" [stack: 0x000000d5ff500000,0x000000d5ff600000] [id=22264]
  0x000001ea663a6c60 GCTaskThread "GC Thread#4" [stack: 0x000000d5ff600000,0x000000d5ff700000] [id=20540]
  0x000001ea663a74a0 GCTaskThread "GC Thread#5" [stack: 0x000000d5ff700000,0x000000d5ff800000] [id=14200]
  0x000001ea663a7fa0 GCTaskThread "GC Thread#6" [stack: 0x000000d5ff800000,0x000000d5ff900000] [id=9348]
  0x000001ea663a66e0 GCTaskThread "GC Thread#7" [stack: 0x000000d5ff900000,0x000000d5ffa00000] [id=22048]
  0x000001ea5e374090 ConcurrentGCThread "G1 Main Marker" [stack: 0x000000d5fe100000,0x000000d5fe200000] [id=17720]
  0x000001ea5e374ab0 ConcurrentGCThread "G1 Conc#0" [stack: 0x000000d5fe200000,0x000000d5fe300000] [id=24452]
  0x000001ea663a69a0 ConcurrentGCThread "G1 Conc#1" [stack: 0x000000d5ffa00000,0x000000d5ffb00000] [id=26992]
  0x000001ea5e421ef0 ConcurrentGCThread "G1 Refine#0" [stack: 0x000000d5fe300000,0x000000d5fe400000] [id=6376]
  0x000001ea5e4237d0 ConcurrentGCThread "G1 Service" [stack: 0x000000d5fe400000,0x000000d5fe500000] [id=9876]

Threads with active compile tasks:
C2 CompilerThread0    37913 5783       4       groovy.lang.MetaClassImpl$1MOPIter::methodNameAction (325 bytes)

VM state: not at safepoint (normal execution)

VM Mutex/Monitor currently owned by a thread: None

Heap address: 0x0000000080000000, size: 2048 MB, Compressed Oops mode: 32-bit

CDS archive(s) not mapped
Compressed class space mapped at: 0x0000000100000000-0x0000000140000000, reserved size: 1073741824
Narrow klass base: 0x0000000000000000, Narrow klass shift: 3, Narrow klass range: 0x140000000

GC Precious Log:
 CPUs: 8 total, 8 available
 Memory: 7926M
 Large Page Support: Disabled
 NUMA Support: Disabled
 Compressed Oops: Enabled (32-bit)
 Heap Region Size: 1M
 Heap Min Capacity: 8M
 Heap Initial Capacity: 124M
 Heap Max Capacity: 2G
 Pre-touch: Disabled
 Parallel Workers: 8
 Concurrent Workers: 2
 Concurrent Refinement Workers: 8
 Periodic GC: Disabled

Heap:
 garbage-first heap   total 114688K, used 78531K [0x0000000080000000, 0x0000000100000000)
  region size 1024K, 48 young (49152K), 6 survivors (6144K)
 Metaspace       used 54496K, committed 55168K, reserved 1114112K
  class space    used 6431K, committed 6784K, reserved 1048576K

Heap Regions: E=young(eden), S=young(survivor), O=old, HS=humongous(starts), HC=humongous(continues), CS=collection set, F=free, OA=open archive, CA=closed archive, TAMS=top-at-mark-start (previous, next)
|   0|0x0000000080000000, 0x0000000080100000, 0x0000000080100000|100%|HS|  |TAMS 0x0000000080100000, 0x0000000080000000| Complete 
|   1|0x0000000080100000, 0x0000000080200000, 0x0000000080200000|100%|HS|  |TAMS 0x0000000080200000, 0x0000000080100000| Complete 
|   2|0x0000000080200000, 0x0000000080300000, 0x0000000080300000|100%| O|  |TAMS 0x0000000080300000, 0x0000000080200000| Untracked 
|   3|0x0000000080300000, 0x0000000080400000, 0x0000000080400000|100%| O|  |TAMS 0x0000000080400000, 0x0000000080300000| Untracked 
|   4|0x0000000080400000, 0x0000000080500000, 0x0000000080500000|100%| O|  |TAMS 0x0000000080500000, 0x0000000080400000| Untracked 
|   5|0x0000000080500000, 0x0000000080600000, 0x0000000080600000|100%| O|  |TAMS 0x0000000080600000, 0x0000000080500000| Untracked 
|   6|0x0000000080600000, 0x0000000080700000, 0x0000000080700000|100%| O|  |TAMS 0x0000000080700000, 0x0000000080600000| Untracked 
|   7|0x0000000080700000, 0x0000000080800000, 0x0000000080800000|100%| O|  |TAMS 0x0000000080800000, 0x0000000080700000| Untracked 
|   8|0x0000000080800000, 0x0000000080900000, 0x0000000080900000|100%| O|  |TAMS 0x0000000080900000, 0x0000000080800000| Untracked 
|   9|0x0000000080900000, 0x0000000080a00000, 0x0000000080a00000|100%| O|  |TAMS 0x0000000080a00000, 0x0000000080900000| Untracked 
|  10|0x0000000080a00000, 0x0000000080b00000, 0x0000000080b00000|100%| O|  |TAMS 0x0000000080b00000, 0x0000000080a00000| Untracked 
|  11|0x0000000080b00000, 0x0000000080c00000, 0x0000000080c00000|100%| O|  |TAMS 0x0000000080c00000, 0x0000000080b00000| Untracked 
|  12|0x0000000080c00000, 0x0000000080d00000, 0x0000000080d00000|100%| O|  |TAMS 0x0000000080d00000, 0x0000000080c00000| Untracked 
|  13|0x0000000080d00000, 0x0000000080e00000, 0x0000000080e00000|100%| O|  |TAMS 0x0000000080e00000, 0x0000000080d00000| Untracked 
|  14|0x0000000080e00000, 0x0000000080f00000, 0x0000000080f00000|100%| O|  |TAMS 0x0000000080f00000, 0x0000000080e00000| Untracked 
|  15|0x0000000080f00000, 0x0000000081000000, 0x0000000081000000|100%| O|  |TAMS 0x0000000081000000, 0x0000000080f00000| Untracked 
|  16|0x0000000081000000, 0x0000000081024600, 0x0000000081100000| 14%| O|  |TAMS 0x0000000081024600, 0x0000000081000000| Untracked 
|  17|0x0000000081100000, 0x0000000081200000, 0x0000000081200000|100%| O|  |TAMS 0x0000000081200000, 0x0000000081100000| Untracked 
|  18|0x0000000081200000, 0x0000000081300000, 0x0000000081300000|100%| O|  |TAMS 0x0000000081300000, 0x0000000081200000| Untracked 
|  19|0x0000000081300000, 0x0000000081400000, 0x0000000081400000|100%| O|  |TAMS 0x0000000081400000, 0x0000000081300000| Untracked 
|  20|0x0000000081400000, 0x0000000081500000, 0x0000000081500000|100%| O|  |TAMS 0x0000000081500000, 0x0000000081400000| Untracked 
|  21|0x0000000081500000, 0x0000000081600000, 0x0000000081600000|100%| O|  |TAMS 0x0000000081547200, 0x0000000081500000| Untracked 
|  22|0x0000000081600000, 0x0000000081700000, 0x0000000081700000|100%| O|  |TAMS 0x0000000081600000, 0x0000000081600000| Untracked 
|  23|0x0000000081700000, 0x0000000081800000, 0x0000000081800000|100%| O|  |TAMS 0x0000000081700000, 0x0000000081700000| Untracked 
|  24|0x0000000081800000, 0x0000000081900000, 0x0000000081900000|100%| O|  |TAMS 0x0000000081800000, 0x0000000081800000| Untracked 
|  25|0x0000000081900000, 0x0000000081a00000, 0x0000000081a00000|100%| O|  |TAMS 0x0000000081900000, 0x0000000081900000| Untracked 
|  26|0x0000000081a00000, 0x0000000081b00000, 0x0000000081b00000|100%| O|  |TAMS 0x0000000081a00000, 0x0000000081a00000| Untracked 
|  27|0x0000000081b00000, 0x0000000081c00000, 0x0000000081c00000|100%| O|  |TAMS 0x0000000081b00000, 0x0000000081b00000| Untracked 
|  28|0x0000000081c00000, 0x0000000081d00000, 0x0000000081d00000|100%| O|  |TAMS 0x0000000081c00000, 0x0000000081c00000| Untracked 
|  29|0x0000000081d00000, 0x0000000081e00000, 0x0000000081e00000|100%| O|  |TAMS 0x0000000081d00000, 0x0000000081d00000| Untracked 
|  30|0x0000000081e00000, 0x0000000081f00000, 0x0000000081f00000|100%| O|  |TAMS 0x0000000081e00000, 0x0000000081e00000| Untracked 
|  31|0x0000000081f00000, 0x0000000081f8c600, 0x0000000082000000| 54%| O|  |TAMS 0x0000000081f00000, 0x0000000081f00000| Untracked 
|  32|0x0000000082000000, 0x0000000082000000, 0x0000000082100000|  0%| F|  |TAMS 0x0000000082000000, 0x0000000082000000| Untracked 
|  33|0x0000000082100000, 0x0000000082100000, 0x0000000082200000|  0%| F|  |TAMS 0x0000000082100000, 0x0000000082100000| Untracked 
|  34|0x0000000082200000, 0x0000000082200000, 0x0000000082300000|  0%| F|  |TAMS 0x0000000082200000, 0x0000000082200000| Untracked 
|  35|0x0000000082300000, 0x0000000082300000, 0x0000000082400000|  0%| F|  |TAMS 0x0000000082300000, 0x0000000082300000| Untracked 
|  36|0x0000000082400000, 0x0000000082400000, 0x0000000082500000|  0%| F|  |TAMS 0x0000000082400000, 0x0000000082400000| Untracked 
|  37|0x0000000082500000, 0x0000000082500000, 0x0000000082600000|  0%| F|  |TAMS 0x0000000082500000, 0x0000000082500000| Untracked 
|  38|0x0000000082600000, 0x0000000082600000, 0x0000000082700000|  0%| F|  |TAMS 0x0000000082600000, 0x0000000082600000| Untracked 
|  39|0x0000000082700000, 0x0000000082700000, 0x0000000082800000|  0%| F|  |TAMS 0x0000000082700000, 0x0000000082700000| Untracked 
|  40|0x0000000082800000, 0x0000000082800000, 0x0000000082900000|  0%| F|  |TAMS 0x0000000082800000, 0x0000000082800000| Untracked 
|  41|0x0000000082900000, 0x0000000082900000, 0x0000000082a00000|  0%| F|  |TAMS 0x0000000082900000, 0x0000000082900000| Untracked 
|  42|0x0000000082a00000, 0x0000000082a00000, 0x0000000082b00000|  0%| F|  |TAMS 0x0000000082a00000, 0x0000000082a00000| Untracked 
|  43|0x0000000082b00000, 0x0000000082b00000, 0x0000000082c00000|  0%| F|  |TAMS 0x0000000082b00000, 0x0000000082b00000| Untracked 
|  44|0x0000000082c00000, 0x0000000082d00000, 0x0000000082d00000|100%| S|CS|TAMS 0x0000000082c00000, 0x0000000082c00000| Complete 
|  45|0x0000000082d00000, 0x0000000082d00000, 0x0000000082e00000|  0%| F|  |TAMS 0x0000000082d00000, 0x0000000082d00000| Untracked 
|  46|0x0000000082e00000, 0x0000000082f00000, 0x0000000082f00000|100%| S|CS|TAMS 0x0000000082e00000, 0x0000000082e00000| Complete 
|  47|0x0000000082f00000, 0x0000000083000000, 0x0000000083000000|100%| S|CS|TAMS 0x0000000082f00000, 0x0000000082f00000| Complete 
|  48|0x0000000083000000, 0x0000000083100000, 0x0000000083100000|100%| S|CS|TAMS 0x0000000083000000, 0x0000000083000000| Complete 
|  49|0x0000000083100000, 0x0000000083100000, 0x0000000083200000|  0%| F|  |TAMS 0x0000000083100000, 0x0000000083100000| Untracked 
|  50|0x0000000083200000, 0x0000000083200000, 0x0000000083300000|  0%| F|  |TAMS 0x0000000083200000, 0x0000000083200000| Untracked 
|  51|0x0000000083300000, 0x0000000083300000, 0x0000000083400000|  0%| F|  |TAMS 0x0000000083300000, 0x0000000083300000| Untracked 
|  52|0x0000000083400000, 0x0000000083500000, 0x0000000083500000|100%| S|CS|TAMS 0x0000000083400000, 0x0000000083400000| Complete 
|  53|0x0000000083500000, 0x0000000083600000, 0x0000000083600000|100%| S|CS|TAMS 0x0000000083500000, 0x0000000083500000| Complete 
|  54|0x0000000083600000, 0x0000000083600000, 0x0000000083700000|  0%| F|  |TAMS 0x0000000083600000, 0x0000000083600000| Untracked 
|  55|0x0000000083700000, 0x0000000083700000, 0x0000000083800000|  0%| F|  |TAMS 0x0000000083700000, 0x0000000083700000| Untracked 
|  56|0x0000000083800000, 0x0000000083800000, 0x0000000083900000|  0%| F|  |TAMS 0x0000000083800000, 0x0000000083800000| Untracked 
|  57|0x0000000083900000, 0x0000000083900000, 0x0000000083a00000|  0%| F|  |TAMS 0x0000000083900000, 0x0000000083900000| Untracked 
|  58|0x0000000083a00000, 0x0000000083a00000, 0x0000000083b00000|  0%| F|  |TAMS 0x0000000083a00000, 0x0000000083a00000| Untracked 
|  59|0x0000000083b00000, 0x0000000083b00000, 0x0000000083c00000|  0%| F|  |TAMS 0x0000000083b00000, 0x0000000083b00000| Untracked 
|  60|0x0000000083c00000, 0x0000000083c00000, 0x0000000083d00000|  0%| F|  |TAMS 0x0000000083c00000, 0x0000000083c00000| Untracked 
|  61|0x0000000083d00000, 0x0000000083d00000, 0x0000000083e00000|  0%| F|  |TAMS 0x0000000083d00000, 0x0000000083d00000| Untracked 
|  62|0x0000000083e00000, 0x0000000083e00000, 0x0000000083f00000|  0%| F|  |TAMS 0x0000000083e00000, 0x0000000083e00000| Untracked 
|  63|0x0000000083f00000, 0x0000000083f00000, 0x0000000084000000|  0%| F|  |TAMS 0x0000000083f00000, 0x0000000083f00000| Untracked 
|  64|0x0000000084000000, 0x0000000084000000, 0x0000000084100000|  0%| F|  |TAMS 0x0000000084000000, 0x0000000084000000| Untracked 
|  65|0x0000000084100000, 0x0000000084100000, 0x0000000084200000|  0%| F|  |TAMS 0x0000000084100000, 0x0000000084100000| Untracked 
|  66|0x0000000084200000, 0x0000000084200000, 0x0000000084300000|  0%| F|  |TAMS 0x0000000084200000, 0x0000000084200000| Untracked 
|  67|0x0000000084300000, 0x0000000084300000, 0x0000000084400000|  0%| F|  |TAMS 0x0000000084300000, 0x0000000084300000| Untracked 
|  68|0x0000000084400000, 0x0000000084400000, 0x0000000084500000|  0%| F|  |TAMS 0x0000000084400000, 0x0000000084400000| Untracked 
|  69|0x0000000084500000, 0x0000000084500000, 0x0000000084600000|  0%| F|  |TAMS 0x0000000084500000, 0x0000000084500000| Untracked 
|  70|0x0000000084600000, 0x0000000084680000, 0x0000000084700000| 50%| E|  |TAMS 0x0000000084600000, 0x0000000084600000| Complete 
|  71|0x0000000084700000, 0x0000000084800000, 0x0000000084800000|100%| E|CS|TAMS 0x0000000084700000, 0x0000000084700000| Complete 
|  72|0x0000000084800000, 0x0000000084900000, 0x0000000084900000|100%| E|CS|TAMS 0x0000000084800000, 0x0000000084800000| Complete 
|  73|0x0000000084900000, 0x0000000084a00000, 0x0000000084a00000|100%| E|CS|TAMS 0x0000000084900000, 0x0000000084900000| Complete 
|  74|0x0000000084a00000, 0x0000000084b00000, 0x0000000084b00000|100%| E|CS|TAMS 0x0000000084a00000, 0x0000000084a00000| Complete 
|  75|0x0000000084b00000, 0x0000000084c00000, 0x0000000084c00000|100%| E|CS|TAMS 0x0000000084b00000, 0x0000000084b00000| Complete 
|  76|0x0000000084c00000, 0x0000000084d00000, 0x0000000084d00000|100%| E|CS|TAMS 0x0000000084c00000, 0x0000000084c00000| Complete 
|  77|0x0000000084d00000, 0x0000000084e00000, 0x0000000084e00000|100%| E|CS|TAMS 0x0000000084d00000, 0x0000000084d00000| Complete 
|  78|0x0000000084e00000, 0x0000000084f00000, 0x0000000084f00000|100%| E|CS|TAMS 0x0000000084e00000, 0x0000000084e00000| Complete 
|  79|0x0000000084f00000, 0x0000000085000000, 0x0000000085000000|100%| E|CS|TAMS 0x0000000084f00000, 0x0000000084f00000| Complete 
|  80|0x0000000085000000, 0x0000000085100000, 0x0000000085100000|100%| E|CS|TAMS 0x0000000085000000, 0x0000000085000000| Complete 
|  81|0x0000000085100000, 0x0000000085200000, 0x0000000085200000|100%| E|CS|TAMS 0x0000000085100000, 0x0000000085100000| Complete 
|  82|0x0000000085200000, 0x0000000085300000, 0x0000000085300000|100%| E|CS|TAMS 0x0000000085200000, 0x0000000085200000| Complete 
|  83|0x0000000085300000, 0x0000000085400000, 0x0000000085400000|100%| E|CS|TAMS 0x0000000085300000, 0x0000000085300000| Complete 
|  84|0x0000000085400000, 0x0000000085500000, 0x0000000085500000|100%| E|CS|TAMS 0x0000000085400000, 0x0000000085400000| Complete 
|  85|0x0000000085500000, 0x0000000085600000, 0x0000000085600000|100%| E|CS|TAMS 0x0000000085500000, 0x0000000085500000| Complete 
|  86|0x0000000085600000, 0x0000000085700000, 0x0000000085700000|100%| E|CS|TAMS 0x0000000085600000, 0x0000000085600000| Complete 
|  87|0x0000000085700000, 0x0000000085800000, 0x0000000085800000|100%| E|CS|TAMS 0x0000000085700000, 0x0000000085700000| Complete 
|  88|0x0000000085800000, 0x0000000085900000, 0x0000000085900000|100%| E|CS|TAMS 0x0000000085800000, 0x0000000085800000| Complete 
|  89|0x0000000085900000, 0x0000000085a00000, 0x0000000085a00000|100%| E|CS|TAMS 0x0000000085900000, 0x0000000085900000| Complete 
|  90|0x0000000085a00000, 0x0000000085b00000, 0x0000000085b00000|100%| E|CS|TAMS 0x0000000085a00000, 0x0000000085a00000| Complete 
|  91|0x0000000085b00000, 0x0000000085c00000, 0x0000000085c00000|100%| E|CS|TAMS 0x0000000085b00000, 0x0000000085b00000| Complete 
|  92|0x0000000085c00000, 0x0000000085d00000, 0x0000000085d00000|100%| E|CS|TAMS 0x0000000085c00000, 0x0000000085c00000| Complete 
|  93|0x0000000085d00000, 0x0000000085e00000, 0x0000000085e00000|100%| E|CS|TAMS 0x0000000085d00000, 0x0000000085d00000| Complete 
|  94|0x0000000085e00000, 0x0000000085f00000, 0x0000000085f00000|100%| E|CS|TAMS 0x0000000085e00000, 0x0000000085e00000| Complete 
|  95|0x0000000085f00000, 0x0000000086000000, 0x0000000086000000|100%| E|CS|TAMS 0x0000000085f00000, 0x0000000085f00000| Complete 
|  96|0x0000000086000000, 0x0000000086100000, 0x0000000086100000|100%| E|CS|TAMS 0x0000000086000000, 0x0000000086000000| Complete 
|  97|0x0000000086100000, 0x0000000086200000, 0x0000000086200000|100%| E|CS|TAMS 0x0000000086100000, 0x0000000086100000| Complete 
|  98|0x0000000086200000, 0x0000000086300000, 0x0000000086300000|100%| E|CS|TAMS 0x0000000086200000, 0x0000000086200000| Complete 
|  99|0x0000000086300000, 0x0000000086400000, 0x0000000086400000|100%| E|CS|TAMS 0x0000000086300000, 0x0000000086300000| Complete 
| 100|0x0000000086400000, 0x0000000086500000, 0x0000000086500000|100%| E|CS|TAMS 0x0000000086400000, 0x0000000086400000| Complete 
| 101|0x0000000086500000, 0x0000000086600000, 0x0000000086600000|100%| E|CS|TAMS 0x0000000086500000, 0x0000000086500000| Complete 
| 102|0x0000000086600000, 0x0000000086700000, 0x0000000086700000|100%| E|CS|TAMS 0x0000000086600000, 0x0000000086600000| Complete 
| 103|0x0000000086700000, 0x0000000086800000, 0x0000000086800000|100%| E|CS|TAMS 0x0000000086700000, 0x0000000086700000| Complete 
| 104|0x0000000086800000, 0x0000000086900000, 0x0000000086900000|100%| E|CS|TAMS 0x0000000086800000, 0x0000000086800000| Complete 
| 105|0x0000000086900000, 0x0000000086a00000, 0x0000000086a00000|100%| E|CS|TAMS 0x0000000086900000, 0x0000000086900000| Complete 
| 106|0x0000000086a00000, 0x0000000086b00000, 0x0000000086b00000|100%| E|CS|TAMS 0x0000000086a00000, 0x0000000086a00000| Complete 
| 107|0x0000000086b00000, 0x0000000086c00000, 0x0000000086c00000|100%| E|CS|TAMS 0x0000000086b00000, 0x0000000086b00000| Complete 
| 108|0x0000000086c00000, 0x0000000086d00000, 0x0000000086d00000|100%| E|CS|TAMS 0x0000000086c00000, 0x0000000086c00000| Complete 
| 109|0x0000000086d00000, 0x0000000086e00000, 0x0000000086e00000|100%| E|CS|TAMS 0x0000000086d00000, 0x0000000086d00000| Complete 
| 110|0x0000000086e00000, 0x0000000086f00000, 0x0000000086f00000|100%| E|CS|TAMS 0x0000000086e00000, 0x0000000086e00000| Complete 
| 123|0x0000000087b00000, 0x0000000087c00000, 0x0000000087c00000|100%| E|  |TAMS 0x0000000087b00000, 0x0000000087b00000| Complete 

Card table byte_map: [0x000001ea59b70000,0x000001ea59f70000] _byte_map_base: 0x000001ea59770000

Marking Bits (Prev, Next): (CMBitMap*) 0x000001ea46f3c7c0, (CMBitMap*) 0x000001ea46f3c800
 Prev Bits: [0x000001ea5a370000, 0x000001ea5c370000)
 Next Bits: [0x000001ea5c370000, 0x000001ea5e370000)

Polling page: 0x000001ea46650000

Metaspace:

Usage:
  Non-class:     46.94 MB used.
      Class:      6.28 MB used.
       Both:     53.22 MB used.

Virtual space:
  Non-class space:       64.00 MB reserved,      47.25 MB ( 74%) committed,  1 nodes.
      Class space:        1.00 GB reserved,       6.62 MB ( <1%) committed,  1 nodes.
             Both:        1.06 GB reserved,      53.88 MB (  5%) committed. 

Chunk freelists:
   Non-Class:  161.00 KB
       Class:  9.25 MB
        Both:  9.41 MB

MaxMetaspaceSize: unlimited
CompressedClassSpaceSize: 1.00 GB
Initial GC threshold: 21.00 MB
Current GC threshold: 58.88 MB
CDS: off
MetaspaceReclaimPolicy: balanced
 - commit_granule_bytes: 65536.
 - commit_granule_words: 8192.
 - virtual_space_node_default_size: 8388608.
 - enlarge_chunks_in_place: 1.
 - new_chunks_are_fully_committed: 0.
 - uncommit_free_chunks: 1.
 - use_allocation_guard: 0.
 - handle_deallocations: 1.


Internal statistics:

num_allocs_failed_limit: 6.
num_arena_births: 808.
num_arena_deaths: 0.
num_vsnodes_births: 2.
num_vsnodes_deaths: 0.
num_space_committed: 862.
num_space_uncommitted: 0.
num_chunks_returned_to_freelist: 6.
num_chunks_taken_from_freelist: 2266.
num_chunk_merges: 6.
num_chunk_splits: 1545.
num_chunks_enlarged: 1094.
num_inconsistent_stats: 0.

CodeHeap 'non-profiled nmethods': size=120000Kb used=2970Kb max_used=2970Kb free=117029Kb
 bounds [0x000001ea51f00000, 0x000001ea521f0000, 0x000001ea59430000]
CodeHeap 'profiled nmethods': size=120000Kb used=8967Kb max_used=8994Kb free=111033Kb
 bounds [0x000001ea4a430000, 0x000001ea4ad00000, 0x000001ea51960000]
CodeHeap 'non-nmethods': size=5760Kb used=2355Kb max_used=2402Kb free=3404Kb
 bounds [0x000001ea51960000, 0x000001ea51bd0000, 0x000001ea51f00000]
 total_blobs=5862 nmethods=4999 adapters=775
 compilation: enabled
              stopped_count=0, restarted_count=0
 full_count=0

Compilation events (20 events):
Event: 35.844 Thread 0x000001ea650d00a0 nmethod 5833 0x000001ea4a8e9410 code [0x000001ea4a8e95e0, 0x000001ea4a8e99d8]
Event: 35.845 Thread 0x000001ea650d00a0 5834       3       java.util.Collections$UnmodifiableMap$UnmodifiableEntrySet$1::hasNext (10 bytes)
Event: 35.845 Thread 0x000001ea650d00a0 nmethod 5834 0x000001ea4a8e8f90 code [0x000001ea4a8e9140, 0x000001ea4a8e9308]
Event: 35.978 Thread 0x000001ea650d00a0 5835       3       java.util.concurrent.ForkJoinTask::<init> (5 bytes)
Event: 35.979 Thread 0x000001ea650d00a0 nmethod 5835 0x000001ea4a8e8c10 code [0x000001ea4a8e8da0, 0x000001ea4a8e8ef8]
Event: 35.980 Thread 0x000001ea650d00a0 5836       3       java.util.Collections$UnmodifiableMap$UnmodifiableEntrySet$$Lambda$694/0x000000010053b368::accept (12 bytes)
Event: 35.980 Thread 0x000001ea650d00a0 nmethod 5836 0x000001ea4a8e8110 code [0x000001ea4a8e8300, 0x000001ea4a8e89f8]
Event: 35.980 Thread 0x000001ea650d00a0 5837       3       java.util.Collections$UnmodifiableMap$UnmodifiableEntrySet::lambda$entryConsumer$0 (15 bytes)
Event: 35.980 Thread 0x000001ea650d00a0 nmethod 5837 0x000001ea4a8e7790 code [0x000001ea4a8e7980, 0x000001ea4a8e7ef8]
Event: 35.980 Thread 0x000001ea650d00a0 5838       3       org.openqa.selenium.json.JsonOutput$$Lambda$693/0x00000001005693d0::test (12 bytes)
Event: 35.981 Thread 0x000001ea650d00a0 nmethod 5838 0x000001ea4a8e6e90 code [0x000001ea4a8e7060, 0x000001ea4a8e75d8]
Event: 35.981 Thread 0x000001ea650d00a0 5839       3       org.openqa.selenium.json.JsonOutput::lambda$write0$32 (27 bytes)
Event: 35.981 Thread 0x000001ea650d00a0 nmethod 5839 0x000001ea4a8e6790 code [0x000001ea4a8e6960, 0x000001ea4a8e6d58]
Event: 35.982 Thread 0x000001ea650d00a0 5841       3       java.util.TreeMap::addEntryToEmptyMap (37 bytes)
Event: 35.983 Thread 0x000001ea650d00a0 nmethod 5841 0x000001ea4a8e5d10 code [0x000001ea4a8e5f00, 0x000001ea4a8e65b8]
Event: 35.983 Thread 0x000001ea650d00a0 5840       1       java.net.http.HttpHeaders::map (5 bytes)
Event: 35.983 Thread 0x000001ea650d00a0 nmethod 5840 0x000001ea521e5b90 code [0x000001ea521e5d20, 0x000001ea521e5df8]
Event: 35.983 Thread 0x000001ea650d00a0 5842       3       java.util.concurrent.locks.ReentrantLock$NonfairSync::initialTryLock (58 bytes)
Event: 35.984 Thread 0x000001ea650d00a0 nmethod 5842 0x000001ea4a8e5610 code [0x000001ea4a8e57e0, 0x000001ea4a8e5bd8]
Event: 36.104 Thread 0x000001ea650d00a0 5843       3       jdk.internal.net.http.common.MinimalFuture::newIncompleteFuture (5 bytes)

GC Heap History (20 events):
Event: 3.346 GC heap before
{Heap before GC invocations=3 (full 0):
 garbage-first heap   total 126976K, used 35288K [0x0000000080000000, 0x0000000100000000)
  region size 1024K, 21 young (21504K), 5 survivors (5120K)
 Metaspace       used 21383K, committed 21504K, reserved 1114112K
  class space    used 2243K, committed 2304K, reserved 1048576K
}
Event: 3.359 GC heap after
{Heap after GC invocations=4 (full 0):
 garbage-first heap   total 126976K, used 21460K [0x0000000080000000, 0x0000000100000000)
  region size 1024K, 5 young (5120K), 5 survivors (5120K)
 Metaspace       used 21383K, committed 21504K, reserved 1114112K
  class space    used 2243K, committed 2304K, reserved 1048576K
}
Event: 3.798 GC heap before
{Heap before GC invocations=5 (full 0):
 garbage-first heap   total 78848K, used 58324K [0x0000000080000000, 0x0000000100000000)
  region size 1024K, 42 young (43008K), 5 survivors (5120K)
 Metaspace       used 22155K, committed 22400K, reserved 1114112K
  class space    used 2318K, committed 2432K, reserved 1048576K
}
Event: 3.812 GC heap after
{Heap after GC invocations=6 (full 0):
 garbage-first heap   total 78848K, used 21856K [0x0000000080000000, 0x0000000100000000)
  region size 1024K, 2 young (2048K), 2 survivors (2048K)
 Metaspace       used 22155K, committed 22400K, reserved 1114112K
  class space    used 2318K, committed 2432K, reserved 1048576K
}
Event: 4.391 GC heap before
{Heap before GC invocations=6 (full 0):
 garbage-first heap   total 78848K, used 52576K [0x0000000080000000, 0x0000000100000000)
  region size 1024K, 32 young (32768K), 2 survivors (2048K)
 Metaspace       used 24584K, committed 24832K, reserved 1114112K
  class space    used 2574K, committed 2688K, reserved 1048576K
}
Event: 4.400 GC heap after
{Heap after GC invocations=7 (full 0):
 garbage-first heap   total 78848K, used 23768K [0x0000000080000000, 0x0000000100000000)
  region size 1024K, 4 young (4096K), 4 survivors (4096K)
 Metaspace       used 24584K, committed 24832K, reserved 1114112K
  class space    used 2574K, committed 2688K, reserved 1048576K
}
Event: 5.489 GC heap before
{Heap before GC invocations=7 (full 0):
 garbage-first heap   total 78848K, used 54488K [0x0000000080000000, 0x0000000100000000)
  region size 1024K, 34 young (34816K), 4 survivors (4096K)
 Metaspace       used 31015K, committed 31488K, reserved 1114112K
  class space    used 3415K, committed 3648K, reserved 1048576K
}
Event: 5.504 GC heap after
{Heap after GC invocations=8 (full 0):
 garbage-first heap   total 78848K, used 26030K [0x0000000080000000, 0x0000000100000000)
  region size 1024K, 5 young (5120K), 5 survivors (5120K)
 Metaspace       used 31015K, committed 31488K, reserved 1114112K
  class space    used 3415K, committed 3648K, reserved 1048576K
}
Event: 6.272 GC heap before
{Heap before GC invocations=8 (full 0):
 garbage-first heap   total 78848K, used 45486K [0x0000000080000000, 0x0000000100000000)
  region size 1024K, 25 young (25600K), 5 survivors (5120K)
 Metaspace       used 35551K, committed 35968K, reserved 1114112K
  class space    used 3883K, committed 4096K, reserved 1048576K
}
Event: 6.289 GC heap after
{Heap after GC invocations=9 (full 0):
 garbage-first heap   total 95232K, used 27587K [0x0000000080000000, 0x0000000100000000)
  region size 1024K, 4 young (4096K), 4 survivors (4096K)
 Metaspace       used 35551K, committed 35968K, reserved 1114112K
  class space    used 3883K, committed 4096K, reserved 1048576K
}
Event: 6.911 GC heap before
{Heap before GC invocations=10 (full 0):
 garbage-first heap   total 95232K, used 68547K [0x0000000080000000, 0x0000000100000000)
  region size 1024K, 44 young (45056K), 4 survivors (4096K)
 Metaspace       used 38651K, committed 39104K, reserved 1114112K
  class space    used 4239K, committed 4480K, reserved 1048576K
}
Event: 6.922 GC heap after
{Heap after GC invocations=11 (full 0):
 garbage-first heap   total 95232K, used 29022K [0x0000000080000000, 0x0000000100000000)
  region size 1024K, 3 young (3072K), 3 survivors (3072K)
 Metaspace       used 38651K, committed 39104K, reserved 1114112K
  class space    used 4239K, committed 4480K, reserved 1048576K
}
Event: 7.292 GC heap before
{Heap before GC invocations=11 (full 0):
 garbage-first heap   total 95232K, used 73054K [0x0000000080000000, 0x0000000100000000)
  region size 1024K, 44 young (45056K), 3 survivors (3072K)
 Metaspace       used 39884K, committed 40384K, reserved 1114112K
  class space    used 4319K, committed 4544K, reserved 1048576K
}
Event: 7.302 GC heap after
{Heap after GC invocations=12 (full 0):
 garbage-first heap   total 95232K, used 29818K [0x0000000080000000, 0x0000000100000000)
  region size 1024K, 4 young (4096K), 4 survivors (4096K)
 Metaspace       used 39884K, committed 40384K, reserved 1114112K
  class space    used 4319K, committed 4544K, reserved 1048576K
}
Event: 7.619 GC heap before
{Heap before GC invocations=12 (full 0):
 garbage-first heap   total 95232K, used 71802K [0x0000000080000000, 0x0000000100000000)
  region size 1024K, 45 young (46080K), 4 survivors (4096K)
 Metaspace       used 40090K, committed 40512K, reserved 1114112K
  class space    used 4333K, committed 4544K, reserved 1048576K
}
Event: 7.631 GC heap after
{Heap after GC invocations=13 (full 0):
 garbage-first heap   total 95232K, used 31146K [0x0000000080000000, 0x0000000100000000)
  region size 1024K, 4 young (4096K), 4 survivors (4096K)
 Metaspace       used 40090K, committed 40512K, reserved 1114112K
  class space    used 4333K, committed 4544K, reserved 1048576K
}
Event: 8.732 GC heap before
{Heap before GC invocations=13 (full 0):
 garbage-first heap   total 95232K, used 73130K [0x0000000080000000, 0x0000000100000000)
  region size 1024K, 45 young (46080K), 4 survivors (4096K)
 Metaspace       used 42461K, committed 43008K, reserved 1114112K
  class space    used 4659K, committed 4928K, reserved 1048576K
}
Event: 8.750 GC heap after
{Heap after GC invocations=14 (full 0):
 garbage-first heap   total 95232K, used 33901K [0x0000000080000000, 0x0000000100000000)
  region size 1024K, 6 young (6144K), 6 survivors (6144K)
 Metaspace       used 42461K, committed 43008K, reserved 1114112K
  class space    used 4659K, committed 4928K, reserved 1048576K
}
Event: 12.187 GC heap before
{Heap before GC invocations=14 (full 0):
 garbage-first heap   total 95232K, used 73837K [0x0000000080000000, 0x0000000100000000)
  region size 1024K, 45 young (46080K), 6 survivors (6144K)
 Metaspace       used 50060K, committed 50624K, reserved 1114112K
  class space    used 5674K, committed 5952K, reserved 1048576K
}
Event: 12.215 GC heap after
{Heap after GC invocations=15 (full 0):
 garbage-first heap   total 114688K, used 37571K [0x0000000080000000, 0x0000000100000000)
  region size 1024K, 6 young (6144K), 6 survivors (6144K)
 Metaspace       used 50060K, committed 50624K, reserved 1114112K
  class space    used 5674K, committed 5952K, reserved 1048576K
}

Dll operation events (10 events):
Event: 0.049 Loaded shared library C:\Users\dell\.katalon\packages\KSE-10.4.3\jre\bin\java.dll
Event: 0.416 Loaded shared library C:\Users\dell\.katalon\packages\KSE-10.4.3\jre\bin\net.dll
Event: 0.418 Loaded shared library C:\Users\dell\.katalon\packages\KSE-10.4.3\jre\bin\nio.dll
Event: 0.431 Loaded shared library C:\Users\dell\.katalon\packages\KSE-10.4.3\jre\bin\zip.dll
Event: 0.952 Loaded shared library C:\Users\dell\.katalon\packages\KSE-10.4.3\jre\bin\verify.dll
Event: 1.309 Loaded shared library C:\Users\dell\.katalon\packages\KSE-10.4.3\jre\bin\jimage.dll
Event: 6.681 Loaded shared library C:\Users\dell\.katalon\packages\KSE-10.4.3\jre\bin\extnet.dll
Event: 9.187 Loaded shared library C:\Users\dell\.katalon\packages\KSE-10.4.3\jre\bin\management.dll
Event: 9.197 Loaded shared library C:\Users\dell\.katalon\packages\KSE-10.4.3\jre\bin\management_ext.dll
Event: 9.608 Loaded shared library C:\Users\dell\.katalon\packages\KSE-10.4.3\jre\bin\sunmscapi.dll

Deoptimization events (20 events):
Event: 34.664 Thread 0x000001ea46ee0210 DEOPT PACKING pc=0x000001ea52058910 sp=0x000000d5fdffb5a0
Event: 34.664 Thread 0x000001ea46ee0210 DEOPT UNPACKING pc=0x000001ea519ba1a3 sp=0x000000d5fdffb4d8 mode 2
Event: 34.664 Thread 0x000001ea46ee0210 Uncommon trap: trap_request=0xffffffc6 fr.pc=0x000001ea52058910 relative=0x0000000000000290
Event: 34.664 Thread 0x000001ea46ee0210 Uncommon trap: reason=bimorphic_or_optimized_type_check action=maybe_recompile pc=0x000001ea52058910 method=groovyjarjarantlr4.v4.runtime.atn.ATNConfig.equals(Lgroovyjarjarantlr4/v4/runtime/atn/ATNConfig;)Z @ 67 c2
Event: 34.664 Thread 0x000001ea46ee0210 DEOPT PACKING pc=0x000001ea52058910 sp=0x000000d5fdffb5a0
Event: 34.664 Thread 0x000001ea46ee0210 DEOPT UNPACKING pc=0x000001ea519ba1a3 sp=0x000000d5fdffb4d8 mode 2
Event: 34.664 Thread 0x000001ea46ee0210 Uncommon trap: trap_request=0xffffffc6 fr.pc=0x000001ea52058910 relative=0x0000000000000290
Event: 34.664 Thread 0x000001ea46ee0210 Uncommon trap: reason=bimorphic_or_optimized_type_check action=maybe_recompile pc=0x000001ea52058910 method=groovyjarjarantlr4.v4.runtime.atn.ATNConfig.equals(Lgroovyjarjarantlr4/v4/runtime/atn/ATNConfig;)Z @ 67 c2
Event: 34.664 Thread 0x000001ea46ee0210 DEOPT PACKING pc=0x000001ea52058910 sp=0x000000d5fdffb5a0
Event: 34.664 Thread 0x000001ea46ee0210 DEOPT UNPACKING pc=0x000001ea519ba1a3 sp=0x000000d5fdffb4d8 mode 2
Event: 34.664 Thread 0x000001ea46ee0210 Uncommon trap: trap_request=0xffffffc6 fr.pc=0x000001ea52058910 relative=0x0000000000000290
Event: 34.664 Thread 0x000001ea46ee0210 Uncommon trap: reason=bimorphic_or_optimized_type_check action=maybe_recompile pc=0x000001ea52058910 method=groovyjarjarantlr4.v4.runtime.atn.ATNConfig.equals(Lgroovyjarjarantlr4/v4/runtime/atn/ATNConfig;)Z @ 67 c2
Event: 34.664 Thread 0x000001ea46ee0210 DEOPT PACKING pc=0x000001ea52058910 sp=0x000000d5fdffb5a0
Event: 34.664 Thread 0x000001ea46ee0210 DEOPT UNPACKING pc=0x000001ea519ba1a3 sp=0x000000d5fdffb4d8 mode 2
Event: 34.664 Thread 0x000001ea46ee0210 Uncommon trap: trap_request=0xffffffc6 fr.pc=0x000001ea52057f34 relative=0x00000000000002b4
Event: 34.664 Thread 0x000001ea46ee0210 Uncommon trap: reason=bimorphic_or_optimized_type_check action=maybe_recompile pc=0x000001ea52057f34 method=groovyjarjarantlr4.v4.runtime.atn.ATNConfig.equals(Lgroovyjarjarantlr4/v4/runtime/atn/ATNConfig;)Z @ 67 c2
Event: 34.664 Thread 0x000001ea46ee0210 DEOPT PACKING pc=0x000001ea52057f34 sp=0x000000d5fdffb510
Event: 34.664 Thread 0x000001ea46ee0210 DEOPT UNPACKING pc=0x000001ea519ba1a3 sp=0x000000d5fdffb4c0 mode 2
Event: 35.842 Thread 0x000001ea46ee0210 DEOPT PACKING pc=0x000001ea4a7254fb sp=0x000000d5fdff8820
Event: 35.842 Thread 0x000001ea46ee0210 DEOPT UNPACKING pc=0x000001ea519bace3 sp=0x000000d5fdff7cd0 mode 0

Classes loaded (20 events):
Event: 13.194 Loading class sun/reflect/annotation/TypeAnnotation$LocationInfo$Location
Event: 13.195 Loading class sun/reflect/annotation/TypeAnnotation$LocationInfo$Location done
Event: 13.520 Loading class java/lang/reflect/AnnotatedParameterizedType
Event: 13.520 Loading class java/lang/reflect/AnnotatedParameterizedType done
Event: 13.532 Loading class java/lang/reflect/AnnotatedWildcardType
Event: 13.532 Loading class java/lang/reflect/AnnotatedWildcardType done
Event: 13.823 Loading class java/lang/reflect/AnnotatedArrayType
Event: 13.823 Loading class java/lang/reflect/AnnotatedArrayType done
Event: 14.033 Loading class java/lang/invoke/BoundMethodHandle$Species_LLLLLLLLLL
Event: 14.033 Loading class java/lang/invoke/BoundMethodHandle$Species_LLLLLLLLLL done
Event: 14.035 Loading class java/lang/invoke/BoundMethodHandle$Species_LLLLLLLLLLL
Event: 14.035 Loading class java/lang/invoke/BoundMethodHandle$Species_LLLLLLLLLLL done
Event: 14.036 Loading class java/lang/invoke/BoundMethodHandle$Species_LLLLLLLLLLLL
Event: 14.036 Loading class java/lang/invoke/BoundMethodHandle$Species_LLLLLLLLLLLL done
Event: 14.037 Loading class java/lang/invoke/BoundMethodHandle$Species_LLLLLLLLLLLLL
Event: 14.037 Loading class java/lang/invoke/BoundMethodHandle$Species_LLLLLLLLLLLLL done
Event: 14.185 Loading class java/lang/StackTraceElement$HashedModules
Event: 14.186 Loading class java/lang/StackTraceElement$HashedModules done
Event: 14.253 Loading class sun/net/www/protocol/https/Handler
Event: 14.254 Loading class sun/net/www/protocol/https/Handler done

Classes unloaded (0 events):
No events

Classes redefined (0 events):
No events

Internal exceptions (20 events):
Event: 10.097 Thread 0x000001ea68179570 Exception <a 'java/lang/NoSuchMethodError'{0x0000000084279f88}: 'java.lang.Object java.lang.invoke.Invokers$Holder.linkToTargetMethod(java.lang.Object, java.lang.Object, int, java.lang.Object)'> (0x0000000084279f88) 
thrown [s\src\hotspot\share\interpreter\linkResolver.cpp, line 759]
Event: 10.149 Thread 0x000001ea6817a4a0 Exception <a 'java/lang/NoSuchMethodError'{0x0000000084074250}: 'int java.lang.invoke.DirectMethodHandle$Holder.invokeSpecialIFC(java.lang.Object, java.lang.Object, java.lang.Object, java.lang.Object, java.lang.Object)'> (0x0000000084074250) 
thrown [s\src\hotspot\share\interpreter\linkResolver.cpp, line 759]
Event: 11.876 Thread 0x000001ea6817a4a0 Exception <a 'java/lang/NoSuchMethodError'{0x0000000083fa3c90}: 'java.lang.Object java.lang.invoke.DirectMethodHandle$Holder.newInvokeSpecial(java.lang.Object, java.lang.Object, long, java.lang.Object, java.lang.Object, java.lang.Object)'> (0x0000000083fa3c90) 
thrown [s\src\hotspot\share\interpreter\linkResolver.cpp, line 759]
Event: 11.882 Thread 0x000001ea6817a4a0 Exception <a 'java/lang/NoSuchMethodError'{0x0000000083fc8ee0}: 'void java.lang.invoke.DirectMethodHandle$Holder.invokeSpecial(java.lang.Object, java.lang.Object, java.lang.Object, java.lang.Object, java.lang.Object, java.lang.Object, java.lang.Object)'> (0x0000000083fc8ee0) 
thrown [s\src\hotspot\share\interpreter\linkResolver.cpp, line 759]
Event: 11.908 Thread 0x000001ea46ee0210 Exception <a 'java/lang/NoSuchMethodError'{0x0000000084444398}: 'java.lang.Object java.lang.invoke.DirectMethodHandle$Holder.invokeSpecialIFC(java.lang.Object, java.lang.Object, java.lang.Object)'> (0x0000000084444398) 
thrown [s\src\hotspot\share\interpreter\linkResolver.cpp, line 759]
Event: 12.134 Thread 0x000001ea46ee0210 Exception <a 'java/lang/ClassNotFoundException'{0x000000008374a080}: sun/util/logging/resources/spi/loggingProvider> (0x000000008374a080) 
thrown [s\src\hotspot\share\classfile\systemDictionary.cpp, line 256]
Event: 14.013 Thread 0x000001ea46ee0210 Exception <a 'java/lang/NoSuchMethodError'{0x0000000085493578}: 'java.lang.Object java.lang.invoke.DirectMethodHandle$Holder.newInvokeSpecial(java.lang.Object, java.lang.Object, java.lang.Object, java.lang.Object, java.lang.Object, java.lang.Object)'> (0x0000000085493578) 
thrown [s\src\hotspot\share\interpreter\linkResolver.cpp, line 759]
Event: 14.042 Thread 0x000001ea46ee0210 Exception <a 'java/lang/NoSuchMethodError'{0x00000000853138f0}: 'java.lang.Object java.lang.invoke.DirectMethodHandle$Holder.invokeSpecial(java.lang.Object, java.lang.Object, long, java.lang.Object, java.lang.Object, java.lang.Object, java.lang.Object, int, java.lang.Object, int)'> (0x00000000853138f0) 
thrown [s\src\hotspot\share\interpreter\linkResolver.cpp, line 759]
Event: 14.043 Thread 0x000001ea46ee0210 Exception <a 'java/lang/NoSuchMethodError'{0x00000000853183f8}: 'java.lang.Object java.lang.invoke.DelegatingMethodHandle$Holder.reinvoke_L(java.lang.Object, long, java.lang.Object, java.lang.Object, java.lang.Object, java.lang.Object, int, java.lang.Object, int)'> (0x00000000853183f8) 
thrown [s\src\hotspot\share\interpreter\linkResolver.cpp, line 759]
Event: 14.047 Thread 0x000001ea46ee0210 Exception <a 'java/lang/NoSuchMethodError'{0x000000008532eb48}: 'java.lang.Object java.lang.invoke.DirectMethodHandle$Holder.invokeSpecial(java.lang.Object, java.lang.Object, java.lang.Object, java.lang.Object, java.lang.Object, java.lang.Object, int, java.lang.Object, int)'> (0x000000008532eb48) 
thrown [s\src\hotspot\share\interpreter\linkResolver.cpp, line 759]
Event: 14.176 Thread 0x000001ea46ee0210 Exception <a 'java/lang/ClassNotFoundException'{0x00000000850807b8}: com/kms/katalon/core/webui/driver/DriverFactoryBeanInfo> (0x00000000850807b8) 
thrown [s\src\hotspot\share\classfile\systemDictionary.cpp, line 256]
Event: 14.179 Thread 0x000001ea46ee0210 Exception <a 'java/lang/ClassNotFoundException'{0x00000000850a0dd8}: com/kms/katalon/core/webui/driver/DriverFactoryCustomizer> (0x00000000850a0dd8) 
thrown [s\src\hotspot\share\classfile\systemDictionary.cpp, line 256]
Event: 14.226 Thread 0x000001ea46ee0210 Exception <a 'java/lang/ClassNotFoundException'{0x0000000084e05c78}: com/kms/katalon/core/webui/keyword/builtin/NavigateToUrlKeywordBeanInfo> (0x0000000084e05c78) 
thrown [s\src\hotspot\share\classfile\systemDictionary.cpp, line 256]
Event: 14.235 Thread 0x000001ea46ee0210 Exception <a 'java/lang/ClassNotFoundException'{0x0000000084e271a8}: com/kms/katalon/core/webui/keyword/builtin/NavigateToUrlKeywordCustomizer> (0x0000000084e271a8) 
thrown [s\src\hotspot\share\classfile\systemDictionary.cpp, line 256]
Event: 32.637 Thread 0x000001ea46ee0210 Exception <a 'java/lang/ClassNotFoundException'{0x0000000084cad760}: com/kms/katalon/core/testobject/ObjectRepositoryBeanInfo> (0x0000000084cad760) 
thrown [s\src\hotspot\share\classfile\systemDictionary.cpp, line 256]
Event: 32.639 Thread 0x000001ea46ee0210 Exception <a 'java/lang/ClassNotFoundException'{0x0000000084ccc860}: com/kms/katalon/core/testobject/ObjectRepositoryCustomizer> (0x0000000084ccc860) 
thrown [s\src\hotspot\share\classfile\systemDictionary.cpp, line 256]
Event: 34.711 Thread 0x000001ea46ee0210 Exception <a 'java/lang/ClassNotFoundException'{0x0000000084910958}: Script1BeanInfo> (0x0000000084910958) 
thrown [s\src\hotspot\share\classfile\systemDictionary.cpp, line 256]
Event: 34.714 Thread 0x000001ea46ee0210 Exception <a 'java/lang/ClassNotFoundException'{0x0000000084933c68}: Script1Customizer> (0x0000000084933c68) 
thrown [s\src\hotspot\share\classfile\systemDictionary.cpp, line 256]
Event: 34.760 Thread 0x000001ea46ee0210 Exception <a 'java/lang/ClassNotFoundException'{0x00000000848ac688}: com/kms/katalon/core/webui/keyword/builtin/ClickKeywordBeanInfo> (0x00000000848ac688) 
thrown [s\src\hotspot\share\classfile\systemDictionary.cpp, line 256]
Event: 34.762 Thread 0x000001ea46ee0210 Exception <a 'java/lang/ClassNotFoundException'{0x00000000848cc990}: com/kms/katalon/core/webui/keyword/builtin/ClickKeywordCustomizer> (0x00000000848cc990) 
thrown [s\src\hotspot\share\classfile\systemDictionary.cpp, line 256]

VM Operations (20 events):
Event: 12.215 Executing VM operation: G1CollectForAllocation done
Event: 13.230 Executing VM operation: Cleanup
Event: 13.230 Executing VM operation: Cleanup done
Event: 13.888 Executing VM operation: HandshakeAllThreads
Event: 13.888 Executing VM operation: HandshakeAllThreads done
Event: 14.075 Executing VM operation: ICBufferFull
Event: 14.076 Executing VM operation: ICBufferFull done
Event: 15.078 Executing VM operation: Cleanup
Event: 15.078 Executing VM operation: Cleanup done
Event: 32.217 Executing VM operation: Cleanup
Event: 32.218 Executing VM operation: Cleanup done
Event: 32.660 Executing VM operation: HandshakeAllThreads
Event: 33.652 Executing VM operation: HandshakeAllThreads done
Event: 33.652 Executing VM operation: Cleanup
Event: 33.652 Executing VM operation: Cleanup done
Event: 34.661 Executing VM operation: Cleanup
Event: 34.661 Executing VM operation: Cleanup done
Event: 35.675 Executing VM operation: Cleanup
Event: 35.799 Executing VM operation: Cleanup done
Event: 36.811 Executing VM operation: Cleanup

Memory protections (0 events):
No events

Nmethod flushes (20 events):
Event: 9.066 Thread 0x000001ea650d2ab0 flushing  nmethod 0x000001ea4ab64e10
Event: 9.066 Thread 0x000001ea650d2ab0 flushing  nmethod 0x000001ea4ab65290
Event: 9.066 Thread 0x000001ea650d2ab0 flushing  nmethod 0x000001ea4ab6ce90
Event: 9.066 Thread 0x000001ea650d2ab0 flushing  nmethod 0x000001ea4ab6df10
Event: 9.066 Thread 0x000001ea650d2ab0 flushing  nmethod 0x000001ea4ab6f610
Event: 9.067 Thread 0x000001ea650d2ab0 flushing  nmethod 0x000001ea4abf5910
Event: 9.067 Thread 0x000001ea650d2ab0 flushing  nmethod 0x000001ea4abf5f10
Event: 9.067 Thread 0x000001ea650d2ab0 flushing  nmethod 0x000001ea4abf6290
Event: 9.067 Thread 0x000001ea650d2ab0 flushing  nmethod 0x000001ea4abf6610
Event: 9.067 Thread 0x000001ea650d2ab0 flushing  nmethod 0x000001ea4abf6990
Event: 9.067 Thread 0x000001ea650d2ab0 flushing  nmethod 0x000001ea4abf6f10
Event: 9.067 Thread 0x000001ea650d2ab0 flushing  nmethod 0x000001ea4abf7290
Event: 9.067 Thread 0x000001ea650d2ab0 flushing  nmethod 0x000001ea4abf7610
Event: 9.067 Thread 0x000001ea650d2ab0 flushing  nmethod 0x000001ea4abf8010
Event: 9.067 Thread 0x000001ea650d2ab0 flushing  nmethod 0x000001ea4ac4ad10
Event: 9.067 Thread 0x000001ea650d2ab0 flushing  nmethod 0x000001ea4ac50190
Event: 9.067 Thread 0x000001ea650d2ab0 flushing  nmethod 0x000001ea4acae210
Event: 9.067 Thread 0x000001ea650d2ab0 flushing  nmethod 0x000001ea4acb0090
Event: 9.067 Thread 0x000001ea650d2ab0 flushing  nmethod 0x000001ea4acb0990
Event: 9.067 Thread 0x000001ea650d2ab0 flushing  nmethod 0x000001ea4acb3690

Events (20 events):
Event: 9.806 Thread 0x000001ea6749a3e0 Thread added: 0x000001ea68179a80
Event: 9.927 Thread 0x000001ea68179a80 Thread added: 0x000001ea68179f90
Event: 10.044 Thread 0x000001ea46ee0210 Thread added: 0x000001ea68179570
Event: 10.049 Thread 0x000001ea46ee0210 Thread added: 0x000001ea6817bdf0
Event: 10.145 Thread 0x000001ea67498580 Thread added: 0x000001ea6817a4a0
Event: 10.147 Thread 0x000001ea6532df10 Thread exited: 0x000001ea6532df10
Event: 10.148 Thread 0x000001ea67498580 Thread added: 0x000001ea6817a9b0
Event: 10.149 Thread 0x000001ea67498580 Thread added: 0x000001ea6817aec0
Event: 12.002 Thread 0x000001ea46ee0210 Thread added: 0x000001ea6817b3d0
Event: 12.027 Thread 0x000001ea46ee0210 Thread added: 0x000001ea6817b8e0
Event: 12.029 Thread 0x000001ea6817b3d0 Thread added: 0x000001ea6817c810
Event: 12.029 Thread 0x000001ea6817b3d0 Thread added: 0x000001ea68179060
Event: 12.075 Thread 0x000001ea46ee0210 Thread added: 0x000001ea6817fab0
Event: 12.076 Thread 0x000001ea46ee0210 Thread added: 0x000001ea6817dc50
Event: 12.079 Thread 0x000001ea6817fab0 Thread added: 0x000001ea6817ffc0
Event: 12.080 Thread 0x000001ea6817fab0 Thread added: 0x000001ea6817f090
Event: 12.080 Thread 0x000001ea6817fab0 Thread added: 0x000001ea6817cd20
Event: 12.445 Thread 0x000001ea68179060 Thread added: 0x000001ea681809e0
Event: 14.939 Thread 0x000001ea68179f90 Thread exited: 0x000001ea68179f90
Event: 33.642 Thread 0x000001ea650d00a0 Thread added: 0x000001ea67fd92a0


Dynamic libraries:
0x00007ff7550a0000 - 0x00007ff7550ae000 	C:\Users\dell\.katalon\packages\KSE-10.4.3\jre\bin\javaw.exe
0x00007ff95e5c0000 - 0x00007ff95e827000 	C:\WINDOWS\SYSTEM32\ntdll.dll
0x00007ff95cdd0000 - 0x00007ff95ce99000 	C:\WINDOWS\System32\KERNEL32.DLL
0x00007ff95bbf0000 - 0x00007ff95bfdf000 	C:\WINDOWS\System32\KERNELBASE.dll
0x00007ff9581b0000 - 0x00007ff95824f000 	C:\WINDOWS\SYSTEM32\apphelp.dll
0x00007ff95c160000 - 0x00007ff95c2ab000 	C:\WINDOWS\System32\ucrtbase.dll
0x00007ff947b10000 - 0x00007ff947b27000 	C:\Users\dell\.katalon\packages\KSE-10.4.3\jre\bin\jli.dll
0x00007ff947af0000 - 0x00007ff947b0e000 	C:\Users\dell\.katalon\packages\KSE-10.4.3\jre\bin\VCRUNTIME140.dll
0x00007ff95c960000 - 0x00007ff95cb25000 	C:\WINDOWS\System32\USER32.dll
0x00007ff95bb00000 - 0x00007ff95bb27000 	C:\WINDOWS\System32\win32u.dll
0x00007ff95d8c0000 - 0x00007ff95d8eb000 	C:\WINDOWS\System32\GDI32.dll
0x00007ff95b7a0000 - 0x00007ff95b8cc000 	C:\WINDOWS\System32\gdi32full.dll
0x00007ff95c2b0000 - 0x00007ff95c353000 	C:\WINDOWS\System32\msvcp_win.dll
0x00007ff93b6a0000 - 0x00007ff93b933000 	C:\WINDOWS\WinSxS\amd64_microsoft.windows.common-controls_6595b64144ccf1df_6.0.26100.7309_none_3e05feeae336a044\COMCTL32.dll
0x00007ff95c550000 - 0x00007ff95c5f9000 	C:\WINDOWS\System32\msvcrt.dll
0x00007ff95cea0000 - 0x00007ff95ced1000 	C:\WINDOWS\System32\IMM32.DLL
0x00007ff955fc0000 - 0x00007ff955fcc000 	C:\Users\dell\.katalon\packages\KSE-10.4.3\jre\bin\vcruntime140_1.dll
0x00007ff947180000 - 0x00007ff94720d000 	C:\Users\dell\.katalon\packages\KSE-10.4.3\jre\bin\msvcp140.dll
0x00007ff89c850000 - 0x00007ff89d4bb000 	C:\Users\dell\.katalon\packages\KSE-10.4.3\jre\bin\server\jvm.dll
0x00007ff95d3f0000 - 0x00007ff95d4a4000 	C:\WINDOWS\System32\ADVAPI32.dll
0x00007ff95d5f0000 - 0x00007ff95d696000 	C:\WINDOWS\System32\sechost.dll
0x00007ff95d4b0000 - 0x00007ff95d5c8000 	C:\WINDOWS\System32\RPCRT4.dll
0x00007ff95cee0000 - 0x00007ff95cf54000 	C:\WINDOWS\System32\WS2_32.dll
0x00007ff95b570000 - 0x00007ff95b5ce000 	C:\WINDOWS\SYSTEM32\POWRPROF.dll
0x00007ff952d30000 - 0x00007ff952d65000 	C:\WINDOWS\SYSTEM32\WINMM.dll
0x00007ff94ae60000 - 0x00007ff94ae6b000 	C:\WINDOWS\SYSTEM32\VERSION.dll
0x00007ff95b550000 - 0x00007ff95b564000 	C:\WINDOWS\SYSTEM32\UMPDC.dll
0x00007ff95a460000 - 0x00007ff95a47b000 	C:\WINDOWS\SYSTEM32\kernel.appcore.dll
0x00007ff94b430000 - 0x00007ff94b43a000 	C:\Users\dell\.katalon\packages\KSE-10.4.3\jre\bin\jimage.dll
0x00007ff958260000 - 0x00007ff9584a2000 	C:\WINDOWS\SYSTEM32\DBGHELP.DLL
0x00007ff95cf60000 - 0x00007ff95d2e5000 	C:\WINDOWS\System32\combase.dll
0x00007ff95c600000 - 0x00007ff95c6d6000 	C:\WINDOWS\System32\OLEAUT32.dll
0x00007ff9395f0000 - 0x00007ff93962c000 	C:\WINDOWS\SYSTEM32\dbgcore.DLL
0x00007ff95b8d0000 - 0x00007ff95b975000 	C:\WINDOWS\System32\bcryptPrimitives.dll
0x00007ff948980000 - 0x00007ff9489a5000 	C:\Users\dell\.katalon\packages\KSE-10.4.3\jre\bin\java.dll
0x00007ff948c70000 - 0x00007ff948c88000 	C:\Users\dell\.katalon\packages\KSE-10.4.3\jre\bin\zip.dll
0x00007ff95de10000 - 0x00007ff95e563000 	C:\WINDOWS\System32\SHELL32.dll
0x00007ff95bff0000 - 0x00007ff95c15a000 	C:\WINDOWS\System32\wintypes.dll
0x00007ff959330000 - 0x00007ff959b8e000 	C:\WINDOWS\SYSTEM32\windows.storage.dll
0x00007ff95c450000 - 0x00007ff95c545000 	C:\WINDOWS\System32\SHCORE.dll
0x00007ff95c750000 - 0x00007ff95c7b6000 	C:\WINDOWS\System32\shlwapi.dll
0x00007ff95b630000 - 0x00007ff95b659000 	C:\WINDOWS\SYSTEM32\profapi.dll
0x00007ff947930000 - 0x00007ff947949000 	C:\Users\dell\.katalon\packages\KSE-10.4.3\jre\bin\net.dll
0x00007ff94acf0000 - 0x00007ff94ae18000 	C:\WINDOWS\SYSTEM32\WINHTTP.dll
0x00007ff95aa30000 - 0x00007ff95aa9b000 	C:\WINDOWS\system32\mswsock.dll
0x00007ff947850000 - 0x00007ff947866000 	C:\Users\dell\.katalon\packages\KSE-10.4.3\jre\bin\nio.dll
0x00007ff94b360000 - 0x00007ff94b370000 	C:\Users\dell\.katalon\packages\KSE-10.4.3\jre\bin\verify.dll
0x00007ff94b370000 - 0x00007ff94b379000 	C:\Users\dell\.katalon\packages\KSE-10.4.3\jre\bin\extnet.dll
0x00007ff959fc0000 - 0x00007ff95a0ec000 	C:\WINDOWS\SYSTEM32\DNSAPI.dll
0x00007ff959f80000 - 0x00007ff959fb4000 	C:\WINDOWS\SYSTEM32\IPHLPAPI.DLL
0x00007ff95c6e0000 - 0x00007ff95c6ea000 	C:\WINDOWS\System32\NSI.dll
0x00007ff94b060000 - 0x00007ff94b06b000 	C:\Windows\System32\rasadhlp.dll
0x00007ff94c3c0000 - 0x00007ff94c446000 	C:\WINDOWS\System32\fwpuclnt.dll
0x00007ff948430000 - 0x00007ff94843a000 	C:\Users\dell\.katalon\packages\KSE-10.4.3\jre\bin\management.dll
0x00007ff947840000 - 0x00007ff94784b000 	C:\Users\dell\.katalon\packages\KSE-10.4.3\jre\bin\management_ext.dll
0x00007ff95c740000 - 0x00007ff95c748000 	C:\WINDOWS\System32\PSAPI.DLL
0x00007ff95acf0000 - 0x00007ff95ad0b000 	C:\WINDOWS\SYSTEM32\CRYPTSP.dll
0x00007ff95a420000 - 0x00007ff95a45a000 	C:\WINDOWS\system32\rsaenh.dll
0x00007ff95aae0000 - 0x00007ff95ab0b000 	C:\WINDOWS\SYSTEM32\USERENV.dll
0x00007ff95b600000 - 0x00007ff95b62a000 	C:\WINDOWS\SYSTEM32\bcrypt.dll
0x00007ff95ad10000 - 0x00007ff95ad1c000 	C:\WINDOWS\SYSTEM32\CRYPTBASE.dll
0x00007ff94b900000 - 0x00007ff94b91e000 	C:\WINDOWS\SYSTEM32\dhcpcsvc6.DLL
0x00007ff94b8b0000 - 0x00007ff94b8d3000 	C:\WINDOWS\SYSTEM32\dhcpcsvc.DLL
0x00007ff94b390000 - 0x00007ff94b39e000 	C:\Users\dell\.katalon\packages\KSE-10.4.3\jre\bin\sunmscapi.dll
0x00007ff95b980000 - 0x00007ff95baf7000 	C:\WINDOWS\System32\CRYPT32.dll
0x00007ff95af10000 - 0x00007ff95af40000 	C:\WINDOWS\SYSTEM32\ncrypt.dll
0x00007ff95aec0000 - 0x00007ff95aeff000 	C:\WINDOWS\SYSTEM32\NTASN1.dll
0x00007ff9000a0000 - 0x00007ff9000a8000 	C:\WINDOWS\system32\wshunix.dll

dbghelp: loaded successfully - version: 4.0.5 - missing functions: none
symbol engine: initialized successfully - sym options: 0x614 - pdb path: .;C:\Users\dell\.katalon\packages\KSE-10.4.3\jre\bin;C:\WINDOWS\SYSTEM32;C:\WINDOWS\WinSxS\amd64_microsoft.windows.common-controls_6595b64144ccf1df_6.0.26100.7309_none_3e05feeae336a044;C:\Users\dell\.katalon\packages\KSE-10.4.3\jre\bin\server

VM Arguments:
jvm_args: -Dgroovy.home=C:\Users\dell/.groovy -Djava.system.class.loader=groovy.lang.GroovyClassLoader -Xmx2048m -Dfile.encoding=UTF-8 -Dstdout.encoding=UTF-8 -Dstderr.encoding=UTF-8 -XX:+ShowCodeDetailsInExceptionMessages 
java_command: org.codehaus.groovy.tools.GroovyStarter --classpath C:\Users\dell\Katalon Studio\Project\bin\keyword;C:\Users\dell\Katalon Studio\Project\Keywords;C:\Users\dell\Katalon Studio\Project\bin\listener;C:\Users\dell\Katalon Studio\Project\Test Listeners;C:\Users\dell\Katalon Studio\Project\bin\lib;C:\Users\dell\Katalon Studio\Project\Libs;C:\Users\dell\Katalon Studio\Project\bin\groovy;C:\Users\dell\Katalon Studio\Project\Include\scripts\groovy;C:\Users\dell\.katalon\packages\KSE-10.4.3\plugins\com.kms.katalon.core_1.0.0.202512220625.jar;C:\Users\dell\.katalon\packages\KSE-10.4.3\configuration\resources\lib\aalto-xml-1.0.0.jar;C:\Users\dell\.katalon\packages\KSE-10.4.3\configuration\resources\lib\aws-2.20.3-fat.jar;C:\Users\dell\.katalon\packages\KSE-10.4.3\configuration\resources\lib\browsermob-core-2.1.5.jar;C:\Users\dell\.katalon\packages\KSE-10.4.3\configuration\resources\lib\byte-buddy-1.14.3.jar;C:\Users\dell\.katalon\packages\KSE-10.4.3\configuration\resources\lib\byte-buddy-agent-1.14.3.jar;C:\Users\dell\.katalon\packages\KSE-10.4.3\configuration\resources\lib\commons-codec-1.10.jar;C:\Users\dell\.katalon\packages\KSE-10.4.3\configuration\resources\lib\commons-collections4-4.1.jar;C:\Users\dell\.katalon\packages\KSE-10.4.3\configuration\resources\lib\commons-javaflow-20060411.jar;C:\Users\dell\.katalon\packages\KSE-10.4.3\configuration\resources\lib\commons-logging-1.3.4.jar;C:\Users\dell\.katalon\packages\KSE-10.4.3\configuration\resources\lib\curvesapi-1.04.jar;C:\Users\dell\.katalon\packages\KSE-10.4.3\configuration\resources\lib\dnsjava-3.6.2.jar;C:\Users\dell\.katalon\packages\KSE-10.4.3\configuration\resources\lib\ecj-3.21.0.jar;C:\Users\dell\.katalon\packages\KSE-10.4.3\configuration\resources\lib\fontbox-3.0.4.jar;C:\Users\dell\.katalon\packages\KSE-10.4.3\configuration\resources\lib\groovy-3.0.17.jar;C:\Users\dell\.katalon\packages\KSE-10.4.3\configuration\resources\lib\jackson-coreutils-2.0.jar;C:\Users\dell\.katalon\packages\KSE-10.4.3\
java_class_path (initial): C:\Users\dell\Katalon Studio\Project\bin\keyword;C:\Users\dell\Katalon Studio\Project\bin\listener;C:\Users\dell\Katalon Studio\Project\bin\lib;C:\Users\dell\Katalon Studio\Project\bin\groovy;C:\Users\dell\Katalon Studio\Project\bin;C:\Users\dell\.katalon\packages\KSE-10.4.3\plugins\com.kms.katalon.core_1.0.0.202512220625.jar;C:\Users\dell\.katalon\packages\KSE-10.4.3\configuration\resources\lib\aalto-xml-1.0.0.jar;C:\Users\dell\.katalon\packages\KSE-10.4.3\configuration\resources\lib\aws-2.20.3-fat.jar;C:\Users\dell\.katalon\packages\KSE-10.4.3\configuration\resources\lib\browsermob-core-2.1.5.jar;C:\Users\dell\.katalon\packages\KSE-10.4.3\configuration\resources\lib\byte-buddy-1.14.3.jar;C:\Users\dell\.katalon\packages\KSE-10.4.3\configuration\resources\lib\byte-buddy-agent-1.14.3.jar;C:\Users\dell\.katalon\packages\KSE-10.4.3\configuration\resources\lib\commons-codec-1.10.jar;C:\Users\dell\.katalon\packages\KSE-10.4.3\configuration\resources\lib\commons-collections4-4.1.jar;C:\Users\dell\.katalon\packages\KSE-10.4.3\configuration\resources\lib\commons-javaflow-20060411.jar;C:\Users\dell\.katalon\packages\KSE-10.4.3\configuration\resources\lib\commons-logging-1.3.4.jar;C:\Users\dell\.katalon\packages\KSE-10.4.3\configuration\resources\lib\curvesapi-1.04.jar;C:\Users\dell\.katalon\packages\KSE-10.4.3\configuration\resources\lib\dnsjava-3.6.2.jar;C:\Users\dell\.katalon\packages\KSE-10.4.3\configuration\resources\lib\ecj-3.21.0.jar;C:\Users\dell\.katalon\packages\KSE-10.4.3\configuration\resources\lib\fontbox-3.0.4.jar;C:\Users\dell\.katalon\packages\KSE-10.4.3\configuration\resources\lib\groovy-3.0.17.jar;C:\Users\dell\.katalon\packages\KSE-10.4.3\configuration\resources\lib\jackson-coreutils-2.0.jar;C:\Users\dell\.katalon\packages\KSE-10.4.3\configuration\resources\lib\jackson-coreutils-equivalence-1.0.jar;C:\Users\dell\.katalon\packages\KSE-10.4.3\configuration\resources\lib\jasperreports-6.20.5.jar;C:\Users\dell\.katalon\packages\KSE-
Launcher Type: SUN_STANDARD

[Global flags]
     intx CICompilerCount                          = 4                                         {product} {ergonomic}
     uint ConcGCThreads                            = 2                                         {product} {ergonomic}
     uint G1ConcRefinementThreads                  = 8                                         {product} {ergonomic}
   size_t G1HeapRegionSize                         = 1048576                                   {product} {ergonomic}
    uintx GCDrainStackTargetSize                   = 64                                        {product} {ergonomic}
   size_t InitialHeapSize                          = 130023424                                 {product} {ergonomic}
   size_t MarkStackSize                            = 4194304                                   {product} {ergonomic}
   size_t MaxHeapSize                              = 2147483648                                {product} {command line}
   size_t MaxNewSize                               = 1287651328                                {product} {ergonomic}
   size_t MinHeapDeltaBytes                        = 1048576                                   {product} {ergonomic}
   size_t MinHeapSize                              = 8388608                                   {product} {ergonomic}
    uintx NonNMethodCodeHeapSize                   = 5839372                                {pd product} {ergonomic}
    uintx NonProfiledCodeHeapSize                  = 122909434                              {pd product} {ergonomic}
    uintx ProfiledCodeHeapSize                     = 122909434                              {pd product} {ergonomic}
    uintx ReservedCodeCacheSize                    = 251658240                              {pd product} {ergonomic}
     bool SegmentedCodeCache                       = true                                      {product} {ergonomic}
     bool ShowCodeDetailsInExceptionMessages       = true                                   {manageable} {command line}
   size_t SoftMaxHeapSize                          = 2147483648                             {manageable} {ergonomic}
     bool UseCompressedClassPointers               = true                           {product lp64_product} {ergonomic}
     bool UseCompressedOops                        = true                           {product lp64_product} {ergonomic}
     bool UseG1GC                                  = true                                      {product} {ergonomic}
     bool UseLargePagesIndividualAllocation        = false                                  {pd product} {ergonomic}

Logging:
Log output configuration:
 #0: stdout all=warning uptime,level,tags
 #1: stderr all=off uptime,level,tags

Environment Variables:
PATH=C:/Users/dell/.katalon/packages/KSE-10.4.3/jre/bin/server;C:/Users/dell/.katalon/packages/KSE-10.4.3/jre/bin;C:\Python314\Scripts\;C:\Python314\;C:\Program Files\Common Files\Oracle\Java\javapath;C:\Windows\system32;C:\Windows;C:\Windows\System32\Wbem;C:\Windows\System32\WindowsPowerShell\v1.0\;C:\Windows\System32\OpenSSH\;C:\Program Files\NVIDIA Corporation\NVIDIA NvDLISR;C:\WINDOWS\system32;C:\WINDOWS;C:\WINDOWS\System32\Wbem;C:\WINDOWS\System32\WindowsPowerShell\v1.0\;C:\WINDOWS\System32\OpenSSH\;C:\Program Files\Microsoft SQL Server\Client SDK\ODBC\170\Tools\Binn\;C:\Program Files (x86)\Microsoft SQL Server\150\Tools\Binn\;C:\Program Files\Microsoft SQL Server\150\Tools\Binn\;C:\Program Files\Microsoft SQL Server\150\DTS\Binn\;C:\Program Files\dotnet\;C:\oraclexe\sqldeveloper\jdk\jre\bin;C:\Program Files\Java\jdk-11\bin;C:\allure-2.9.0\bin;C:\allure-2.23.1\bin;C:\Users\dell\AppData\Local\Programs\Python\Python311\Scripts;C:\Program Files (x86)\Microsoft SQL Server\110\Tools\Binn\ManagementStudio\;C:\Program Files (x86)\Microsoft SQL Server\110\Tools\Binn\;C:\Program Files (x86)\Microsoft Visual Studio 11.0\Common7\IDE\PrivateAssemblies\;C:\Program Files (x86)\Microsoft SQL Server\110\DTS\Binn\;C:\Program Files\nodejs\;C:\ProgramData\chocolatey\bin;C:\Users\dell\AppData\Local\Microsoft\WindowsApps;;G:\Python\PyCharm Community Edition 2023.1.3\bin;;C:\Users\dell\AppData\Roaming\npm;C:\Users\dell\AppData\Local\Programs\Microsoft VS Code\bin;C:\Users\dell\.katalon\packages\KSE-10.4.3;
USERNAME=dell
OS=Windows_NT
PROCESSOR_IDENTIFIER=Intel64 Family 6 Model 140 Stepping 1, GenuineIntel
TMP=C:\Users\dell\AppData\Local\Temp
TEMP=C:\Users\dell\AppData\Local\Temp



Periodic native trim disabled


---------------  S Y S T E M  ---------------

OS:
 Windows 11 , 64 bit Build 26100 (10.0.26100.7309)
OS uptime: 23 days 0:41 hours

CPU: total 8 (initial active 8) (4 cores per cpu, 2 threads per core) family 6 model 140 stepping 1 microcode 0xbc, cx8, cmov, fxsr, ht, mmx, 3dnowpref, sse, sse2, sse3, ssse3, sse4.1, sse4.2, popcnt, lzcnt, tsc, tscinvbit, avx, avx2, aes, erms, clmul, bmi1, bmi2, adx, avx512f, avx512dq, avx512cd, avx512bw, avx512vl, sha, fma, vzeroupper, avx512_vpopcntdq, avx512_vpclmulqdq, avx512_vaes, avx512_vnni, clflush, clflushopt, clwb, avx512_vbmi2, avx512_vbmi
Processor Information for all 8 processors :
  Max Mhz: 2419, Current Mhz: 2419, Mhz Limit: 2419

Memory: 4k page, system-wide physical 7926M (520M free)
TotalPageFile size 28406M (AvailPageFile size 0M)
current process WorkingSet (physical memory assigned to process): 112M, peak: 259M
current process commit charge ("private bytes"): 301M, peak: 315M

vm_info: OpenJDK 64-Bit Server VM (17.0.14+7) for windows-amd64 JRE (17.0.14+7), built on Jan 21 2025 23:40:15 by "admin" with MS VC++ 17.7 (VS2022)

END.
